0000-                  2          ;---------------------------------------------------------------------------
0000-                  3          ;   avr.asm
0000-                  4          ;
0000-                  5          ;   Opcode test for the SB-Assembler AVR cross family
0000-                  6          ;
0000-                  7          ;   Valid for Minimal core, classic core up to 8K, classic core up to 128k
0000-                  8          ;
0000-                  9          ;---------------------------------------------------------------------------
0000-                 10
0000-                 11                          .CR     AVR     And now for something completely different
0000-                 12                          .FA     avr
0000-                 13
0000-                 14                          .TF     test.hex, int
2000-                 15                          .OR     $2000   Avoid range errors for jumps and calls
2000-                 17
2000-                 18          ;---------------------------------------------------------------------------
2000-                 19          ; Inherent addressing mode
2000-                 20          ;---------------------------------------------------------------------------
2000-                 21
2000-88 94            22 (     1)                 CLC
2001-D8 94            23 (     1)                 CLH
2002-F8 94            24 (     1)                 CLI
2003-A8 94            25 (     1)                 CLN
2004-C8 94            26 (     1)                 CLS
2005-E8 94            27 (     1)                 CLT
2006-B8 94            28 (     1)                 CLV
2007-98 94            29 (     1)                 CLZ
2008-09 95            30 (2/3/4*)                 ICALL       Instruction not available on all devices
2009-09 94            31 (     2)                 IJMP        Instruction not available on all devices
200A-00 00            32 (     1)                 NOP
200B-08 95            33 (  4/5*)                 RET
200C-18 95            34 (  4/5*)                 RETI
200D-08 94            35 (     1)                 SEC
200E-58 94            36 (     1)                 SEH
200F-78 94            37 (     1)                 SEI
2010-28 94            38 (     1)                 SEN
2011-48 94            39 (     1)                 SES
2012-68 94            40 (     1)                 SET
2013-38 94            41 (     1)                 SEV
2014-18 94            42 (     1)                 SEZ
2015-88 95            43 (     1)                 SLEEP
2016-A8 95            44 (     1)                 WDR
2017-                 45
2017-                 46          ;---------------------------------------------------------------------------
2017-                 47          ; Register pair operand instructions
2017-                 48          ;---------------------------------------------------------------------------
2017-                 49
2017-11 1C            50 (     1)                 ADC     R1, R1
2018-12 1C            51 (     1)                 ADC     R1, R2
2019-14 1C            52 (     1)                 ADC     R1, R4
201A-18 1C            53 (     1)                 ADC     R1, R8
201B-10 1E            54 (     1)                 ADC     R1, R16
201C-21 1C            55 (     1)                 ADC     R2, R1
201D-41 1C            56 (     1)                 ADC     R4, R1
201E-81 1C            57 (     1)                 ADC     R8, R1
201F-01 1D            58 (     1)                 ADC     R16, R1
2020-                 59
2020-11 0C            60 (     1)                 ADD     1, 1            Numeric values are translated to
2021-12 0C            61 (     1)                 ADD     1, 2             registers automatically
2022-14 0C            62 (     1)                 ADD     1, 4
2023-18 0C            63 (     1)                 ADD     1, 8
2024-10 0E            64 (     1)                 ADD     1, 16
2025-21 0C            65 (     1)                 ADD     2, 1
2026-41 0C            66 (     1)                 ADD     4, 1
2027-81 0C            67 (     1)                 ADD     8, 1
2028-01 0D            68 (     1)                 ADD     16, 1
2029-                 69
2029-11 20            70 (     1)                 AND     R1, R1
202A-12 20            71 (     1)                 AND     R1, R2
202B-14 20            72 (     1)                 AND     R1, R4
202C-18 20            73 (     1)                 AND     R1, R8
202D-10 22            74 (     1)                 AND     R1, R16
202E-21 20            75 (     1)                 AND     R2, R1
202F-41 20            76 (     1)                 AND     R4, R1
2030-81 20            77 (     1)                 AND     R8, R1
2031-01 21            78 (     1)                 AND     R16, R1
2032-                 79
2032-11 14            80 (     1)                 CP      R1, R1
2033-12 14            81 (     1)                 CP      R1, R2
2034-14 14            82 (     1)                 CP      R1, R4
2035-18 14            83 (     1)                 CP      R1, R8
2036-10 16            84 (     1)                 CP      R1, R16
2037-21 14            85 (     1)                 CP      R2, R1
2038-41 14            86 (     1)                 CP      R4, R1
2039-81 14            87 (     1)                 CP      R8, R1
203A-01 15            88 (     1)                 CP      R16, R1
203B-                 89
203B-11 04            90 (     1)                 CPC     R1, R1
203C-12 04            91 (     1)                 CPC     R1, R2
203D-14 04            92 (     1)                 CPC     R1, R4
203E-18 04            93 (     1)                 CPC     R1, R8
203F-10 06            94 (     1)                 CPC     R1, R16
2040-21 04            95 (     1)                 CPC     R2, R1
2041-41 04            96 (     1)                 CPC     R4, R1
2042-81 04            97 (     1)                 CPC     R8, R1
2043-01 05            98 (     1)                 CPC     R16, R1
2044-                 99
2044-11 10           100 ( 1/2/3)                 CPSE    R1, R1
2045-12 10           101 ( 1/2/3)                 CPSE    R1, R2
2046-14 10           102 ( 1/2/3)                 CPSE    R1, R4
2047-18 10           103 ( 1/2/3)                 CPSE    R1, R8
2048-10 12           104 ( 1/2/3)                 CPSE    R1, R16
2049-21 10           105 ( 1/2/3)                 CPSE    R2, R1
204A-41 10           106 ( 1/2/3)                 CPSE    R4, R1
204B-81 10           107 ( 1/2/3)                 CPSE    R8, R1
204C-01 11           108 ( 1/2/3)                 CPSE    R16, R1
204D-                109
204D-11 24           110 (     1)                 EOR     R1, R1
204E-12 24           111 (     1)                 EOR     R1, R2
204F-14 24           112 (     1)                 EOR     R1, R4
2050-18 24           113 (     1)                 EOR     R1, R8
2051-10 26           114 (     1)                 EOR     R1, R16
2052-21 24           115 (     1)                 EOR     R2, R1
2053-41 24           116 (     1)                 EOR     R4, R1
2054-81 24           117 (     1)                 EOR     R8, R1
2055-01 25           118 (     1)                 EOR     R16, R1
2056-                119
2056-11 2C           120 (     1)                 MOV     R1, R1
2057-12 2C           121 (     1)                 MOV     R1, R2
2058-14 2C           122 (     1)                 MOV     R1, R4
2059-18 2C           123 (     1)                 MOV     R1, R8
205A-10 2E           124 (     1)                 MOV     R1, R16
205B-21 2C           125 (     1)                 MOV     R2, R1
205C-41 2C           126 (     1)                 MOV     R4, R1
205D-81 2C           127 (     1)                 MOV     R8, R1
205E-01 2D           128 (     1)                 MOV     R16, R1
205F-                129
205F-11 28           130 (     1)                 OR      R1, R1
2060-12 28           131 (     1)                 OR      R1, R2
2061-14 28           132 (     1)                 OR      R1, R4
2062-18 28           133 (     1)                 OR      R1, R8
2063-10 2A           134 (     1)                 OR      R1, R16
2064-21 28           135 (     1)                 OR      R2, R1
2065-41 28           136 (     1)                 OR      R4, R1
2066-81 28           137 (     1)                 OR      R8, R1
2067-01 29           138 (     1)                 OR      R16, R1
2068-                139
2068-11 08           140 (     1)                 SBC     R1, R1
2069-12 08           141 (     1)                 SBC     R1, R2
206A-14 08           142 (     1)                 SBC     R1, R4
206B-18 08           143 (     1)                 SBC     R1, R8
206C-10 0A           144 (     1)                 SBC     R1, R16
206D-21 08           145 (     1)                 SBC     R2, R1
206E-41 08           146 (     1)                 SBC     R4, R1
206F-81 08           147 (     1)                 SBC     R8, R1
2070-01 09           148 (     1)                 SBC     R16, R1
2071-                149
2071-11 18           150 (     1)                 SUB     R1, R1
2072-12 18           151 (     1)                 SUB     R1, R2
2073-14 18           152 (     1)                 SUB     R1, R4
2074-18 18           153 (     1)                 SUB     R1, R8
2075-10 1A           154 (     1)                 SUB     R1, R16
2076-21 18           155 (     1)                 SUB     R2, R1
2077-41 18           156 (     1)                 SUB     R4, R1
2078-81 18           157 (     1)                 SUB     R8, R1
2079-01 19           158 (     1)                 SUB     R16, R1
207A-                159
207A-                160          ;---------------------------------------------------------------------------
207A-                161          ; Register immediate operand instructions
207A-                162          ;---------------------------------------------------------------------------
207A-                163
207A-01 96           164 (     1)                 ADIW    R24, 1      Constant value is not checked on range
207B-12 96           165 (     1)                 ADIW    R26, 2      Instruction not available on all devices
207C-24 96           166 (     1)                 ADIW    R28, 4
207D-38 96           167 (     1)                 ADIW    R30, 8
207E-40 96           168 (     1)                 ADIW    R24, 16
207F-90 96           169 (     1)                 ADIW    R26, 32
2080-21 96           170 (     1)                 ADIW    R28, 1
2081-32 96           171 (     1)                 ADIW    R30, 2
2082-04 96           172 (     1)                 ADIW    R24, 4
2083-18 96           173 (     1)                 ADIW    R26, 8
2084-60 96           174 (     1)                 ADIW    R28, 16
2085-B0 96           175 (     1)                 ADIW    R30, 32
2086-                176
2086-11 70           177 (     1)                 ANDI    R17, 1
2087-12 70           178 (     1)                 ANDI    R17, 2
2088-14 70           179 (     1)                 ANDI    R17, 4
2089-18 70           180 (     1)                 ANDI    R17, 8
208A-10 71           181 (     1)                 ANDI    R17, 16
208B-10 72           182 (     1)                 ANDI    R17, 32
208C-10 74           183 (     1)                 ANDI    R17, 64
208D-10 78           184 (     1)                 ANDI    R17, 128
208E-21 70           185 (     1)                 ANDI    R18, 1
208F-41 70           186 (     1)                 ANDI    R20, 1
2090-81 70           187 (     1)                 ANDI    R24, 1
2091-18 77           188 (     1)                 ANDI    R17, #$12345678     # Prefix is optional (use LSB)
2092-16 75           189 (     1)                 ANDI    R17, /$12345678     / Use 2nd LSB
2093-14 73           190 (     1)                 ANDI    R17, =$12345678     = User 2nd MSB
2094-12 71           191 (     1)                 ANDI    R17, \$12345678     \ Use MSB
2095-                192
2095-1E 7F           193 (     1)                 CBR     R17, 1
2096-1D 7F           194 (     1)                 CBR     R17, 2
2097-1B 7F           195 (     1)                 CBR     R17, 4
2098-17 7F           196 (     1)                 CBR     R17, 8
2099-1F 7E           197 (     1)                 CBR     R17, 16
209A-1F 7D           198 (     1)                 CBR     R17, 32
209B-1F 7B           199 (     1)                 CBR     R17, 64
209C-1F 77           200 (     1)                 CBR     R17, 128
209D-2E 7F           201 (     1)                 CBR     R18, 1
209E-4E 7F           202 (     1)                 CBR     R20, 1
209F-8E 7F           203 (     1)                 CBR     R24, 1
20A0-                204
20A0-11 30           205 (     1)                 CPI     R17, 1
20A1-12 30           206 (     1)                 CPI     R17, 2
20A2-14 30           207 (     1)                 CPI     R17, 4
20A3-18 30           208 (     1)                 CPI     R17, 8
20A4-10 31           209 (     1)                 CPI     R17, 16
20A5-10 32           210 (     1)                 CPI     R17, 32
20A6-10 34           211 (     1)                 CPI     R17, 64
20A7-10 38           212 (     1)                 CPI     R17, 128
20A8-21 30           213 (     1)                 CPI     R18, 1
20A9-41 30           214 (     1)                 CPI     R20, 1
20AA-81 30           215 (     1)                 CPI     R24, 1
20AB-                216
20AB-11 E0           217 (     1)                 LDI     R17, 1
20AC-12 E0           218 (     1)                 LDI     R17, 2
20AD-14 E0           219 (     1)                 LDI     R17, 4
20AE-18 E0           220 (     1)                 LDI     R17, 8
20AF-10 E1           221 (     1)                 LDI     R17, 16
20B0-10 E2           222 (     1)                 LDI     R17, 32
20B1-10 E4           223 (     1)                 LDI     R17, 64
20B2-10 E8           224 (     1)                 LDI     R17, 128
20B3-21 E0           225 (     1)                 LDI     R18, 1
20B4-41 E0           226 (     1)                 LDI     R20, 1
20B5-81 E0           227 (     1)                 LDI     R24, 1
20B6-                228
20B6-11 60           229 (     1)                 ORI     R17, 1
20B7-12 60           230 (     1)                 ORI     R17, 2
20B8-14 60           231 (     1)                 ORI     R17, 4
20B9-18 60           232 (     1)                 ORI     R17, 8
20BA-10 61           233 (     1)                 ORI     R17, 16
20BB-10 62           234 (     1)                 ORI     R17, 32
20BC-10 64           235 (     1)                 ORI     R17, 64
20BD-10 68           236 (     1)                 ORI     R17, 128
20BE-21 60           237 (     1)                 ORI     R18, 1
20BF-41 60           238 (     1)                 ORI     R20, 1
20C0-81 60           239 (     1)                 ORI     R24, 1
20C1-                240
20C1-11 40           241 (     1)                 SBCI    R17, 1
20C2-12 40           242 (     1)                 SBCI    R17, 2
20C3-14 40           243 (     1)                 SBCI    R17, 4
20C4-18 40           244 (     1)                 SBCI    R17, 8
20C5-10 41           245 (     1)                 SBCI    R17, 16
20C6-10 42           246 (     1)                 SBCI    R17, 32
20C7-10 44           247 (     1)                 SBCI    R17, 64
20C8-10 48           248 (     1)                 SBCI    R17, 128
20C9-21 40           249 (     1)                 SBCI    R18, 1
20CA-41 40           250 (     1)                 SBCI    R20, 1
20CB-81 40           251 (     1)                 SBCI    R24, 1
20CC-                252
20CC-01 97           253 (     2)                 SBIW    R24, 1      Constant value is not checked on range
20CD-12 97           254 (     2)                 SBIW    R26, 2      Instruction not available on all devices
20CE-24 97           255 (     2)                 SBIW    R28, 4
20CF-38 97           256 (     2)                 SBIW    R30, 8
20D0-40 97           257 (     2)                 SBIW    R24, 16
20D1-90 97           258 (     2)                 SBIW    R26, 32
20D2-21 97           259 (     2)                 SBIW    R28, 1
20D3-32 97           260 (     2)                 SBIW    R30, 2
20D4-04 97           261 (     2)                 SBIW    R24, 4
20D5-18 97           262 (     2)                 SBIW    R26, 8
20D6-60 97           263 (     2)                 SBIW    R28, 16
20D7-B0 97           264 (     2)                 SBIW    R30, 32
20D8-                265
20D8-11 60           266 (     1)                 SBR     R17, 1
20D9-12 60           267 (     1)                 SBR     R17, 2
20DA-14 60           268 (     1)                 SBR     R17, 4
20DB-18 60           269 (     1)                 SBR     R17, 8
20DC-10 61           270 (     1)                 SBR     R17, 16
20DD-10 62           271 (     1)                 SBR     R17, 32
20DE-10 64           272 (     1)                 SBR     R17, 64
20DF-10 68           273 (     1)                 SBR     R17, 128
20E0-21 60           274 (     1)                 SBR     R18, 1
20E1-41 60           275 (     1)                 SBR     R20, 1
20E2-81 60           276 (     1)                 SBR     R24, 1
20E3-                277
20E3-11 50           278 (     1)                 SUBI    R17, 1
20E4-12 50           279 (     1)                 SUBI    R17, 2
20E5-14 50           280 (     1)                 SUBI    R17, 4
20E6-18 50           281 (     1)                 SUBI    R17, 8
20E7-10 51           282 (     1)                 SUBI    R17, 16
20E8-10 52           283 (     1)                 SUBI    R17, 32
20E9-10 54           284 (     1)                 SUBI    R17, 64
20EA-10 58           285 (     1)                 SUBI    R17, 128
20EB-21 50           286 (     1)                 SUBI    R18, 1
20EC-41 50           287 (     1)                 SUBI    R20, 1
20ED-81 50           288 (     1)                 SUBI    R24, 1
20EE-                289
20EE-                290          ;---------------------------------------------------------------------------
20EE-                291          ; Single register operand instructions
20EE-                292          ;---------------------------------------------------------------------------
20EE-                293
20EE-15 94           294 (     1)                 ASR     R1
20EF-25 94           295 (     1)                 ASR     R2
20F0-45 94           296 (     1)                 ASR     R4
20F1-85 94           297 (     1)                 ASR     R8
20F2-05 95           298 (     1)                 ASR     R16
20F3-                299
20F3-11 24           300 (     1)                 CLR     R1
20F4-22 24           301 (     1)                 CLR     R2
20F5-44 24           302 (     1)                 CLR     R4
20F6-88 24           303 (     1)                 CLR     R8
20F7-00 27           304 (     1)                 CLR     R16
20F8-                305
20F8-10 94           306 (     1)                 COM     R1
20F9-20 94           307 (     1)                 COM     R2
20FA-40 94           308 (     1)                 COM     R4
20FB-80 94           309 (     1)                 COM     R8
20FC-00 95           310 (     1)                 COM     R16
20FD-                311
20FD-1A 94           312 (     1)                 DEC     R1
20FE-2A 94           313 (     1)                 DEC     R2
20FF-4A 94           314 (     1)                 DEC     R4
2100-8A 94           315 (     1)                 DEC     R8
2101-0A 95           316 (     1)                 DEC     R16
2102-                317
2102-13 94           318 (     1)                 INC     R1
2103-23 94           319 (     1)                 INC     R2
2104-43 94           320 (     1)                 INC     R4
2105-83 94           321 (     1)                 INC     R8
2106-03 95           322 (     1)                 INC     R16
2107-                323
2107-11 0C           324 (     1)                 LSL     R1
2108-22 0C           325 (     1)                 LSL     R2
2109-44 0C           326 (     1)                 LSL     R4
210A-88 0C           327 (     1)                 LSL     R8
210B-00 0F           328 (     1)                 LSL     R16
210C-                329
210C-16 94           330 (     1)                 LSR     R1
210D-26 94           331 (     1)                 LSR     R2
210E-46 94           332 (     1)                 LSR     R4
210F-86 94           333 (     1)                 LSR     R8
2110-06 95           334 (     1)                 LSR     R16
2111-                335
2111-11 94           336 (     1)                 NEG     R1
2112-21 94           337 (     1)                 NEG     R2
2113-41 94           338 (     1)                 NEG     R4
2114-81 94           339 (     1)                 NEG     R8
2115-01 95           340 (     1)                 NEG     R16
2116-                341
2116-1F 90           342 (     2)                 POP     R1      Instruction not available on all devices
2117-2F 90           343 (     2)                 POP     R2
2118-4F 90           344 (     2)                 POP     R4
2119-8F 90           345 (     2)                 POP     R8
211A-0F 91           346 (     2)                 POP     R16
211B-                347
211B-1F 92           348 (   1/2)                 PUSH    R1      Instruction not available on all devices
211C-2F 92           349 (   1/2)                 PUSH    R2
211D-4F 92           350 (   1/2)                 PUSH    R4
211E-8F 92           351 (   1/2)                 PUSH    R8
211F-0F 93           352 (   1/2)                 PUSH    R16
2120-                353
2120-11 1C           354 (     1)                 ROL     R1
2121-22 1C           355 (     1)                 ROL     R2
2122-44 1C           356 (     1)                 ROL     R4
2123-88 1C           357 (     1)                 ROL     R8
2124-00 1F           358 (     1)                 ROL     R16
2125-                359
2125-17 94           360 (     1)                 ROR     R1
2126-27 94           361 (     1)                 ROR     R2
2127-47 94           362 (     1)                 ROR     R4
2128-87 94           363 (     1)                 ROR     R8
2129-07 95           364 (     1)                 ROR     R16
212A-                365
212A-1F EF           366 (     1)                 SER     R17
212B-2F EF           367 (     1)                 SER     R18
212C-4F EF           368 (     1)                 SER     R20
212D-8F EF           369 (     1)                 SER     R24
212E-                370
212E-12 94           371 (     1)                 SWAP    R1
212F-22 94           372 (     1)                 SWAP    R2
2130-42 94           373 (     1)                 SWAP    R4
2131-82 94           374 (     1)                 SWAP    R8
2132-02 95           375 (     1)                 SWAP    R16
2133-                376
2133-11 20           377 (     1)                 TST     R1
2134-22 20           378 (     1)                 TST     R2
2135-44 20           379 (     1)                 TST     R4
2136-88 20           380 (     1)                 TST     R8
2137-00 23           381 (     1)                 TST     R16
2138-                382
2138-                383          ;---------------------------------------------------------------------------
2138-                384          ; Branch instructions
2138-                385          ;---------------------------------------------------------------------------
2138-                386
2138-01 F6           387 (   1/2)                 BRBC    1,$+1-64
2139-01 F7           388 (   1/2)                 BRBC    1,$+1-32
213A-81 F7           389 (   1/2)                 BRBC    1,$+1-16
213B-C1 F7           390 (   1/2)                 BRBC    1,$+1-8
213C-E1 F7           391 (   1/2)                 BRBC    1,$+1-4
213D-F1 F7           392 (   1/2)                 BRBC    1,$+1-2
213E-01 F4           393 (   1/2)                 BRBC    1,$+1
213F-09 F4           394 (   1/2)                 BRBC    1,$+1+1
2140-11 F4           395 (   1/2)                 BRBC    1,$+1+2
2141-21 F4           396 (   1/2)                 BRBC    1,$+1+4
2142-41 F4           397 (   1/2)                 BRBC    1,$+1+8
2143-81 F4           398 (   1/2)                 BRBC    1,$+1+16
2144-01 F5           399 (   1/2)                 BRBC    1,$+1+32
2145-02 F4           400 (   1/2)                 BRBC    2,$+1
2146-04 F4           401 (   1/2)                 BRBC    4,$+1
2147-                402
2147-01 F2           403 (   1/2)                 BRBS    1,$+1-64
2148-01 F3           404 (   1/2)                 BRBS    1,$+1-32
2149-81 F3           405 (   1/2)                 BRBS    1,$+1-16
214A-C1 F3           406 (   1/2)                 BRBS    1,$+1-8
214B-E1 F3           407 (   1/2)                 BRBS    1,$+1-4
214C-F1 F3           408 (   1/2)                 BRBS    1,$+1-2
214D-01 F0           409 (   1/2)                 BRBS    1,$+1
214E-09 F0           410 (   1/2)                 BRBS    1,$+1+1
214F-11 F0           411 (   1/2)                 BRBS    1,$+1+2
2150-21 F0           412 (   1/2)                 BRBS    1,$+1+4
2151-41 F0           413 (   1/2)                 BRBS    1,$+1+8
2152-81 F0           414 (   1/2)                 BRBS    1,$+1+16
2153-01 F1           415 (   1/2)                 BRBS    1,$+1+32
2154-02 F0           416 (   1/2)                 BRBS    2,$+1
2155-04 F0           417 (   1/2)                 BRBS    4,$+1
2156-                418
2156-00 F6           419 (   1/2)                 BRCC    $+1-64
2157-00 F7           420 (   1/2)                 BRCC    $+1-32
2158-80 F7           421 (   1/2)                 BRCC    $+1-16
2159-C0 F7           422 (   1/2)                 BRCC    $+1-8
215A-E0 F7           423 (   1/2)                 BRCC    $+1-4
215B-F0 F7           424 (   1/2)                 BRCC    $+1-2
215C-00 F4           425 (   1/2)                 BRCC    $+1
215D-08 F4           426 (   1/2)                 BRCC    $+1+1
215E-10 F4           427 (   1/2)                 BRCC    $+1+2
215F-20 F4           428 (   1/2)                 BRCC    $+1+4
2160-40 F4           429 (   1/2)                 BRCC    $+1+8
2161-80 F4           430 (   1/2)                 BRCC    $+1+16
2162-00 F5           431 (   1/2)                 BRCC    $+1+32
2163-                432
2163-00 F2           433 (   1/2)                 BRCS    $+1-64
2164-00 F3           434 (   1/2)                 BRCS    $+1-32
2165-80 F3           435 (   1/2)                 BRCS    $+1-16
2166-C0 F3           436 (   1/2)                 BRCS    $+1-8
2167-E0 F3           437 (   1/2)                 BRCS    $+1-4
2168-F0 F3           438 (   1/2)                 BRCS    $+1-2
2169-00 F0           439 (   1/2)                 BRCS    $+1
216A-08 F0           440 (   1/2)                 BRCS    $+1+1
216B-10 F0           441 (   1/2)                 BRCS    $+1+2
216C-20 F0           442 (   1/2)                 BRCS    $+1+4
216D-40 F0           443 (   1/2)                 BRCS    $+1+8
216E-80 F0           444 (   1/2)                 BRCS    $+1+16
216F-00 F1           445 (   1/2)                 BRCS    $+1+32
2170-                446
2170-01 F2           447 (   1/2)                 BREQ    $+1-64
2171-01 F3           448 (   1/2)                 BREQ    $+1-32
2172-81 F3           449 (   1/2)                 BREQ    $+1-16
2173-C1 F3           450 (   1/2)                 BREQ    $+1-8
2174-E1 F3           451 (   1/2)                 BREQ    $+1-4
2175-F1 F3           452 (   1/2)                 BREQ    $+1-2
2176-01 F0           453 (   1/2)                 BREQ    $+1
2177-09 F0           454 (   1/2)                 BREQ    $+1+1
2178-11 F0           455 (   1/2)                 BREQ    $+1+2
2179-21 F0           456 (   1/2)                 BREQ    $+1+4
217A-41 F0           457 (   1/2)                 BREQ    $+1+8
217B-81 F0           458 (   1/2)                 BREQ    $+1+16
217C-01 F1           459 (   1/2)                 BREQ    $+1+32
217D-                460
217D-04 F6           461 (   1/2)                 BRGE    $+1-64
217E-04 F7           462 (   1/2)                 BRGE    $+1-32
217F-84 F7           463 (   1/2)                 BRGE    $+1-16
2180-C4 F7           464 (   1/2)                 BRGE    $+1-8
2181-E4 F7           465 (   1/2)                 BRGE    $+1-4
2182-F4 F7           466 (   1/2)                 BRGE    $+1-2
2183-04 F4           467 (   1/2)                 BRGE    $+1
2184-0C F4           468 (   1/2)                 BRGE    $+1+1
2185-14 F4           469 (   1/2)                 BRGE    $+1+2
2186-24 F4           470 (   1/2)                 BRGE    $+1+4
2187-44 F4           471 (   1/2)                 BRGE    $+1+8
2188-84 F4           472 (   1/2)                 BRGE    $+1+16
2189-04 F5           473 (   1/2)                 BRGE    $+1+32
218A-                474
218A-05 F6           475 (   1/2)                 BRHC    $+1-64
218B-05 F7           476 (   1/2)                 BRHC    $+1-32
218C-85 F7           477 (   1/2)                 BRHC    $+1-16
218D-C5 F7           478 (   1/2)                 BRHC    $+1-8
218E-E5 F7           479 (   1/2)                 BRHC    $+1-4
218F-F5 F7           480 (   1/2)                 BRHC    $+1-2
2190-05 F4           481 (   1/2)                 BRHC    $+1
2191-0D F4           482 (   1/2)                 BRHC    $+1+1
2192-15 F4           483 (   1/2)                 BRHC    $+1+2
2193-25 F4           484 (   1/2)                 BRHC    $+1+4
2194-45 F4           485 (   1/2)                 BRHC    $+1+8
2195-85 F4           486 (   1/2)                 BRHC    $+1+16
2196-05 F5           487 (   1/2)                 BRHC    $+1+32
2197-                488
2197-05 F2           489 (   1/2)                 BRHS    $+1-64
2198-05 F3           490 (   1/2)                 BRHS    $+1-32
2199-85 F3           491 (   1/2)                 BRHS    $+1-16
219A-C5 F3           492 (   1/2)                 BRHS    $+1-8
219B-E5 F3           493 (   1/2)                 BRHS    $+1-4
219C-F5 F3           494 (   1/2)                 BRHS    $+1-2
219D-05 F0           495 (   1/2)                 BRHS    $+1
219E-0D F0           496 (   1/2)                 BRHS    $+1+1
219F-15 F0           497 (   1/2)                 BRHS    $+1+2
21A0-25 F0           498 (   1/2)                 BRHS    $+1+4
21A1-45 F0           499 (   1/2)                 BRHS    $+1+8
21A2-85 F0           500 (   1/2)                 BRHS    $+1+16
21A3-05 F1           501 (   1/2)                 BRHS    $+1+32
21A4-                502
21A4-07 F6           503 (   1/2)                 BRID    $+1-64
21A5-07 F7           504 (   1/2)                 BRID    $+1-32
21A6-87 F7           505 (   1/2)                 BRID    $+1-16
21A7-C7 F7           506 (   1/2)                 BRID    $+1-8
21A8-E7 F7           507 (   1/2)                 BRID    $+1-4
21A9-F7 F7           508 (   1/2)                 BRID    $+1-2
21AA-07 F4           509 (   1/2)                 BRID    $+1
21AB-0F F4           510 (   1/2)                 BRID    $+1+1
21AC-17 F4           511 (   1/2)                 BRID    $+1+2
21AD-27 F4           512 (   1/2)                 BRID    $+1+4
21AE-47 F4           513 (   1/2)                 BRID    $+1+8
21AF-87 F4           514 (   1/2)                 BRID    $+1+16
21B0-07 F5           515 (   1/2)                 BRID    $+1+32
21B1-                516
21B1-07 F2           517 (   1/2)                 BRIE    $+1-64
21B2-07 F3           518 (   1/2)                 BRIE    $+1-32
21B3-87 F3           519 (   1/2)                 BRIE    $+1-16
21B4-C7 F3           520 (   1/2)                 BRIE    $+1-8
21B5-E7 F3           521 (   1/2)                 BRIE    $+1-4
21B6-F7 F3           522 (   1/2)                 BRIE    $+1-2
21B7-07 F0           523 (   1/2)                 BRIE    $+1
21B8-0F F0           524 (   1/2)                 BRIE    $+1+1
21B9-17 F0           525 (   1/2)                 BRIE    $+1+2
21BA-27 F0           526 (   1/2)                 BRIE    $+1+4
21BB-47 F0           527 (   1/2)                 BRIE    $+1+8
21BC-87 F0           528 (   1/2)                 BRIE    $+1+16
21BD-07 F1           529 (   1/2)                 BRIE    $+1+32
21BE-                530
21BE-00 F2           531 (   1/2)                 BRLO    $+1-64
21BF-00 F3           532 (   1/2)                 BRLO    $+1-32
21C0-80 F3           533 (   1/2)                 BRLO    $+1-16
21C1-C0 F3           534 (   1/2)                 BRLO    $+1-8
21C2-E0 F3           535 (   1/2)                 BRLO    $+1-4
21C3-F0 F3           536 (   1/2)                 BRLO    $+1-2
21C4-00 F0           537 (   1/2)                 BRLO    $+1
21C5-08 F0           538 (   1/2)                 BRLO    $+1+1
21C6-10 F0           539 (   1/2)                 BRLO    $+1+2
21C7-20 F0           540 (   1/2)                 BRLO    $+1+4
21C8-40 F0           541 (   1/2)                 BRLO    $+1+8
21C9-80 F0           542 (   1/2)                 BRLO    $+1+16
21CA-00 F1           543 (   1/2)                 BRLO    $+1+32
21CB-                544
21CB-04 F2           545 (   1/2)                 BRLT    $+1-64
21CC-04 F3           546 (   1/2)                 BRLT    $+1-32
21CD-84 F3           547 (   1/2)                 BRLT    $+1-16
21CE-C4 F3           548 (   1/2)                 BRLT    $+1-8
21CF-E4 F3           549 (   1/2)                 BRLT    $+1-4
21D0-F4 F3           550 (   1/2)                 BRLT    $+1-2
21D1-04 F0           551 (   1/2)                 BRLT    $+1
21D2-0C F0           552 (   1/2)                 BRLT    $+1+1
21D3-14 F0           553 (   1/2)                 BRLT    $+1+2
21D4-24 F0           554 (   1/2)                 BRLT    $+1+4
21D5-44 F0           555 (   1/2)                 BRLT    $+1+8
21D6-84 F0           556 (   1/2)                 BRLT    $+1+16
21D7-04 F1           557 (   1/2)                 BRLT    $+1+32
21D8-                558
21D8-02 F2           559 (   1/2)                 BRMI    $+1-64
21D9-02 F3           560 (   1/2)                 BRMI    $+1-32
21DA-82 F3           561 (   1/2)                 BRMI    $+1-16
21DB-C2 F3           562 (   1/2)                 BRMI    $+1-8
21DC-E2 F3           563 (   1/2)                 BRMI    $+1-4
21DD-F2 F3           564 (   1/2)                 BRMI    $+1-2
21DE-02 F0           565 (   1/2)                 BRMI    $+1
21DF-0A F0           566 (   1/2)                 BRMI    $+1+1
21E0-12 F0           567 (   1/2)                 BRMI    $+1+2
21E1-22 F0           568 (   1/2)                 BRMI    $+1+4
21E2-42 F0           569 (   1/2)                 BRMI    $+1+8
21E3-82 F0           570 (   1/2)                 BRMI    $+1+16
21E4-02 F1           571 (   1/2)                 BRMI    $+1+32
21E5-                572
21E5-01 F6           573 (   1/2)                 BRNE    $+1-64
21E6-01 F7           574 (   1/2)                 BRNE    $+1-32
21E7-81 F7           575 (   1/2)                 BRNE    $+1-16
21E8-C1 F7           576 (   1/2)                 BRNE    $+1-8
21E9-E1 F7           577 (   1/2)                 BRNE    $+1-4
21EA-F1 F7           578 (   1/2)                 BRNE    $+1-2
21EB-01 F4           579 (   1/2)                 BRNE    $+1
21EC-09 F4           580 (   1/2)                 BRNE    $+1+1
21ED-11 F4           581 (   1/2)                 BRNE    $+1+2
21EE-21 F4           582 (   1/2)                 BRNE    $+1+4
21EF-41 F4           583 (   1/2)                 BRNE    $+1+8
21F0-81 F4           584 (   1/2)                 BRNE    $+1+16
21F1-01 F5           585 (   1/2)                 BRNE    $+1+32
21F2-                586
21F2-02 F6           587 (   1/2)                 BRPL    $+1-64
21F3-02 F7           588 (   1/2)                 BRPL    $+1-32
21F4-82 F7           589 (   1/2)                 BRPL    $+1-16
21F5-C2 F7           590 (   1/2)                 BRPL    $+1-8
21F6-E2 F7           591 (   1/2)                 BRPL    $+1-4
21F7-F2 F7           592 (   1/2)                 BRPL    $+1-2
21F8-02 F4           593 (   1/2)                 BRPL    $+1
21F9-0A F4           594 (   1/2)                 BRPL    $+1+1
21FA-12 F4           595 (   1/2)                 BRPL    $+1+2
21FB-22 F4           596 (   1/2)                 BRPL    $+1+4
21FC-42 F4           597 (   1/2)                 BRPL    $+1+8
21FD-82 F4           598 (   1/2)                 BRPL    $+1+16
21FE-02 F5           599 (   1/2)                 BRPL    $+1+32
21FF-                600
21FF-00 F6           601 (   1/2)                 BRSH    $+1-64
2200-00 F7           602 (   1/2)                 BRSH    $+1-32
2201-80 F7           603 (   1/2)                 BRSH    $+1-16
2202-C0 F7           604 (   1/2)                 BRSH    $+1-8
2203-E0 F7           605 (   1/2)                 BRSH    $+1-4
2204-F0 F7           606 (   1/2)                 BRSH    $+1-2
2205-00 F4           607 (   1/2)                 BRSH    $+1
2206-08 F4           608 (   1/2)                 BRSH    $+1+1
2207-10 F4           609 (   1/2)                 BRSH    $+1+2
2208-20 F4           610 (   1/2)                 BRSH    $+1+4
2209-40 F4           611 (   1/2)                 BRSH    $+1+8
220A-80 F4           612 (   1/2)                 BRSH    $+1+16
220B-00 F5           613 (   1/2)                 BRSH    $+1+32
220C-                614
220C-06 F6           615 (   1/2)                 BRTC    $+1-64
220D-06 F7           616 (   1/2)                 BRTC    $+1-32
220E-86 F7           617 (   1/2)                 BRTC    $+1-16
220F-C6 F7           618 (   1/2)                 BRTC    $+1-8
2210-E6 F7           619 (   1/2)                 BRTC    $+1-4
2211-F6 F7           620 (   1/2)                 BRTC    $+1-2
2212-06 F4           621 (   1/2)                 BRTC    $+1
2213-0E F4           622 (   1/2)                 BRTC    $+1+1
2214-16 F4           623 (   1/2)                 BRTC    $+1+2
2215-26 F4           624 (   1/2)                 BRTC    $+1+4
2216-46 F4           625 (   1/2)                 BRTC    $+1+8
2217-86 F4           626 (   1/2)                 BRTC    $+1+16
2218-06 F5           627 (   1/2)                 BRTC    $+1+32
2219-                628
2219-06 F2           629 (   1/2)                 BRTS    $+1-64
221A-06 F3           630 (   1/2)                 BRTS    $+1-32
221B-86 F3           631 (   1/2)                 BRTS    $+1-16
221C-C6 F3           632 (   1/2)                 BRTS    $+1-8
221D-E6 F3           633 (   1/2)                 BRTS    $+1-4
221E-F6 F3           634 (   1/2)                 BRTS    $+1-2
221F-06 F0           635 (   1/2)                 BRTS    $+1
2220-0E F0           636 (   1/2)                 BRTS    $+1+1
2221-16 F0           637 (   1/2)                 BRTS    $+1+2
2222-26 F0           638 (   1/2)                 BRTS    $+1+4
2223-46 F0           639 (   1/2)                 BRTS    $+1+8
2224-86 F0           640 (   1/2)                 BRTS    $+1+16
2225-06 F1           641 (   1/2)                 BRTS    $+1+32
2226-                642
2226-03 F6           643 (   1/2)                 BRVC    $+1-64
2227-03 F7           644 (   1/2)                 BRVC    $+1-32
2228-83 F7           645 (   1/2)                 BRVC    $+1-16
2229-C3 F7           646 (   1/2)                 BRVC    $+1-8
222A-E3 F7           647 (   1/2)                 BRVC    $+1-4
222B-F3 F7           648 (   1/2)                 BRVC    $+1-2
222C-03 F4           649 (   1/2)                 BRVC    $+1
222D-0B F4           650 (   1/2)                 BRVC    $+1+1
222E-13 F4           651 (   1/2)                 BRVC    $+1+2
222F-23 F4           652 (   1/2)                 BRVC    $+1+4
2230-43 F4           653 (   1/2)                 BRVC    $+1+8
2231-83 F4           654 (   1/2)                 BRVC    $+1+16
2232-03 F5           655 (   1/2)                 BRVC    $+1+32
2233-                656
2233-03 F2           657 (   1/2)                 BRVS    $+1-64
2234-03 F3           658 (   1/2)                 BRVS    $+1-32
2235-83 F3           659 (   1/2)                 BRVS    $+1-16
2236-C3 F3           660 (   1/2)                 BRVS    $+1-8
2237-E3 F3           661 (   1/2)                 BRVS    $+1-4
2238-F3 F3           662 (   1/2)                 BRVS    $+1-2
2239-03 F0           663 (   1/2)                 BRVS    $+1
223A-0B F0           664 (   1/2)                 BRVS    $+1+1
223B-13 F0           665 (   1/2)                 BRVS    $+1+2
223C-23 F0           666 (   1/2)                 BRVS    $+1+4
223D-43 F0           667 (   1/2)                 BRVS    $+1+8
223E-83 F0           668 (   1/2)                 BRVS    $+1+16
223F-03 F1           669 (   1/2)                 BRVS    $+1+32
2240-                670
2240-                671          ;---------------------------------------------------------------------------
2240-                672          ; Jump and CALL instructions
2240-                673          ;---------------------------------------------------------------------------
2240-                674
2240-00 D8           675 ( 2/3/4)                 RCALL   $+1-2048
2241-00 DC           676 ( 2/3/4)                 RCALL   $+1-1024
2242-00 DE           677 ( 2/3/4)                 RCALL   $+1-512
2243-00 DF           678 ( 2/3/4)                 RCALL   $+1-256
2244-80 DF           679 ( 2/3/4)                 RCALL   $+1-128
2245-C0 DF           680 ( 2/3/4)                 RCALL   $+1-64
2246-E0 DF           681 ( 2/3/4)                 RCALL   $+1-32
2247-F0 DF           682 ( 2/3/4)                 RCALL   $+1-16
2248-F8 DF           683 ( 2/3/4)                 RCALL   $+1-8
2249-FC DF           684 ( 2/3/4)                 RCALL   $+1-4
224A-FE DF           685 ( 2/3/4)                 RCALL   $+1-2
224B-00 D0           686 ( 2/3/4)                 RCALL   $+1
224C-01 D0           687 ( 2/3/4)                 RCALL   $+1+1
224D-02 D0           688 ( 2/3/4)                 RCALL   $+1+2
224E-04 D0           689 ( 2/3/4)                 RCALL   $+1+4
224F-08 D0           690 ( 2/3/4)                 RCALL   $+1+8
2250-10 D0           691 ( 2/3/4)                 RCALL   $+1+16
2251-20 D0           692 ( 2/3/4)                 RCALL   $+1+32
2252-40 D0           693 ( 2/3/4)                 RCALL   $+1+64
2253-80 D0           694 ( 2/3/4)                 RCALL   $+1+128
2254-00 D1           695 ( 2/3/4)                 RCALL   $+1+256
2255-00 D2           696 ( 2/3/4)                 RCALL   $+1+512
2256-00 D4           697 ( 2/3/4)                 RCALL   $+1+1024
2257-                698
2257-00 C8           699 (     2)                 RJMP    $+1-2048
2258-00 CC           700 (     2)                 RJMP    $+1-1024
2259-00 CE           701 (     2)                 RJMP    $+1-512
225A-00 CF           702 (     2)                 RJMP    $+1-256
225B-80 CF           703 (     2)                 RJMP    $+1-128
225C-C0 CF           704 (     2)                 RJMP    $+1-64
225D-E0 CF           705 (     2)                 RJMP    $+1-32
225E-F0 CF           706 (     2)                 RJMP    $+1-16
225F-F8 CF           707 (     2)                 RJMP    $+1-8
2260-FC CF           708 (     2)                 RJMP    $+1-4
2261-FE CF           709 (     2)                 RJMP    $+1-2
2262-00 C0           710 (     2)                 RJMP    $+1
2263-01 C0           711 (     2)                 RJMP    $+1+1
2264-02 C0           712 (     2)                 RJMP    $+1+2
2265-04 C0           713 (     2)                 RJMP    $+1+4
2266-08 C0           714 (     2)                 RJMP    $+1+8
2267-10 C0           715 (     2)                 RJMP    $+1+16
2268-20 C0           716 (     2)                 RJMP    $+1+32
2269-40 C0           717 (     2)                 RJMP    $+1+64
226A-80 C0           718 (     2)                 RJMP    $+1+128
226B-00 C1           719 (     2)                 RJMP    $+1+256
226C-00 C2           720 (     2)                 RJMP    $+1+512
226D-00 C4           721 (     2)                 RJMP    $+1+1024
226E-                722
226E-0E 94 01 00     723 ( 3/4/5)                 CALL    $000001     Instruction not available on all devices
2270-0E 94 02 00     724 ( 3/4/5)                 CALL    $000002
2272-0E 94 04 00     725 ( 3/4/5)                 CALL    $000004
2274-0E 94 08 00     726 ( 3/4/5)                 CALL    $000008
2276-0E 94 10 00     727 ( 3/4/5)                 CALL    $000010
2278-0E 94 20 00     728 ( 3/4/5)                 CALL    $000020
227A-0E 94 40 00     729 ( 3/4/5)                 CALL    $000040
227C-0E 94 80 00     730 ( 3/4/5)                 CALL    $000080
227E-0E 94 00 01     731 ( 3/4/5)                 CALL    $000100
2280-0E 94 00 02     732 ( 3/4/5)                 CALL    $000200
2282-0E 94 00 04     733 ( 3/4/5)                 CALL    $000400
2284-0E 94 00 08     734 ( 3/4/5)                 CALL    $000800
2286-0E 94 00 10     735 ( 3/4/5)                 CALL    $001000
2288-0E 94 00 20     736 ( 3/4/5)                 CALL    $002000
228A-0E 94 00 40     737 ( 3/4/5)                 CALL    $004000
228C-0E 94 00 80     738 ( 3/4/5)                 CALL    $008000
228E-0F 94 00 00     739 ( 3/4/5)                 CALL    $010000
2290-1E 94 00 00     740 ( 3/4/5)                 CALL    $020000
2292-2E 94 00 00     741 ( 3/4/5)                 CALL    $040000
2294-4E 94 00 00     742 ( 3/4/5)                 CALL    $080000
2296-8E 94 00 00     743 ( 3/4/5)                 CALL    $100000
2298-0E 95 00 00     744 ( 3/4/5)                 CALL    $200000
229A-                745
229A-0C 94 01 00     746 (     3)                 JMP     $000001     Instruction not available on all devices
229C-0C 94 02 00     747 (     3)                 JMP     $000002
229E-0C 94 04 00     748 (     3)                 JMP     $000004
22A0-0C 94 08 00     749 (     3)                 JMP     $000008
22A2-0C 94 10 00     750 (     3)                 JMP     $000010
22A4-0C 94 20 00     751 (     3)                 JMP     $000020
22A6-0C 94 40 00     752 (     3)                 JMP     $000040
22A8-0C 94 80 00     753 (     3)                 JMP     $000080
22AA-0C 94 00 01     754 (     3)                 JMP     $000100
22AC-0C 94 00 02     755 (     3)                 JMP     $000200
22AE-0C 94 00 04     756 (     3)                 JMP     $000400
22B0-0C 94 00 08     757 (     3)                 JMP     $000800
22B2-0C 94 00 10     758 (     3)                 JMP     $001000
22B4-0C 94 00 20     759 (     3)                 JMP     $002000
22B6-0C 94 00 40     760 (     3)                 JMP     $004000
22B8-0C 94 00 80     761 (     3)                 JMP     $008000
22BA-0D 94 00 00     762 (     3)                 JMP     $010000
22BC-1C 94 00 00     763 (     3)                 JMP     $020000
22BE-2C 94 00 00     764 (     3)                 JMP     $040000
22C0-4C 94 00 00     765 (     3)                 JMP     $080000
22C2-8C 94 00 00     766 (     3)                 JMP     $100000
22C4-0C 95 00 00     767 (     3)                 JMP     $200000
22C6-                768
22C6-                769          ;---------------------------------------------------------------------------
22C6-                770          ; Register bit operand instructions
22C6-                771          ;---------------------------------------------------------------------------
22C6-                772
22C6-11 F8           773 (     1)                 BLD     R1, 1
22C7-12 F8           774 (     1)                 BLD     R1, 2
22C8-14 F8           775 (     1)                 BLD     R1, 4
22C9-21 F8           776 (     1)                 BLD     R2, 1
22CA-41 F8           777 (     1)                 BLD     R4, 1
22CB-81 F8           778 (     1)                 BLD     R8, 1
22CC-01 F9           779 (     1)                 BLD     R16, 1
22CD-                780
22CD-11 FA           781 (     1)                 BST     R1, 1
22CE-12 FA           782 (     1)                 BST     R1, 2
22CF-14 FA           783 (     1)                 BST     R1, 4
22D0-21 FA           784 (     1)                 BST     R2, 1
22D1-41 FA           785 (     1)                 BST     R4, 1
22D2-81 FA           786 (     1)                 BST     R8, 1
22D3-01 FB           787 (     1)                 BST     R16, 1
22D4-                788
22D4-11 FC           789 ( 1/2/3)                 SBRC    R1, 1
22D5-12 FC           790 ( 1/2/3)                 SBRC    R1, 2
22D6-14 FC           791 ( 1/2/3)                 SBRC    R1, 4
22D7-21 FC           792 ( 1/2/3)                 SBRC    R2, 1
22D8-41 FC           793 ( 1/2/3)                 SBRC    R4, 1
22D9-81 FC           794 ( 1/2/3)                 SBRC    R8, 1
22DA-01 FD           795 ( 1/2/3)                 SBRC    R16, 1
22DB-                796
22DB-11 FE           797 ( 1/2/3)                 SBRS    R1, 1
22DC-12 FE           798 ( 1/2/3)                 SBRS    R1, 2
22DD-14 FE           799 ( 1/2/3)                 SBRS    R1, 4
22DE-21 FE           800 ( 1/2/3)                 SBRS    R2, 1
22DF-41 FE           801 ( 1/2/3)                 SBRS    R4, 1
22E0-81 FE           802 ( 1/2/3)                 SBRS    R8, 1
22E1-01 FF           803 ( 1/2/3)                 SBRS    R16, 1
22E2-                804
22E2-                805          ;---------------------------------------------------------------------------
22E2-                806          ; I/O bit operand instructions
22E2-                807          ;---------------------------------------------------------------------------
22E2-                808
22E2-09 98           809 (   1/2)                 CBI     1, 1
22E3-0A 98           810 (   1/2)                 CBI     1, 2
22E4-0C 98           811 (   1/2)                 CBI     1, 4
22E5-11 98           812 (   1/2)                 CBI     2, 1
22E6-21 98           813 (   1/2)                 CBI     4, 1
22E7-41 98           814 (   1/2)                 CBI     8, 1
22E8-81 98           815 (   1/2)                 CBI     16, 1
22E9-                816
22E9-09 9A           817 (   1/2)                 SBI     1, 1
22EA-0A 9A           818 (   1/2)                 SBI     1, 2
22EB-0C 9A           819 (   1/2)                 SBI     1, 4
22EC-11 9A           820 (   1/2)                 SBI     2, 1
22ED-21 9A           821 (   1/2)                 SBI     4, 1
22EE-41 9A           822 (   1/2)                 SBI     8, 1
22EF-81 9A           823 (   1/2)                 SBI     16, 1
22F0-                824
22F0-09 99           825 (2/3/4*)                 SBIC    1, 1
22F1-0A 99           826 (2/3/4*)                 SBIC    1, 2
22F2-0C 99           827 (2/3/4*)                 SBIC    1, 4
22F3-11 99           828 (2/3/4*)                 SBIC    2, 1
22F4-21 99           829 (2/3/4*)                 SBIC    4, 1
22F5-41 99           830 (2/3/4*)                 SBIC    8, 1
22F6-81 99           831 (2/3/4*)                 SBIC    16, 1
22F7-                832
22F7-09 9B           833 (2/3/4*)                 SBIS    1, 1
22F8-0A 9B           834 (2/3/4*)                 SBIS    1, 2
22F9-0C 9B           835 (2/3/4*)                 SBIS    1, 4
22FA-11 9B           836 (2/3/4*)                 SBIS    2, 1
22FB-21 9B           837 (2/3/4*)                 SBIS    4, 1
22FC-41 9B           838 (2/3/4*)                 SBIS    8, 1
22FD-81 9B           839 (2/3/4*)                 SBIS    16, 1
22FE-                840
22FE-                841          ;---------------------------------------------------------------------------
22FE-                842          ; LD and ST instructions
22FE-                843          ;---------------------------------------------------------------------------
22FE-                844
22FE-1C 90           845 ( 1/2/3)                 LD      R1, X       X Indirect not available on minimal core
22FF-2C 90           846 ( 1/2/3)                 LD      R2, X
2300-4C 90           847 ( 1/2/3)                 LD      R4, X
2301-8C 90           848 ( 1/2/3)                 LD      R8, X
2302-0C 91           849 ( 1/2/3)                 LD      R16, X
2303-1D 90           850 ( 1/2/3)                 LD      R1, X+
2304-2D 90           851 ( 1/2/3)                 LD      R2, X+
2305-4D 90           852 ( 1/2/3)                 LD      R4, X+
2306-8D 90           853 ( 1/2/3)                 LD      R8, X+
2307-0D 91           854 ( 1/2/3)                 LD      R16, X+
2308-1E 90           855 ( 1/2/3)                 LD      R1, -X
2309-2E 90           856 ( 1/2/3)                 LD      R2, -X
230A-4E 90           857 ( 1/2/3)                 LD      R4, -X
230B-8E 90           858 ( 1/2/3)                 LD      R8, -X
230C-0E 91           859 ( 1/2/3)                 LD      R16, -X
230D-                860
230D-18 80           861 ( 1/2/3)                 LD      R1, Y       Y Indirect not available on minimal core
230E-28 80           862 ( 1/2/3)                 LD      R2, Y
230F-48 80           863 ( 1/2/3)                 LD      R4, Y
2310-88 80           864 ( 1/2/3)                 LD      R8, Y
2311-08 81           865 ( 1/2/3)                 LD      R16, Y
2312-19 90           866 ( 1/2/3)                 LD      R1, Y+
2313-29 90           867 ( 1/2/3)                 LD      R2, Y+
2314-49 90           868 ( 1/2/3)                 LD      R4, Y+
2315-89 90           869 ( 1/2/3)                 LD      R8, Y+
2316-09 91           870 ( 1/2/3)                 LD      R16, Y+
2317-1A 90           871 ( 1/2/3)                 LD      R1, -Y
2318-2A 90           872 ( 1/2/3)                 LD      R2, -Y
2319-4A 90           873 ( 1/2/3)                 LD      R4, -Y
231A-8A 90           874 ( 1/2/3)                 LD      R8, -Y
231B-0A 91           875 ( 1/2/3)                 LD      R16, -Y
231C-                876
231C-19 80           877 ( 1/2/3)                 LDD     R1, Y+1     Y Indirect not available on minimal core
231D-29 80           878 ( 1/2/3)                 LDD     R2, Y+1
231E-49 80           879 ( 1/2/3)                 LDD     R4, Y+1
231F-89 80           880 ( 1/2/3)                 LDD     R8, Y+1
2320-09 81           881 ( 1/2/3)                 LDD     R16, Y+1
2321-1A 80           882 ( 1/2/3)                 LDD     R1, Y+2
2322-1C 80           883 ( 1/2/3)                 LDD     R1, Y+4
2323-18 84           884 ( 1/2/3)                 LDD     R1, Y+8
2324-18 88           885 ( 1/2/3)                 LDD     R1, Y+16
2325-18 A0           886 ( 1/2/3)                 LDD     R1, Y+32
2326-                887
2326-10 80           888 ( 1/2/3)                 LD      R1, Z       Z register is 8-bit R30 on minimal core
2327-20 80           889 ( 1/2/3)                 LD      R2, Z
2328-40 80           890 ( 1/2/3)                 LD      R4, Z
2329-80 80           891 ( 1/2/3)                 LD      R8, Z
232A-00 81           892 ( 1/2/3)                 LD      R16, Z
232B-11 90           893 ( 1/2/3)                 LD      R1, Z+
232C-21 90           894 ( 1/2/3)                 LD      R2, Z+
232D-41 90           895 ( 1/2/3)                 LD      R4, Z+
232E-81 90           896 ( 1/2/3)                 LD      R8, Z+
232F-01 91           897 ( 1/2/3)                 LD      R16, Z+
2330-12 90           898 ( 1/2/3)                 LD      R1, -Z
2331-22 90           899 ( 1/2/3)                 LD      R2, -Z
2332-42 90           900 ( 1/2/3)                 LD      R4, -Z
2333-82 90           901 ( 1/2/3)                 LD      R8, -Z
2334-02 91           902 ( 1/2/3)                 LD      R16, -Z
2335-                903
2335-11 80           904 ( 1/2/3)                 LDD     R1, Z+1     Instruction not available on minimal core
2336-21 80           905 ( 1/2/3)                 LDD     R2, Z+1
2337-41 80           906 ( 1/2/3)                 LDD     R4, Z+1
2338-81 80           907 ( 1/2/3)                 LDD     R8, Z+1
2339-01 81           908 ( 1/2/3)                 LDD     R16, Z+1
233A-12 80           909 ( 1/2/3)                 LDD     R1, Z+2
233B-14 80           910 ( 1/2/3)                 LDD     R1, Z+4
233C-10 84           911 ( 1/2/3)                 LDD     R1, Z+8
233D-10 88           912 ( 1/2/3)                 LDD     R1, Z+16
233E-10 A0           913 ( 1/2/3)                 LDD     R1, Z+32
233F-                914
233F-1C 92           915 (   1/2)                 ST      X, 1        X Indirect not available on minimal core
2340-2C 92           916 (   1/2)                 ST      X, 2
2341-4C 92           917 (   1/2)                 ST      X, 4
2342-8C 92           918 (   1/2)                 ST      X, 8
2343-0C 93           919 (   1/2)                 ST      X, 16
2344-1D 92           920 (   1/2)                 ST      X+, R1
2345-2D 92           921 (   1/2)                 ST      X+, R2
2346-4D 92           922 (   1/2)                 ST      X+, R4
2347-8D 92           923 (   1/2)                 ST      X+, R8
2348-0D 93           924 (   1/2)                 ST      X+, R16
2349-1E 92           925 (   1/2)                 ST      -X, R1
234A-2E 92           926 (   1/2)                 ST      -X, R2
234B-4E 92           927 (   1/2)                 ST      -X, R4
234C-8E 92           928 (   1/2)                 ST      -X, R8
234D-0E 93           929 (   1/2)                 ST      -X, R16
234E-                930
234E-18 82           931 (   1/2)                 ST      Y, R1       Y Indirect not available on minimal core
234F-28 82           932 (   1/2)                 ST      Y, R2
2350-48 82           933 (   1/2)                 ST      Y, R4
2351-88 82           934 (   1/2)                 ST      Y, R8
2352-08 83           935 (   1/2)                 ST      Y, R16
2353-19 92           936 (   1/2)                 ST      Y+, R1
2354-29 92           937 (   1/2)                 ST      Y+, R2
2355-49 92           938 (   1/2)                 ST      Y+, R4
2356-89 92           939 (   1/2)                 ST      Y+, R8
2357-09 93           940 (   1/2)                 ST      Y+, R16
2358-1A 92           941 (   1/2)                 ST      -Y, R1
2359-2A 92           942 (   1/2)                 ST      -Y, R2
235A-4A 92           943 (   1/2)                 ST      -Y, R4
235B-8A 92           944 (   1/2)                 ST      -Y, R8
235C-0A 93           945 (   1/2)                 ST      -Y, R16
235D-                946
235D-19 82           947 (   1/2)                 STD     Y+1, R1     Y Indirect not available on minimal core
235E-29 82           948 (   1/2)                 STD     Y+1, R2
235F-49 82           949 (   1/2)                 STD     Y+1, R4
2360-89 82           950 (   1/2)                 STD     Y+1, R8
2361-09 83           951 (   1/2)                 STD     Y+1, R16
2362-1A 82           952 (   1/2)                 STD     Y+2, R1
2363-1C 82           953 (   1/2)                 STD     Y+4, R1
2364-18 86           954 (   1/2)                 STD     Y+8, R1
2365-18 8A           955 (   1/2)                 STD     Y+16, R1
2366-18 A2           956 (   1/2)                 STD     Y+32, R1
2367-                957
2367-10 82           958 (   1/2)                 ST      Z, R1       Z register is 8-bit R30 on minimal core
2368-20 82           959 (   1/2)                 ST      Z, R2
2369-40 82           960 (   1/2)                 ST      Z, R4
236A-80 82           961 (   1/2)                 ST      Z, R8
236B-00 83           962 (   1/2)                 ST      Z, R16
236C-11 92           963 (   1/2)                 ST      Z+, R1
236D-21 92           964 (   1/2)                 ST      Z+, R2
236E-41 92           965 (   1/2)                 ST      Z+, R4
236F-81 92           966 (   1/2)                 ST      Z+, R8
2370-01 93           967 (   1/2)                 ST      Z+, R16
2371-12 92           968 (   1/2)                 ST      -Z, R1
2372-22 92           969 (   1/2)                 ST      -Z, R2
2373-42 92           970 (   1/2)                 ST      -Z, R4
2374-82 92           971 (   1/2)                 ST      -Z, R8
2375-02 93           972 (   1/2)                 ST      -Z, R16
2376-                973
2376-11 82           974 (   1/2)                 STD     z+1, R1     Instruction not available on minimal core
2377-21 82           975 (   1/2)                 STD     z+1, R2
2378-41 82           976 (   1/2)                 STD     z+1, R4
2379-81 82           977 (   1/2)                 STD     z+1, R8
237A-01 83           978 (   1/2)                 STD     z+1, R16
237B-12 82           979 (   1/2)                 STD     z+2, R1
237C-14 82           980 (   1/2)                 STD     z+4, R1
237D-10 86           981 (   1/2)                 STD     z+8, R1
237E-10 8A           982 (   1/2)                 STD     z+16, R1
237F-10 A2           983 (   1/2)                 STD     z+32, R1
2380-                984
2380-                985          ;---------------------------------------------------------------------------
2380-                986          ; LDS and STS instructions
2380-                987          ;---------------------------------------------------------------------------
2380-                988
2380-10 90 01 00     989 (   2/3)                 LDS     R1, 1       Instruction not available on all devices
2382-20 90 01 00     990 (   2/3)                 LDS     R2, 1
2384-40 90 01 00     991 (   2/3)                 LDS     R4, 1
2386-80 90 01 00     992 (   2/3)                 LDS     R8, 1
2388-00 91 01 00     993 (   2/3)                 LDS     R16, 1
238A-10 90 02 00     994 (   2/3)                 LDS     R1, 2
238C-10 90 04 00     995 (   2/3)                 LDS     R1, 4
238E-10 90 08 00     996 (   2/3)                 LDS     R1, 8
2390-10 90 10 00     997 (   2/3)                 LDS     R1, 16
2392-10 90 20 00     998 (   2/3)                 LDS     R1, 32
2394-10 90 40 00     999 (   2/3)                 LDS     R1, 64
2396-10 90 80 00    1000 (   2/3)                 LDS     R1, 128
2398-10 90 00 01    1001 (   2/3)                 LDS     R1, 256
239A-10 90 00 02    1002 (   2/3)                 LDS     R1, 512
239C-10 90 00 04    1003 (   2/3)                 LDS     R1, 1024
239E-10 90 00 08    1004 (   2/3)                 LDS     R1, 2048
23A0-10 90 00 10    1005 (   2/3)                 LDS     R1, 4096
23A2-10 90 00 20    1006 (   2/3)                 LDS     R1, 8192
23A4-10 90 00 40    1007 (   2/3)                 LDS     R1, 16384
23A6-10 90 00 80    1008 (   2/3)                 LDS     R1, 32768
23A8-               1009
23A8-10 92 01 00    1010 (     2)                 STS     1, R1       Instruction not available on all devices
23AA-20 92 01 00    1011 (     2)                 STS     1, R2
23AC-40 92 01 00    1012 (     2)                 STS     1, R4
23AE-80 92 01 00    1013 (     2)                 STS     1, R8
23B0-00 93 01 00    1014 (     2)                 STS     1, R16
23B2-10 92 02 00    1015 (     2)                 STS     2, R1
23B4-10 92 04 00    1016 (     2)                 STS     4, R1
23B6-10 92 08 00    1017 (     2)                 STS     8, R1
23B8-10 92 10 00    1018 (     2)                 STS     16, R1
23BA-10 92 20 00    1019 (     2)                 STS     32, R1
23BC-10 92 40 00    1020 (     2)                 STS     64, R1
23BE-10 92 80 00    1021 (     2)                 STS     128, R1
23C0-10 92 00 01    1022 (     2)                 STS     256, R1
23C2-10 92 00 02    1023 (     2)                 STS     512, R1
23C4-10 92 00 04    1024 (     2)                 STS     1024, R1
23C6-10 92 00 08    1025 (     2)                 STS     2048, R1
23C8-10 92 00 10    1026 (     2)                 STS     4096, R1
23CA-10 92 00 20    1027 (     2)                 STS     8192, R1
23CC-10 92 00 40    1028 (     2)                 STS     16384, R1
23CE-10 92 00 80    1029 (     2)                 STS     32768, R1
23D0-               1030
23D0-               1031          ;---------------------------------------------------------------------------
23D0-               1032          ; (E)LPM instructions
23D0-               1033          ;---------------------------------------------------------------------------
23D0-               1034
23D0-D8 95          1035 (     3)                 ELPM                Instruction not available on all devices
23D1-16 90          1036 (     3)                 ELPM    R1, Z
23D2-26 90          1037 (     3)                 ELPM    R2, Z
23D3-46 90          1038 (     3)                 ELPM    R4, Z
23D4-86 90          1039 (     3)                 ELPM    R8, Z
23D5-06 91          1040 (     3)                 ELPM    R16, Z
23D6-17 90          1041 (     3)                 ELPM    R1, Z+
23D7-27 90          1042 (     3)                 ELPM    R2, Z+
23D8-47 90          1043 (     3)                 ELPM    R4, Z+
23D9-87 90          1044 (     3)                 ELPM    R8, Z+
23DA-07 91          1045 (     3)                 ELPM    R16, Z+
23DB-               1046
23DB-C8 95          1047 (     3)                 LPM                 Instruction not available on AT90S1200
23DC-14 90          1048 (     3)                 LPM     R1, Z
23DD-24 90          1049 (     3)                 LPM     R2, Z
23DE-44 90          1050 (     3)                 LPM     R4, Z
23DF-84 90          1051 (     3)                 LPM     R8, Z
23E0-04 91          1052 (     3)                 LPM     R16, Z
23E1-15 90          1053 (     3)                 LPM     R1, Z+
23E2-25 90          1054 (     3)                 LPM     R2, Z+
23E3-45 90          1055 (     3)                 LPM     R4, Z+
23E4-85 90          1056 (     3)                 LPM     R8, Z+
23E5-05 91          1057 (     3)                 LPM     R16, Z+
23E6-               1058
23E6-               1059          ;---------------------------------------------------------------------------
23E6-               1060          ; I/O instructions
23E6-               1061          ;---------------------------------------------------------------------------
23E6-               1062
23E6-11 B0          1063 (     1)                 IN      R1, 1
23E7-21 B0          1064 (     1)                 IN      R2, 1
23E8-41 B0          1065 (     1)                 IN      R4, 1
23E9-81 B0          1066 (     1)                 IN      R8, 1
23EA-01 B1          1067 (     1)                 IN      R16, 1
23EB-12 B0          1068 (     1)                 IN      R1, 2
23EC-14 B0          1069 (     1)                 IN      R1, 4
23ED-18 B0          1070 (     1)                 IN      R1, 8
23EE-10 B2          1071 (     1)                 IN      R1, 16
23EF-10 B4          1072 (     1)                 IN      R1, 32
23F0-               1073
23F0-11 B8          1074 (     1)                 OUT     1, R1
23F1-21 B8          1075 (     1)                 OUT     1, R2
23F2-41 B8          1076 (     1)                 OUT     1, R4
23F3-81 B8          1077 (     1)                 OUT     1, R8
23F4-01 B9          1078 (     1)                 OUT     1, R16
23F5-12 B8          1079 (     1)                 OUT     2, R1
23F6-14 B8          1080 (     1)                 OUT     4, R1
23F7-18 B8          1081 (     1)                 OUT     8, R1
23F8-10 BA          1082 (     1)                 OUT     16, R1
23F9-10 BC          1083 (     1)                 OUT     32, R1
23FA-               1084
23FA-               1085          ;---------------------------------------------------------------------------
23FA-               1086          ; Bit clear and set instructions
23FA-               1087          ;---------------------------------------------------------------------------
23FA-               1088
23FA-98 94          1089 (     1)                 BCLR    1
23FB-A8 94          1090 (     1)                 BCLR    2
23FC-C8 94          1091 (     1)                 BCLR    4
23FD-               1092
23FD-18 94          1093 (     1)                 BSET    1
23FE-28 94          1094 (     1)                 BSET    2
23FF-48 94          1095 (     1)                 BSET    4
2400-               1096
2400-               1097          ;---------------------------------------------------------------------------
2400-               1098          ; Immediate addressing mode notation options
2400-               1099          ;---------------------------------------------------------------------------
2400-               1100
12345678-           1101          DATA            .EQ     $12345678
2400-               1102
2400-18 E7          1103 (     1)                 LDI     R17, DATA       Normal Atmel notation
2401-18 E7          1104 (     1)                 LDI     R17, #DATA      Has same effect as the line above
2402-16 E5          1105 (     1)                 LDI     R17, /DATA      Use 2nd byte of long word imm mode
2403-14 E3          1106 (     1)                 LDI     R17, =DATA      Use 3d byte of long word imm mode
2404-12 E1          1107 (     1)                 LDI     R17, \DATA      Use MSB of long word in imm mode
2405-               1108
2405-               1109
