0000-                  2          ;---------------------------------------------------------------------------
0000-                  3          ;   mega.asm
0000-                  4          ;
0000-                  5          ;   Opcode test for the SB-Assembler AVR cross family
0000-                  6          ;
0000-                  7          ;   Valid for Enhanced Core up to 8k.
0000-                  8          ;
0000-                  9          ;---------------------------------------------------------------------------
0000-                 10
0000-                 11                          .CR     AVR     And now for something completely different
0000-                 12                          .FA     ENHANCED8K    (tested against Atmel-0856 document)
0000-                 13
0000-                 14                          .TF     test.hex, int
2000-                 15                          .OR     $2000   Avoid range errors for jumps and calls
2000-                 17
2000-                 18          ;---------------------------------------------------------------------------
2000-                 19          ; Inherent addressing mode
2000-                 20          ;---------------------------------------------------------------------------
2000-                 21
2000-88 94            22 (     1)                 CLC
2001-D8 94            23 (     1)                 CLH
2002-F8 94            24 (     1)                 CLI
2003-A8 94            25 (     1)                 CLN
2004-C8 94            26 (     1)                 CLS
2005-E8 94            27 (     1)                 CLT
2006-B8 94            28 (     1)                 CLV
2007-98 94            29 (     1)                 CLZ
2008-09 95            30 (2/3/4*)                 ICALL
2009-09 94            31 (     2)                 IJMP
200A-00 00            32 (     1)                 NOP
200B-08 95            33 (  4/5*)                 RET
200C-18 95            34 (  4/5*)                 RETI
200D-08 94            35 (     1)                 SEC
200E-58 94            36 (     1)                 SEH
200F-78 94            37 (     1)                 SEI
2010-28 94            38 (     1)                 SEN
2011-48 94            39 (     1)                 SES
2012-68 94            40 (     1)                 SET
2013-38 94            41 (     1)                 SEV
2014-18 94            42 (     1)                 SEZ
2015-88 95            43 (     1)                 SLEEP
2016-A8 95            44 (     1)                 WDR
2017-                 45
2017-                 46          ;---------------------------------------------------------------------------
2017-                 47          ; Register pair operand instructions
2017-                 48          ;---------------------------------------------------------------------------
2017-                 49
2017-11 1C            50 (     1)                 ADC     R1, R1
2018-12 1C            51 (     1)                 ADC     R1, R2
2019-14 1C            52 (     1)                 ADC     R1, R4
201A-18 1C            53 (     1)                 ADC     R1, R8
201B-10 1E            54 (     1)                 ADC     R1, R16
201C-21 1C            55 (     1)                 ADC     R2, R1
201D-41 1C            56 (     1)                 ADC     R4, R1
201E-81 1C            57 (     1)                 ADC     R8, R1
201F-01 1D            58 (     1)                 ADC     R16, R1
2020-                 59
2020-11 0C            60 (     1)                 ADD     1, 1            Numeric values are translated to
2021-12 0C            61 (     1)                 ADD     1, 2             registers automatically
2022-14 0C            62 (     1)                 ADD     1, 4
2023-18 0C            63 (     1)                 ADD     1, 8
2024-10 0E            64 (     1)                 ADD     1, 16
2025-21 0C            65 (     1)                 ADD     2, 1
2026-41 0C            66 (     1)                 ADD     4, 1
2027-81 0C            67 (     1)                 ADD     8, 1
2028-01 0D            68 (     1)                 ADD     16, 1
2029-                 69
2029-11 20            70 (     1)                 AND     R1, R1
202A-12 20            71 (     1)                 AND     R1, R2
202B-14 20            72 (     1)                 AND     R1, R4
202C-18 20            73 (     1)                 AND     R1, R8
202D-10 22            74 (     1)                 AND     R1, R16
202E-21 20            75 (     1)                 AND     R2, R1
202F-41 20            76 (     1)                 AND     R4, R1
2030-81 20            77 (     1)                 AND     R8, R1
2031-01 21            78 (     1)                 AND     R16, R1
2032-                 79
2032-11 14            80 (     1)                 CP      R1, R1
2033-12 14            81 (     1)                 CP      R1, R2
2034-14 14            82 (     1)                 CP      R1, R4
2035-18 14            83 (     1)                 CP      R1, R8
2036-10 16            84 (     1)                 CP      R1, R16
2037-21 14            85 (     1)                 CP      R2, R1
2038-41 14            86 (     1)                 CP      R4, R1
2039-81 14            87 (     1)                 CP      R8, R1
203A-01 15            88 (     1)                 CP      R16, R1
203B-                 89
203B-11 04            90 (     1)                 CPC     R1, R1
203C-12 04            91 (     1)                 CPC     R1, R2
203D-14 04            92 (     1)                 CPC     R1, R4
203E-18 04            93 (     1)                 CPC     R1, R8
203F-10 06            94 (     1)                 CPC     R1, R16
2040-21 04            95 (     1)                 CPC     R2, R1
2041-41 04            96 (     1)                 CPC     R4, R1
2042-81 04            97 (     1)                 CPC     R8, R1
2043-01 05            98 (     1)                 CPC     R16, R1
2044-                 99
2044-11 10           100 ( 1/2/3)                 CPSE    R1, R1
2045-12 10           101 ( 1/2/3)                 CPSE    R1, R2
2046-14 10           102 ( 1/2/3)                 CPSE    R1, R4
2047-18 10           103 ( 1/2/3)                 CPSE    R1, R8
2048-10 12           104 ( 1/2/3)                 CPSE    R1, R16
2049-21 10           105 ( 1/2/3)                 CPSE    R2, R1
204A-41 10           106 ( 1/2/3)                 CPSE    R4, R1
204B-81 10           107 ( 1/2/3)                 CPSE    R8, R1
204C-01 11           108 ( 1/2/3)                 CPSE    R16, R1
204D-                109
204D-11 24           110 (     1)                 EOR     R1, R1
204E-12 24           111 (     1)                 EOR     R1, R2
204F-14 24           112 (     1)                 EOR     R1, R4
2050-18 24           113 (     1)                 EOR     R1, R8
2051-10 26           114 (     1)                 EOR     R1, R16
2052-21 24           115 (     1)                 EOR     R2, R1
2053-41 24           116 (     1)                 EOR     R4, R1
2054-81 24           117 (     1)                 EOR     R8, R1
2055-01 25           118 (     1)                 EOR     R16, R1
2056-                119
2056-19 03           120 (     2)                 FMUL    R17, R17
2057-1A 03           121 (     2)                 FMUL    R17, R18
2058-1C 03           122 (     2)                 FMUL    R17, R20
2059-29 03           123 (     2)                 FMUL    R18, R17
205A-49 03           124 (     2)                 FMUL    R20, R17
205B-                125
205B-91 03           126 (     2)                 FMULS   R17, R17
205C-92 03           127 (     2)                 FMULS   R17, R18
205D-94 03           128 (     2)                 FMULS   R17, R20
205E-A1 03           129 (     2)                 FMULS   R18, R17
205F-C1 03           130 (     2)                 FMULS   R20, R17
2060-                131
2060-99 03           132 (     2)                 FMULSU  R17, R17
2061-9A 03           133 (     2)                 FMULSU  R17, R18
2062-9C 03           134 (     2)                 FMULSU  R17, R20
2063-A9 03           135 (     2)                 FMULSU  R18, R17
2064-C9 03           136 (     2)                 FMULSU  R20, R17
2065-                137
2065-11 2C           138 (     1)                 MOV     R1, R1
2066-12 2C           139 (     1)                 MOV     R1, R2
2067-14 2C           140 (     1)                 MOV     R1, R4
2068-18 2C           141 (     1)                 MOV     R1, R8
2069-10 2E           142 (     1)                 MOV     R1, R16
206A-21 2C           143 (     1)                 MOV     R2, R1
206B-41 2C           144 (     1)                 MOV     R4, R1
206C-81 2C           145 (     1)                 MOV     R8, R1
206D-01 2D           146 (     1)                 MOV     R16, R1
206E-                147
206E-00 01           148 (     1)                 MOVW    R0, R0
206F-00 01           149 (     1)                 MOVW    R1, R1      Either pair may be used
2070-11 01           150 (     1)                 MOVW    R2, R2
2071-11 01           151 (     1)                 MOVW    R2, R3      Even in mixed form
2072-12 01           152 (     1)                 MOVW    R2, R4
2073-14 01           153 (     1)                 MOVW    R2, R8
2074-18 01           154 (     1)                 MOVW    R2, R16
2075-21 01           155 (     1)                 MOVW    R4, R2
2076-41 01           156 (     1)                 MOVW    R8, R2
2077-81 01           157 (     1)                 MOVW    R16, R2
2078-                158
2078-11 9C           159 (     1)                 MUL     R1, R1
2079-12 9C           160 (     1)                 MUL     R1, R2
207A-14 9C           161 (     1)                 MUL     R1, R4
207B-18 9C           162 (     1)                 MUL     R1, R8
207C-10 9E           163 (     1)                 MUL     R1, R16
207D-21 9C           164 (     1)                 MUL     R2, R1
207E-41 9C           165 (     1)                 MUL     R4, R1
207F-81 9C           166 (     1)                 MUL     R8, R1
2080-01 9D           167 (     1)                 MUL     R16, R1
2081-                168
2081-11 02           169 (     1)                 MULS    R17, R17
2082-12 02           170 (     1)                 MULS    R17, R18
2083-14 02           171 (     1)                 MULS    R17, R20
2084-18 02           172 (     1)                 MULS    R17, R24
2085-21 02           173 (     1)                 MULS    R18, R17
2086-41 02           174 (     1)                 MULS    R20, R17
2087-81 02           175 (     1)                 MULS    R24, R17
2088-                176
2088-11 03           177 (     1)                 MULSU   R17, R17
2089-12 03           178 (     1)                 MULSU   R17, R18
208A-14 03           179 (     1)                 MULSU   R17, R20
208B-21 03           180 (     1)                 MULSU   R18, R17
208C-41 03           181 (     1)                 MULSU   R20, R17
208D-                182
208D-11 28           183 (     1)                 OR      R1, R1
208E-12 28           184 (     1)                 OR      R1, R2
208F-14 28           185 (     1)                 OR      R1, R4
2090-18 28           186 (     1)                 OR      R1, R8
2091-10 2A           187 (     1)                 OR      R1, R16
2092-21 28           188 (     1)                 OR      R2, R1
2093-41 28           189 (     1)                 OR      R4, R1
2094-81 28           190 (     1)                 OR      R8, R1
2095-01 29           191 (     1)                 OR      R16, R1
2096-                192
2096-11 08           193 (     1)                 SBC     R1, R1
2097-12 08           194 (     1)                 SBC     R1, R2
2098-14 08           195 (     1)                 SBC     R1, R4
2099-18 08           196 (     1)                 SBC     R1, R8
209A-10 0A           197 (     1)                 SBC     R1, R16
209B-21 08           198 (     1)                 SBC     R2, R1
209C-41 08           199 (     1)                 SBC     R4, R1
209D-81 08           200 (     1)                 SBC     R8, R1
209E-01 09           201 (     1)                 SBC     R16, R1
209F-                202
209F-11 18           203 (     1)                 SUB     R1, R1
20A0-12 18           204 (     1)                 SUB     R1, R2
20A1-14 18           205 (     1)                 SUB     R1, R4
20A2-18 18           206 (     1)                 SUB     R1, R8
20A3-10 1A           207 (     1)                 SUB     R1, R16
20A4-21 18           208 (     1)                 SUB     R2, R1
20A5-41 18           209 (     1)                 SUB     R4, R1
20A6-81 18           210 (     1)                 SUB     R8, R1
20A7-01 19           211 (     1)                 SUB     R16, R1
20A8-                212
20A8-                213          ;---------------------------------------------------------------------------
20A8-                214          ; Register immediate operand instructions
20A8-                215          ;---------------------------------------------------------------------------
20A8-                216
20A8-01 96           217 (     1)                 ADIW    R24, 1      Constant value is not checked on range
20A9-12 96           218 (     1)                 ADIW    R26, 2
20AA-24 96           219 (     1)                 ADIW    R28, 4
20AB-38 96           220 (     1)                 ADIW    R30, 8
20AC-40 96           221 (     1)                 ADIW    R24, 16
20AD-90 96           222 (     1)                 ADIW    R26, 32
20AE-21 96           223 (     1)                 ADIW    R28, 1
20AF-32 96           224 (     1)                 ADIW    R30, 2
20B0-04 96           225 (     1)                 ADIW    R24, 4
20B1-18 96           226 (     1)                 ADIW    R26, 8
20B2-60 96           227 (     1)                 ADIW    R28, 16
20B3-B0 96           228 (     1)                 ADIW    R30, 32
20B4-                229
20B4-11 70           230 (     1)                 ANDI    R17, 1
20B5-12 70           231 (     1)                 ANDI    R17, 2
20B6-14 70           232 (     1)                 ANDI    R17, 4
20B7-18 70           233 (     1)                 ANDI    R17, 8
20B8-10 71           234 (     1)                 ANDI    R17, 16
20B9-10 72           235 (     1)                 ANDI    R17, 32
20BA-10 74           236 (     1)                 ANDI    R17, 64
20BB-10 78           237 (     1)                 ANDI    R17, 128
20BC-21 70           238 (     1)                 ANDI    R18, 1
20BD-41 70           239 (     1)                 ANDI    R20, 1
20BE-81 70           240 (     1)                 ANDI    R24, 1
20BF-18 77           241 (     1)                 ANDI    R17, #$12345678     # Prefix is optional (use LSB)
20C0-16 75           242 (     1)                 ANDI    R17, /$12345678     / Use 2nd LSB
20C1-14 73           243 (     1)                 ANDI    R17, =$12345678     = User 2nd MSB
20C2-12 71           244 (     1)                 ANDI    R17, \$12345678     \ Use MSB
20C3-                245
20C3-1E 7F           246 (     1)                 CBR     R17, 1
20C4-1D 7F           247 (     1)                 CBR     R17, 2
20C5-1B 7F           248 (     1)                 CBR     R17, 4
20C6-17 7F           249 (     1)                 CBR     R17, 8
20C7-1F 7E           250 (     1)                 CBR     R17, 16
20C8-1F 7D           251 (     1)                 CBR     R17, 32
20C9-1F 7B           252 (     1)                 CBR     R17, 64
20CA-1F 77           253 (     1)                 CBR     R17, 128
20CB-2E 7F           254 (     1)                 CBR     R18, 1
20CC-4E 7F           255 (     1)                 CBR     R20, 1
20CD-8E 7F           256 (     1)                 CBR     R24, 1
20CE-                257
20CE-11 30           258 (     1)                 CPI     R17, 1
20CF-12 30           259 (     1)                 CPI     R17, 2
20D0-14 30           260 (     1)                 CPI     R17, 4
20D1-18 30           261 (     1)                 CPI     R17, 8
20D2-10 31           262 (     1)                 CPI     R17, 16
20D3-10 32           263 (     1)                 CPI     R17, 32
20D4-10 34           264 (     1)                 CPI     R17, 64
20D5-10 38           265 (     1)                 CPI     R17, 128
20D6-21 30           266 (     1)                 CPI     R18, 1
20D7-41 30           267 (     1)                 CPI     R20, 1
20D8-81 30           268 (     1)                 CPI     R24, 1
20D9-                269
20D9-11 E0           270 (     1)                 LDI     R17, 1
20DA-12 E0           271 (     1)                 LDI     R17, 2
20DB-14 E0           272 (     1)                 LDI     R17, 4
20DC-18 E0           273 (     1)                 LDI     R17, 8
20DD-10 E1           274 (     1)                 LDI     R17, 16
20DE-10 E2           275 (     1)                 LDI     R17, 32
20DF-10 E4           276 (     1)                 LDI     R17, 64
20E0-10 E8           277 (     1)                 LDI     R17, 128
20E1-21 E0           278 (     1)                 LDI     R18, 1
20E2-41 E0           279 (     1)                 LDI     R20, 1
20E3-81 E0           280 (     1)                 LDI     R24, 1
20E4-                281
20E4-11 60           282 (     1)                 ORI     R17, 1
20E5-12 60           283 (     1)                 ORI     R17, 2
20E6-14 60           284 (     1)                 ORI     R17, 4
20E7-18 60           285 (     1)                 ORI     R17, 8
20E8-10 61           286 (     1)                 ORI     R17, 16
20E9-10 62           287 (     1)                 ORI     R17, 32
20EA-10 64           288 (     1)                 ORI     R17, 64
20EB-10 68           289 (     1)                 ORI     R17, 128
20EC-21 60           290 (     1)                 ORI     R18, 1
20ED-41 60           291 (     1)                 ORI     R20, 1
20EE-81 60           292 (     1)                 ORI     R24, 1
20EF-                293
20EF-11 40           294 (     1)                 SBCI    R17, 1
20F0-12 40           295 (     1)                 SBCI    R17, 2
20F1-14 40           296 (     1)                 SBCI    R17, 4
20F2-18 40           297 (     1)                 SBCI    R17, 8
20F3-10 41           298 (     1)                 SBCI    R17, 16
20F4-10 42           299 (     1)                 SBCI    R17, 32
20F5-10 44           300 (     1)                 SBCI    R17, 64
20F6-10 48           301 (     1)                 SBCI    R17, 128
20F7-21 40           302 (     1)                 SBCI    R18, 1
20F8-41 40           303 (     1)                 SBCI    R20, 1
20F9-81 40           304 (     1)                 SBCI    R24, 1
20FA-                305
20FA-01 97           306 (     2)                 SBIW    R24, 1      Constant value is not checked on range
20FB-12 97           307 (     2)                 SBIW    R26, 2
20FC-24 97           308 (     2)                 SBIW    R28, 4
20FD-38 97           309 (     2)                 SBIW    R30, 8
20FE-40 97           310 (     2)                 SBIW    R24, 16
20FF-90 97           311 (     2)                 SBIW    R26, 32
2100-21 97           312 (     2)                 SBIW    R28, 1
2101-32 97           313 (     2)                 SBIW    R30, 2
2102-04 97           314 (     2)                 SBIW    R24, 4
2103-18 97           315 (     2)                 SBIW    R26, 8
2104-60 97           316 (     2)                 SBIW    R28, 16
2105-B0 97           317 (     2)                 SBIW    R30, 32
2106-                318
2106-11 60           319 (     1)                 SBR     R17, 1
2107-12 60           320 (     1)                 SBR     R17, 2
2108-14 60           321 (     1)                 SBR     R17, 4
2109-18 60           322 (     1)                 SBR     R17, 8
210A-10 61           323 (     1)                 SBR     R17, 16
210B-10 62           324 (     1)                 SBR     R17, 32
210C-10 64           325 (     1)                 SBR     R17, 64
210D-10 68           326 (     1)                 SBR     R17, 128
210E-21 60           327 (     1)                 SBR     R18, 1
210F-41 60           328 (     1)                 SBR     R20, 1
2110-81 60           329 (     1)                 SBR     R24, 1
2111-                330
2111-11 50           331 (     1)                 SUBI    R17, 1
2112-12 50           332 (     1)                 SUBI    R17, 2
2113-14 50           333 (     1)                 SUBI    R17, 4
2114-18 50           334 (     1)                 SUBI    R17, 8
2115-10 51           335 (     1)                 SUBI    R17, 16
2116-10 52           336 (     1)                 SUBI    R17, 32
2117-10 54           337 (     1)                 SUBI    R17, 64
2118-10 58           338 (     1)                 SUBI    R17, 128
2119-21 50           339 (     1)                 SUBI    R18, 1
211A-41 50           340 (     1)                 SUBI    R20, 1
211B-81 50           341 (     1)                 SUBI    R24, 1
211C-                342
211C-                343          ;---------------------------------------------------------------------------
211C-                344          ; Single register operand instructions
211C-                345          ;---------------------------------------------------------------------------
211C-                346
211C-15 94           347 (     1)                 ASR     R1
211D-25 94           348 (     1)                 ASR     R2
211E-45 94           349 (     1)                 ASR     R4
211F-85 94           350 (     1)                 ASR     R8
2120-05 95           351 (     1)                 ASR     R16
2121-                352
2121-11 24           353 (     1)                 CLR     R1
2122-22 24           354 (     1)                 CLR     R2
2123-44 24           355 (     1)                 CLR     R4
2124-88 24           356 (     1)                 CLR     R8
2125-00 27           357 (     1)                 CLR     R16
2126-                358
2126-10 94           359 (     1)                 COM     R1
2127-20 94           360 (     1)                 COM     R2
2128-40 94           361 (     1)                 COM     R4
2129-80 94           362 (     1)                 COM     R8
212A-00 95           363 (     1)                 COM     R16
212B-                364
212B-1A 94           365 (     1)                 DEC     R1
212C-2A 94           366 (     1)                 DEC     R2
212D-4A 94           367 (     1)                 DEC     R4
212E-8A 94           368 (     1)                 DEC     R8
212F-0A 95           369 (     1)                 DEC     R16
2130-                370
2130-13 94           371 (     1)                 INC     R1
2131-23 94           372 (     1)                 INC     R2
2132-43 94           373 (     1)                 INC     R4
2133-83 94           374 (     1)                 INC     R8
2134-03 95           375 (     1)                 INC     R16
2135-                376
2135-11 0C           377 (     1)                 LSL     R1
2136-22 0C           378 (     1)                 LSL     R2
2137-44 0C           379 (     1)                 LSL     R4
2138-88 0C           380 (     1)                 LSL     R8
2139-00 0F           381 (     1)                 LSL     R16
213A-                382
213A-16 94           383 (     1)                 LSR     R1
213B-26 94           384 (     1)                 LSR     R2
213C-46 94           385 (     1)                 LSR     R4
213D-86 94           386 (     1)                 LSR     R8
213E-06 95           387 (     1)                 LSR     R16
213F-                388
213F-11 94           389 (     1)                 NEG     R1
2140-21 94           390 (     1)                 NEG     R2
2141-41 94           391 (     1)                 NEG     R4
2142-81 94           392 (     1)                 NEG     R8
2143-01 95           393 (     1)                 NEG     R16
2144-                394
2144-1F 90           395 (     2)                 POP     R1
2145-2F 90           396 (     2)                 POP     R2
2146-4F 90           397 (     2)                 POP     R4
2147-8F 90           398 (     2)                 POP     R8
2148-0F 91           399 (     2)                 POP     R16
2149-                400
2149-1F 92           401 (   1/2)                 PUSH    R1
214A-2F 92           402 (   1/2)                 PUSH    R2
214B-4F 92           403 (   1/2)                 PUSH    R4
214C-8F 92           404 (   1/2)                 PUSH    R8
214D-0F 93           405 (   1/2)                 PUSH    R16
214E-                406
214E-11 1C           407 (     1)                 ROL     R1
214F-22 1C           408 (     1)                 ROL     R2
2150-44 1C           409 (     1)                 ROL     R4
2151-88 1C           410 (     1)                 ROL     R8
2152-00 1F           411 (     1)                 ROL     R16
2153-                412
2153-17 94           413 (     1)                 ROR     R1
2154-27 94           414 (     1)                 ROR     R2
2155-47 94           415 (     1)                 ROR     R4
2156-87 94           416 (     1)                 ROR     R8
2157-07 95           417 (     1)                 ROR     R16
2158-                418
2158-1F EF           419 (     1)                 SER     R17
2159-2F EF           420 (     1)                 SER     R18
215A-4F EF           421 (     1)                 SER     R20
215B-8F EF           422 (     1)                 SER     R24
215C-                423
215C-12 94           424 (     1)                 SWAP    R1
215D-22 94           425 (     1)                 SWAP    R2
215E-42 94           426 (     1)                 SWAP    R4
215F-82 94           427 (     1)                 SWAP    R8
2160-02 95           428 (     1)                 SWAP    R16
2161-                429
2161-11 20           430 (     1)                 TST     R1
2162-22 20           431 (     1)                 TST     R2
2163-44 20           432 (     1)                 TST     R4
2164-88 20           433 (     1)                 TST     R8
2165-00 23           434 (     1)                 TST     R16
2166-                435
2166-                436          ;---------------------------------------------------------------------------
2166-                437          ; Branch instructions
2166-                438          ;---------------------------------------------------------------------------
2166-                439
2166-01 F6           440 (   1/2)                 BRBC    1,$+1-64
2167-01 F7           441 (   1/2)                 BRBC    1,$+1-32
2168-81 F7           442 (   1/2)                 BRBC    1,$+1-16
2169-C1 F7           443 (   1/2)                 BRBC    1,$+1-8
216A-E1 F7           444 (   1/2)                 BRBC    1,$+1-4
216B-F1 F7           445 (   1/2)                 BRBC    1,$+1-2
216C-01 F4           446 (   1/2)                 BRBC    1,$+1
216D-09 F4           447 (   1/2)                 BRBC    1,$+1+1
216E-11 F4           448 (   1/2)                 BRBC    1,$+1+2
216F-21 F4           449 (   1/2)                 BRBC    1,$+1+4
2170-41 F4           450 (   1/2)                 BRBC    1,$+1+8
2171-81 F4           451 (   1/2)                 BRBC    1,$+1+16
2172-01 F5           452 (   1/2)                 BRBC    1,$+1+32
2173-02 F4           453 (   1/2)                 BRBC    2,$+1
2174-04 F4           454 (   1/2)                 BRBC    4,$+1
2175-                455
2175-01 F2           456 (   1/2)                 BRBS    1,$+1-64
2176-01 F3           457 (   1/2)                 BRBS    1,$+1-32
2177-81 F3           458 (   1/2)                 BRBS    1,$+1-16
2178-C1 F3           459 (   1/2)                 BRBS    1,$+1-8
2179-E1 F3           460 (   1/2)                 BRBS    1,$+1-4
217A-F1 F3           461 (   1/2)                 BRBS    1,$+1-2
217B-01 F0           462 (   1/2)                 BRBS    1,$+1
217C-09 F0           463 (   1/2)                 BRBS    1,$+1+1
217D-11 F0           464 (   1/2)                 BRBS    1,$+1+2
217E-21 F0           465 (   1/2)                 BRBS    1,$+1+4
217F-41 F0           466 (   1/2)                 BRBS    1,$+1+8
2180-81 F0           467 (   1/2)                 BRBS    1,$+1+16
2181-01 F1           468 (   1/2)                 BRBS    1,$+1+32
2182-02 F0           469 (   1/2)                 BRBS    2,$+1
2183-04 F0           470 (   1/2)                 BRBS    4,$+1
2184-                471
2184-00 F6           472 (   1/2)                 BRCC    $+1-64
2185-00 F7           473 (   1/2)                 BRCC    $+1-32
2186-80 F7           474 (   1/2)                 BRCC    $+1-16
2187-C0 F7           475 (   1/2)                 BRCC    $+1-8
2188-E0 F7           476 (   1/2)                 BRCC    $+1-4
2189-F0 F7           477 (   1/2)                 BRCC    $+1-2
218A-00 F4           478 (   1/2)                 BRCC    $+1
218B-08 F4           479 (   1/2)                 BRCC    $+1+1
218C-10 F4           480 (   1/2)                 BRCC    $+1+2
218D-20 F4           481 (   1/2)                 BRCC    $+1+4
218E-40 F4           482 (   1/2)                 BRCC    $+1+8
218F-80 F4           483 (   1/2)                 BRCC    $+1+16
2190-00 F5           484 (   1/2)                 BRCC    $+1+32
2191-                485
2191-00 F2           486 (   1/2)                 BRCS    $+1-64
2192-00 F3           487 (   1/2)                 BRCS    $+1-32
2193-80 F3           488 (   1/2)                 BRCS    $+1-16
2194-C0 F3           489 (   1/2)                 BRCS    $+1-8
2195-E0 F3           490 (   1/2)                 BRCS    $+1-4
2196-F0 F3           491 (   1/2)                 BRCS    $+1-2
2197-00 F0           492 (   1/2)                 BRCS    $+1
2198-08 F0           493 (   1/2)                 BRCS    $+1+1
2199-10 F0           494 (   1/2)                 BRCS    $+1+2
219A-20 F0           495 (   1/2)                 BRCS    $+1+4
219B-40 F0           496 (   1/2)                 BRCS    $+1+8
219C-80 F0           497 (   1/2)                 BRCS    $+1+16
219D-00 F1           498 (   1/2)                 BRCS    $+1+32
219E-                499
219E-01 F2           500 (   1/2)                 BREQ    $+1-64
219F-01 F3           501 (   1/2)                 BREQ    $+1-32
21A0-81 F3           502 (   1/2)                 BREQ    $+1-16
21A1-C1 F3           503 (   1/2)                 BREQ    $+1-8
21A2-E1 F3           504 (   1/2)                 BREQ    $+1-4
21A3-F1 F3           505 (   1/2)                 BREQ    $+1-2
21A4-01 F0           506 (   1/2)                 BREQ    $+1
21A5-09 F0           507 (   1/2)                 BREQ    $+1+1
21A6-11 F0           508 (   1/2)                 BREQ    $+1+2
21A7-21 F0           509 (   1/2)                 BREQ    $+1+4
21A8-41 F0           510 (   1/2)                 BREQ    $+1+8
21A9-81 F0           511 (   1/2)                 BREQ    $+1+16
21AA-01 F1           512 (   1/2)                 BREQ    $+1+32
21AB-                513
21AB-04 F6           514 (   1/2)                 BRGE    $+1-64
21AC-04 F7           515 (   1/2)                 BRGE    $+1-32
21AD-84 F7           516 (   1/2)                 BRGE    $+1-16
21AE-C4 F7           517 (   1/2)                 BRGE    $+1-8
21AF-E4 F7           518 (   1/2)                 BRGE    $+1-4
21B0-F4 F7           519 (   1/2)                 BRGE    $+1-2
21B1-04 F4           520 (   1/2)                 BRGE    $+1
21B2-0C F4           521 (   1/2)                 BRGE    $+1+1
21B3-14 F4           522 (   1/2)                 BRGE    $+1+2
21B4-24 F4           523 (   1/2)                 BRGE    $+1+4
21B5-44 F4           524 (   1/2)                 BRGE    $+1+8
21B6-84 F4           525 (   1/2)                 BRGE    $+1+16
21B7-04 F5           526 (   1/2)                 BRGE    $+1+32
21B8-                527
21B8-05 F6           528 (   1/2)                 BRHC    $+1-64
21B9-05 F7           529 (   1/2)                 BRHC    $+1-32
21BA-85 F7           530 (   1/2)                 BRHC    $+1-16
21BB-C5 F7           531 (   1/2)                 BRHC    $+1-8
21BC-E5 F7           532 (   1/2)                 BRHC    $+1-4
21BD-F5 F7           533 (   1/2)                 BRHC    $+1-2
21BE-05 F4           534 (   1/2)                 BRHC    $+1
21BF-0D F4           535 (   1/2)                 BRHC    $+1+1
21C0-15 F4           536 (   1/2)                 BRHC    $+1+2
21C1-25 F4           537 (   1/2)                 BRHC    $+1+4
21C2-45 F4           538 (   1/2)                 BRHC    $+1+8
21C3-85 F4           539 (   1/2)                 BRHC    $+1+16
21C4-05 F5           540 (   1/2)                 BRHC    $+1+32
21C5-                541
21C5-05 F2           542 (   1/2)                 BRHS    $+1-64
21C6-05 F3           543 (   1/2)                 BRHS    $+1-32
21C7-85 F3           544 (   1/2)                 BRHS    $+1-16
21C8-C5 F3           545 (   1/2)                 BRHS    $+1-8
21C9-E5 F3           546 (   1/2)                 BRHS    $+1-4
21CA-F5 F3           547 (   1/2)                 BRHS    $+1-2
21CB-05 F0           548 (   1/2)                 BRHS    $+1
21CC-0D F0           549 (   1/2)                 BRHS    $+1+1
21CD-15 F0           550 (   1/2)                 BRHS    $+1+2
21CE-25 F0           551 (   1/2)                 BRHS    $+1+4
21CF-45 F0           552 (   1/2)                 BRHS    $+1+8
21D0-85 F0           553 (   1/2)                 BRHS    $+1+16
21D1-05 F1           554 (   1/2)                 BRHS    $+1+32
21D2-                555
21D2-07 F6           556 (   1/2)                 BRID    $+1-64
21D3-07 F7           557 (   1/2)                 BRID    $+1-32
21D4-87 F7           558 (   1/2)                 BRID    $+1-16
21D5-C7 F7           559 (   1/2)                 BRID    $+1-8
21D6-E7 F7           560 (   1/2)                 BRID    $+1-4
21D7-F7 F7           561 (   1/2)                 BRID    $+1-2
21D8-07 F4           562 (   1/2)                 BRID    $+1
21D9-0F F4           563 (   1/2)                 BRID    $+1+1
21DA-17 F4           564 (   1/2)                 BRID    $+1+2
21DB-27 F4           565 (   1/2)                 BRID    $+1+4
21DC-47 F4           566 (   1/2)                 BRID    $+1+8
21DD-87 F4           567 (   1/2)                 BRID    $+1+16
21DE-07 F5           568 (   1/2)                 BRID    $+1+32
21DF-                569
21DF-07 F2           570 (   1/2)                 BRIE    $+1-64
21E0-07 F3           571 (   1/2)                 BRIE    $+1-32
21E1-87 F3           572 (   1/2)                 BRIE    $+1-16
21E2-C7 F3           573 (   1/2)                 BRIE    $+1-8
21E3-E7 F3           574 (   1/2)                 BRIE    $+1-4
21E4-F7 F3           575 (   1/2)                 BRIE    $+1-2
21E5-07 F0           576 (   1/2)                 BRIE    $+1
21E6-0F F0           577 (   1/2)                 BRIE    $+1+1
21E7-17 F0           578 (   1/2)                 BRIE    $+1+2
21E8-27 F0           579 (   1/2)                 BRIE    $+1+4
21E9-47 F0           580 (   1/2)                 BRIE    $+1+8
21EA-87 F0           581 (   1/2)                 BRIE    $+1+16
21EB-07 F1           582 (   1/2)                 BRIE    $+1+32
21EC-                583
21EC-00 F2           584 (   1/2)                 BRLO    $+1-64
21ED-00 F3           585 (   1/2)                 BRLO    $+1-32
21EE-80 F3           586 (   1/2)                 BRLO    $+1-16
21EF-C0 F3           587 (   1/2)                 BRLO    $+1-8
21F0-E0 F3           588 (   1/2)                 BRLO    $+1-4
21F1-F0 F3           589 (   1/2)                 BRLO    $+1-2
21F2-00 F0           590 (   1/2)                 BRLO    $+1
21F3-08 F0           591 (   1/2)                 BRLO    $+1+1
21F4-10 F0           592 (   1/2)                 BRLO    $+1+2
21F5-20 F0           593 (   1/2)                 BRLO    $+1+4
21F6-40 F0           594 (   1/2)                 BRLO    $+1+8
21F7-80 F0           595 (   1/2)                 BRLO    $+1+16
21F8-00 F1           596 (   1/2)                 BRLO    $+1+32
21F9-                597
21F9-04 F2           598 (   1/2)                 BRLT    $+1-64
21FA-04 F3           599 (   1/2)                 BRLT    $+1-32
21FB-84 F3           600 (   1/2)                 BRLT    $+1-16
21FC-C4 F3           601 (   1/2)                 BRLT    $+1-8
21FD-E4 F3           602 (   1/2)                 BRLT    $+1-4
21FE-F4 F3           603 (   1/2)                 BRLT    $+1-2
21FF-04 F0           604 (   1/2)                 BRLT    $+1
2200-0C F0           605 (   1/2)                 BRLT    $+1+1
2201-14 F0           606 (   1/2)                 BRLT    $+1+2
2202-24 F0           607 (   1/2)                 BRLT    $+1+4
2203-44 F0           608 (   1/2)                 BRLT    $+1+8
2204-84 F0           609 (   1/2)                 BRLT    $+1+16
2205-04 F1           610 (   1/2)                 BRLT    $+1+32
2206-                611
2206-02 F2           612 (   1/2)                 BRMI    $+1-64
2207-02 F3           613 (   1/2)                 BRMI    $+1-32
2208-82 F3           614 (   1/2)                 BRMI    $+1-16
2209-C2 F3           615 (   1/2)                 BRMI    $+1-8
220A-E2 F3           616 (   1/2)                 BRMI    $+1-4
220B-F2 F3           617 (   1/2)                 BRMI    $+1-2
220C-02 F0           618 (   1/2)                 BRMI    $+1
220D-0A F0           619 (   1/2)                 BRMI    $+1+1
220E-12 F0           620 (   1/2)                 BRMI    $+1+2
220F-22 F0           621 (   1/2)                 BRMI    $+1+4
2210-42 F0           622 (   1/2)                 BRMI    $+1+8
2211-82 F0           623 (   1/2)                 BRMI    $+1+16
2212-02 F1           624 (   1/2)                 BRMI    $+1+32
2213-                625
2213-01 F6           626 (   1/2)                 BRNE    $+1-64
2214-01 F7           627 (   1/2)                 BRNE    $+1-32
2215-81 F7           628 (   1/2)                 BRNE    $+1-16
2216-C1 F7           629 (   1/2)                 BRNE    $+1-8
2217-E1 F7           630 (   1/2)                 BRNE    $+1-4
2218-F1 F7           631 (   1/2)                 BRNE    $+1-2
2219-01 F4           632 (   1/2)                 BRNE    $+1
221A-09 F4           633 (   1/2)                 BRNE    $+1+1
221B-11 F4           634 (   1/2)                 BRNE    $+1+2
221C-21 F4           635 (   1/2)                 BRNE    $+1+4
221D-41 F4           636 (   1/2)                 BRNE    $+1+8
221E-81 F4           637 (   1/2)                 BRNE    $+1+16
221F-01 F5           638 (   1/2)                 BRNE    $+1+32
2220-                639
2220-02 F6           640 (   1/2)                 BRPL    $+1-64
2221-02 F7           641 (   1/2)                 BRPL    $+1-32
2222-82 F7           642 (   1/2)                 BRPL    $+1-16
2223-C2 F7           643 (   1/2)                 BRPL    $+1-8
2224-E2 F7           644 (   1/2)                 BRPL    $+1-4
2225-F2 F7           645 (   1/2)                 BRPL    $+1-2
2226-02 F4           646 (   1/2)                 BRPL    $+1
2227-0A F4           647 (   1/2)                 BRPL    $+1+1
2228-12 F4           648 (   1/2)                 BRPL    $+1+2
2229-22 F4           649 (   1/2)                 BRPL    $+1+4
222A-42 F4           650 (   1/2)                 BRPL    $+1+8
222B-82 F4           651 (   1/2)                 BRPL    $+1+16
222C-02 F5           652 (   1/2)                 BRPL    $+1+32
222D-                653
222D-00 F6           654 (   1/2)                 BRSH    $+1-64
222E-00 F7           655 (   1/2)                 BRSH    $+1-32
222F-80 F7           656 (   1/2)                 BRSH    $+1-16
2230-C0 F7           657 (   1/2)                 BRSH    $+1-8
2231-E0 F7           658 (   1/2)                 BRSH    $+1-4
2232-F0 F7           659 (   1/2)                 BRSH    $+1-2
2233-00 F4           660 (   1/2)                 BRSH    $+1
2234-08 F4           661 (   1/2)                 BRSH    $+1+1
2235-10 F4           662 (   1/2)                 BRSH    $+1+2
2236-20 F4           663 (   1/2)                 BRSH    $+1+4
2237-40 F4           664 (   1/2)                 BRSH    $+1+8
2238-80 F4           665 (   1/2)                 BRSH    $+1+16
2239-00 F5           666 (   1/2)                 BRSH    $+1+32
223A-                667
223A-06 F6           668 (   1/2)                 BRTC    $+1-64
223B-06 F7           669 (   1/2)                 BRTC    $+1-32
223C-86 F7           670 (   1/2)                 BRTC    $+1-16
223D-C6 F7           671 (   1/2)                 BRTC    $+1-8
223E-E6 F7           672 (   1/2)                 BRTC    $+1-4
223F-F6 F7           673 (   1/2)                 BRTC    $+1-2
2240-06 F4           674 (   1/2)                 BRTC    $+1
2241-0E F4           675 (   1/2)                 BRTC    $+1+1
2242-16 F4           676 (   1/2)                 BRTC    $+1+2
2243-26 F4           677 (   1/2)                 BRTC    $+1+4
2244-46 F4           678 (   1/2)                 BRTC    $+1+8
2245-86 F4           679 (   1/2)                 BRTC    $+1+16
2246-06 F5           680 (   1/2)                 BRTC    $+1+32
2247-                681
2247-06 F2           682 (   1/2)                 BRTS    $+1-64
2248-06 F3           683 (   1/2)                 BRTS    $+1-32
2249-86 F3           684 (   1/2)                 BRTS    $+1-16
224A-C6 F3           685 (   1/2)                 BRTS    $+1-8
224B-E6 F3           686 (   1/2)                 BRTS    $+1-4
224C-F6 F3           687 (   1/2)                 BRTS    $+1-2
224D-06 F0           688 (   1/2)                 BRTS    $+1
224E-0E F0           689 (   1/2)                 BRTS    $+1+1
224F-16 F0           690 (   1/2)                 BRTS    $+1+2
2250-26 F0           691 (   1/2)                 BRTS    $+1+4
2251-46 F0           692 (   1/2)                 BRTS    $+1+8
2252-86 F0           693 (   1/2)                 BRTS    $+1+16
2253-06 F1           694 (   1/2)                 BRTS    $+1+32
2254-                695
2254-03 F6           696 (   1/2)                 BRVC    $+1-64
2255-03 F7           697 (   1/2)                 BRVC    $+1-32
2256-83 F7           698 (   1/2)                 BRVC    $+1-16
2257-C3 F7           699 (   1/2)                 BRVC    $+1-8
2258-E3 F7           700 (   1/2)                 BRVC    $+1-4
2259-F3 F7           701 (   1/2)                 BRVC    $+1-2
225A-03 F4           702 (   1/2)                 BRVC    $+1
225B-0B F4           703 (   1/2)                 BRVC    $+1+1
225C-13 F4           704 (   1/2)                 BRVC    $+1+2
225D-23 F4           705 (   1/2)                 BRVC    $+1+4
225E-43 F4           706 (   1/2)                 BRVC    $+1+8
225F-83 F4           707 (   1/2)                 BRVC    $+1+16
2260-03 F5           708 (   1/2)                 BRVC    $+1+32
2261-                709
2261-03 F2           710 (   1/2)                 BRVS    $+1-64
2262-03 F3           711 (   1/2)                 BRVS    $+1-32
2263-83 F3           712 (   1/2)                 BRVS    $+1-16
2264-C3 F3           713 (   1/2)                 BRVS    $+1-8
2265-E3 F3           714 (   1/2)                 BRVS    $+1-4
2266-F3 F3           715 (   1/2)                 BRVS    $+1-2
2267-03 F0           716 (   1/2)                 BRVS    $+1
2268-0B F0           717 (   1/2)                 BRVS    $+1+1
2269-13 F0           718 (   1/2)                 BRVS    $+1+2
226A-23 F0           719 (   1/2)                 BRVS    $+1+4
226B-43 F0           720 (   1/2)                 BRVS    $+1+8
226C-83 F0           721 (   1/2)                 BRVS    $+1+16
226D-03 F1           722 (   1/2)                 BRVS    $+1+32
226E-                723
226E-                724          ;---------------------------------------------------------------------------
226E-                725          ; Jump and CALL instructions
226E-                726          ;---------------------------------------------------------------------------
226E-                727
226E-00 D8           728 ( 2/3/4)                 RCALL   $+1-2048
226F-00 DC           729 ( 2/3/4)                 RCALL   $+1-1024
2270-00 DE           730 ( 2/3/4)                 RCALL   $+1-512
2271-00 DF           731 ( 2/3/4)                 RCALL   $+1-256
2272-80 DF           732 ( 2/3/4)                 RCALL   $+1-128
2273-C0 DF           733 ( 2/3/4)                 RCALL   $+1-64
2274-E0 DF           734 ( 2/3/4)                 RCALL   $+1-32
2275-F0 DF           735 ( 2/3/4)                 RCALL   $+1-16
2276-F8 DF           736 ( 2/3/4)                 RCALL   $+1-8
2277-FC DF           737 ( 2/3/4)                 RCALL   $+1-4
2278-FE DF           738 ( 2/3/4)                 RCALL   $+1-2
2279-00 D0           739 ( 2/3/4)                 RCALL   $+1
227A-01 D0           740 ( 2/3/4)                 RCALL   $+1+1
227B-02 D0           741 ( 2/3/4)                 RCALL   $+1+2
227C-04 D0           742 ( 2/3/4)                 RCALL   $+1+4
227D-08 D0           743 ( 2/3/4)                 RCALL   $+1+8
227E-10 D0           744 ( 2/3/4)                 RCALL   $+1+16
227F-20 D0           745 ( 2/3/4)                 RCALL   $+1+32
2280-40 D0           746 ( 2/3/4)                 RCALL   $+1+64
2281-80 D0           747 ( 2/3/4)                 RCALL   $+1+128
2282-00 D1           748 ( 2/3/4)                 RCALL   $+1+256
2283-00 D2           749 ( 2/3/4)                 RCALL   $+1+512
2284-00 D4           750 ( 2/3/4)                 RCALL   $+1+1024
2285-                751
2285-00 C8           752 (     2)                 RJMP    $+1-2048
2286-00 CC           753 (     2)                 RJMP    $+1-1024
2287-00 CE           754 (     2)                 RJMP    $+1-512
2288-00 CF           755 (     2)                 RJMP    $+1-256
2289-80 CF           756 (     2)                 RJMP    $+1-128
228A-C0 CF           757 (     2)                 RJMP    $+1-64
228B-E0 CF           758 (     2)                 RJMP    $+1-32
228C-F0 CF           759 (     2)                 RJMP    $+1-16
228D-F8 CF           760 (     2)                 RJMP    $+1-8
228E-FC CF           761 (     2)                 RJMP    $+1-4
228F-FE CF           762 (     2)                 RJMP    $+1-2
2290-00 C0           763 (     2)                 RJMP    $+1
2291-01 C0           764 (     2)                 RJMP    $+1+1
2292-02 C0           765 (     2)                 RJMP    $+1+2
2293-04 C0           766 (     2)                 RJMP    $+1+4
2294-08 C0           767 (     2)                 RJMP    $+1+8
2295-10 C0           768 (     2)                 RJMP    $+1+16
2296-20 C0           769 (     2)                 RJMP    $+1+32
2297-40 C0           770 (     2)                 RJMP    $+1+64
2298-80 C0           771 (     2)                 RJMP    $+1+128
2299-00 C1           772 (     2)                 RJMP    $+1+256
229A-00 C2           773 (     2)                 RJMP    $+1+512
229B-00 C4           774 (     2)                 RJMP    $+1+1024
229C-                775
229C-0E 94 01 00     776 ( 3/4/5)                 CALL    $000001
229E-0E 94 02 00     777 ( 3/4/5)                 CALL    $000002
22A0-0E 94 04 00     778 ( 3/4/5)                 CALL    $000004
22A2-0E 94 08 00     779 ( 3/4/5)                 CALL    $000008
22A4-0E 94 10 00     780 ( 3/4/5)                 CALL    $000010
22A6-0E 94 20 00     781 ( 3/4/5)                 CALL    $000020
22A8-0E 94 40 00     782 ( 3/4/5)                 CALL    $000040
22AA-0E 94 80 00     783 ( 3/4/5)                 CALL    $000080
22AC-0E 94 00 01     784 ( 3/4/5)                 CALL    $000100
22AE-0E 94 00 02     785 ( 3/4/5)                 CALL    $000200
22B0-0E 94 00 04     786 ( 3/4/5)                 CALL    $000400
22B2-0E 94 00 08     787 ( 3/4/5)                 CALL    $000800
22B4-0E 94 00 10     788 ( 3/4/5)                 CALL    $001000
22B6-0E 94 00 20     789 ( 3/4/5)                 CALL    $002000
22B8-0E 94 00 40     790 ( 3/4/5)                 CALL    $004000
22BA-0E 94 00 80     791 ( 3/4/5)                 CALL    $008000
22BC-0F 94 00 00     792 ( 3/4/5)                 CALL    $010000
22BE-1E 94 00 00     793 ( 3/4/5)                 CALL    $020000
22C0-2E 94 00 00     794 ( 3/4/5)                 CALL    $040000
22C2-4E 94 00 00     795 ( 3/4/5)                 CALL    $080000
22C4-8E 94 00 00     796 ( 3/4/5)                 CALL    $100000
22C6-0E 95 00 00     797 ( 3/4/5)                 CALL    $200000
22C8-                798
22C8-0C 94 01 00     799 (     3)                 JMP     $000001
22CA-0C 94 02 00     800 (     3)                 JMP     $000002
22CC-0C 94 04 00     801 (     3)                 JMP     $000004
22CE-0C 94 08 00     802 (     3)                 JMP     $000008
22D0-0C 94 10 00     803 (     3)                 JMP     $000010
22D2-0C 94 20 00     804 (     3)                 JMP     $000020
22D4-0C 94 40 00     805 (     3)                 JMP     $000040
22D6-0C 94 80 00     806 (     3)                 JMP     $000080
22D8-0C 94 00 01     807 (     3)                 JMP     $000100
22DA-0C 94 00 02     808 (     3)                 JMP     $000200
22DC-0C 94 00 04     809 (     3)                 JMP     $000400
22DE-0C 94 00 08     810 (     3)                 JMP     $000800
22E0-0C 94 00 10     811 (     3)                 JMP     $001000
22E2-0C 94 00 20     812 (     3)                 JMP     $002000
22E4-0C 94 00 40     813 (     3)                 JMP     $004000
22E6-0C 94 00 80     814 (     3)                 JMP     $008000
22E8-0D 94 00 00     815 (     3)                 JMP     $010000
22EA-1C 94 00 00     816 (     3)                 JMP     $020000
22EC-2C 94 00 00     817 (     3)                 JMP     $040000
22EE-4C 94 00 00     818 (     3)                 JMP     $080000
22F0-8C 94 00 00     819 (     3)                 JMP     $100000
22F2-0C 95 00 00     820 (     3)                 JMP     $200000
22F4-                821
22F4-                822          ;---------------------------------------------------------------------------
22F4-                823          ; Register bit operand instructions
22F4-                824          ;---------------------------------------------------------------------------
22F4-                825
22F4-11 F8           826 (     1)                 BLD     R1, 1
22F5-12 F8           827 (     1)                 BLD     R1, 2
22F6-14 F8           828 (     1)                 BLD     R1, 4
22F7-21 F8           829 (     1)                 BLD     R2, 1
22F8-41 F8           830 (     1)                 BLD     R4, 1
22F9-81 F8           831 (     1)                 BLD     R8, 1
22FA-01 F9           832 (     1)                 BLD     R16, 1
22FB-                833
22FB-11 FA           834 (     1)                 BST     R1, 1
22FC-12 FA           835 (     1)                 BST     R1, 2
22FD-14 FA           836 (     1)                 BST     R1, 4
22FE-21 FA           837 (     1)                 BST     R2, 1
22FF-41 FA           838 (     1)                 BST     R4, 1
2300-81 FA           839 (     1)                 BST     R8, 1
2301-01 FB           840 (     1)                 BST     R16, 1
2302-                841
2302-11 FC           842 ( 1/2/3)                 SBRC    R1, 1
2303-12 FC           843 ( 1/2/3)                 SBRC    R1, 2
2304-14 FC           844 ( 1/2/3)                 SBRC    R1, 4
2305-21 FC           845 ( 1/2/3)                 SBRC    R2, 1
2306-41 FC           846 ( 1/2/3)                 SBRC    R4, 1
2307-81 FC           847 ( 1/2/3)                 SBRC    R8, 1
2308-01 FD           848 ( 1/2/3)                 SBRC    R16, 1
2309-                849
2309-11 FE           850 ( 1/2/3)                 SBRS    R1, 1
230A-12 FE           851 ( 1/2/3)                 SBRS    R1, 2
230B-14 FE           852 ( 1/2/3)                 SBRS    R1, 4
230C-21 FE           853 ( 1/2/3)                 SBRS    R2, 1
230D-41 FE           854 ( 1/2/3)                 SBRS    R4, 1
230E-81 FE           855 ( 1/2/3)                 SBRS    R8, 1
230F-01 FF           856 ( 1/2/3)                 SBRS    R16, 1
2310-                857
2310-                858          ;---------------------------------------------------------------------------
2310-                859          ; I/O bit operand instructions
2310-                860          ;---------------------------------------------------------------------------
2310-                861
2310-09 98           862 (   1/2)                 CBI     1, 1
2311-0A 98           863 (   1/2)                 CBI     1, 2
2312-0C 98           864 (   1/2)                 CBI     1, 4
2313-11 98           865 (   1/2)                 CBI     2, 1
2314-21 98           866 (   1/2)                 CBI     4, 1
2315-41 98           867 (   1/2)                 CBI     8, 1
2316-81 98           868 (   1/2)                 CBI     16, 1
2317-                869
2317-09 9A           870 (   1/2)                 SBI     1, 1
2318-0A 9A           871 (   1/2)                 SBI     1, 2
2319-0C 9A           872 (   1/2)                 SBI     1, 4
231A-11 9A           873 (   1/2)                 SBI     2, 1
231B-21 9A           874 (   1/2)                 SBI     4, 1
231C-41 9A           875 (   1/2)                 SBI     8, 1
231D-81 9A           876 (   1/2)                 SBI     16, 1
231E-                877
231E-09 99           878 (2/3/4*)                 SBIC    1, 1
231F-0A 99           879 (2/3/4*)                 SBIC    1, 2
2320-0C 99           880 (2/3/4*)                 SBIC    1, 4
2321-11 99           881 (2/3/4*)                 SBIC    2, 1
2322-21 99           882 (2/3/4*)                 SBIC    4, 1
2323-41 99           883 (2/3/4*)                 SBIC    8, 1
2324-81 99           884 (2/3/4*)                 SBIC    16, 1
2325-                885
2325-09 9B           886 (2/3/4*)                 SBIS    1, 1
2326-0A 9B           887 (2/3/4*)                 SBIS    1, 2
2327-0C 9B           888 (2/3/4*)                 SBIS    1, 4
2328-11 9B           889 (2/3/4*)                 SBIS    2, 1
2329-21 9B           890 (2/3/4*)                 SBIS    4, 1
232A-41 9B           891 (2/3/4*)                 SBIS    8, 1
232B-81 9B           892 (2/3/4*)                 SBIS    16, 1
232C-                893
232C-                894          ;---------------------------------------------------------------------------
232C-                895          ; LD and ST instructions
232C-                896          ;---------------------------------------------------------------------------
232C-                897
232C-1C 90           898 ( 1/2/3)                 LD      R1, X
232D-2C 90           899 ( 1/2/3)                 LD      R2, X
232E-4C 90           900 ( 1/2/3)                 LD      R4, X
232F-8C 90           901 ( 1/2/3)                 LD      R8, X
2330-0C 91           902 ( 1/2/3)                 LD      R16, X
2331-1D 90           903 ( 1/2/3)                 LD      R1, X+
2332-2D 90           904 ( 1/2/3)                 LD      R2, X+
2333-4D 90           905 ( 1/2/3)                 LD      R4, X+
2334-8D 90           906 ( 1/2/3)                 LD      R8, X+
2335-0D 91           907 ( 1/2/3)                 LD      R16, X+
2336-1E 90           908 ( 1/2/3)                 LD      R1, -X
2337-2E 90           909 ( 1/2/3)                 LD      R2, -X
2338-4E 90           910 ( 1/2/3)                 LD      R4, -X
2339-8E 90           911 ( 1/2/3)                 LD      R8, -X
233A-0E 91           912 ( 1/2/3)                 LD      R16, -X
233B-                913
233B-18 80           914 ( 1/2/3)                 LD      R1, Y
233C-28 80           915 ( 1/2/3)                 LD      R2, Y
233D-48 80           916 ( 1/2/3)                 LD      R4, Y
233E-88 80           917 ( 1/2/3)                 LD      R8, Y
233F-08 81           918 ( 1/2/3)                 LD      R16, Y
2340-19 90           919 ( 1/2/3)                 LD      R1, Y+
2341-29 90           920 ( 1/2/3)                 LD      R2, Y+
2342-49 90           921 ( 1/2/3)                 LD      R4, Y+
2343-89 90           922 ( 1/2/3)                 LD      R8, Y+
2344-09 91           923 ( 1/2/3)                 LD      R16, Y+
2345-1A 90           924 ( 1/2/3)                 LD      R1, -Y
2346-2A 90           925 ( 1/2/3)                 LD      R2, -Y
2347-4A 90           926 ( 1/2/3)                 LD      R4, -Y
2348-8A 90           927 ( 1/2/3)                 LD      R8, -Y
2349-0A 91           928 ( 1/2/3)                 LD      R16, -Y
234A-                929
234A-19 80           930 ( 1/2/3)                 LDD     R1, Y+1
234B-29 80           931 ( 1/2/3)                 LDD     R2, Y+1
234C-49 80           932 ( 1/2/3)                 LDD     R4, Y+1
234D-89 80           933 ( 1/2/3)                 LDD     R8, Y+1
234E-09 81           934 ( 1/2/3)                 LDD     R16, Y+1
234F-1A 80           935 ( 1/2/3)                 LDD     R1, Y+2
2350-1C 80           936 ( 1/2/3)                 LDD     R1, Y+4
2351-18 84           937 ( 1/2/3)                 LDD     R1, Y+8
2352-18 88           938 ( 1/2/3)                 LDD     R1, Y+16
2353-18 A0           939 ( 1/2/3)                 LDD     R1, Y+32
2354-                940
2354-10 80           941 ( 1/2/3)                 LD      R1, Z
2355-20 80           942 ( 1/2/3)                 LD      R2, Z
2356-40 80           943 ( 1/2/3)                 LD      R4, Z
2357-80 80           944 ( 1/2/3)                 LD      R8, Z
2358-00 81           945 ( 1/2/3)                 LD      R16, Z
2359-11 90           946 ( 1/2/3)                 LD      R1, Z+
235A-21 90           947 ( 1/2/3)                 LD      R2, Z+
235B-41 90           948 ( 1/2/3)                 LD      R4, Z+
235C-81 90           949 ( 1/2/3)                 LD      R8, Z+
235D-01 91           950 ( 1/2/3)                 LD      R16, Z+
235E-12 90           951 ( 1/2/3)                 LD      R1, -Z
235F-22 90           952 ( 1/2/3)                 LD      R2, -Z
2360-42 90           953 ( 1/2/3)                 LD      R4, -Z
2361-82 90           954 ( 1/2/3)                 LD      R8, -Z
2362-02 91           955 ( 1/2/3)                 LD      R16, -Z
2363-                956
2363-11 80           957 ( 1/2/3)                 LDD     R1, Z+1
2364-21 80           958 ( 1/2/3)                 LDD     R2, Z+1
2365-41 80           959 ( 1/2/3)                 LDD     R4, Z+1
2366-81 80           960 ( 1/2/3)                 LDD     R8, Z+1
2367-01 81           961 ( 1/2/3)                 LDD     R16, Z+1
2368-12 80           962 ( 1/2/3)                 LDD     R1, Z+2
2369-14 80           963 ( 1/2/3)                 LDD     R1, Z+4
236A-10 84           964 ( 1/2/3)                 LDD     R1, Z+8
236B-10 88           965 ( 1/2/3)                 LDD     R1, Z+16
236C-10 A0           966 ( 1/2/3)                 LDD     R1, Z+32
236D-                967
236D-1C 92           968 (   1/2)                 ST      X, 1
236E-2C 92           969 (   1/2)                 ST      X, 2
236F-4C 92           970 (   1/2)                 ST      X, 4
2370-8C 92           971 (   1/2)                 ST      X, 8
2371-0C 93           972 (   1/2)                 ST      X, 16
2372-1D 92           973 (   1/2)                 ST      X+, R1
2373-2D 92           974 (   1/2)                 ST      X+, R2
2374-4D 92           975 (   1/2)                 ST      X+, R4
2375-8D 92           976 (   1/2)                 ST      X+, R8
2376-0D 93           977 (   1/2)                 ST      X+, R16
2377-1E 92           978 (   1/2)                 ST      -X, R1
2378-2E 92           979 (   1/2)                 ST      -X, R2
2379-4E 92           980 (   1/2)                 ST      -X, R4
237A-8E 92           981 (   1/2)                 ST      -X, R8
237B-0E 93           982 (   1/2)                 ST      -X, R16
237C-                983
237C-18 82           984 (   1/2)                 ST      Y, R1
237D-28 82           985 (   1/2)                 ST      Y, R2
237E-48 82           986 (   1/2)                 ST      Y, R4
237F-88 82           987 (   1/2)                 ST      Y, R8
2380-08 83           988 (   1/2)                 ST      Y, R16
2381-19 92           989 (   1/2)                 ST      Y+, R1
2382-29 92           990 (   1/2)                 ST      Y+, R2
2383-49 92           991 (   1/2)                 ST      Y+, R4
2384-89 92           992 (   1/2)                 ST      Y+, R8
2385-09 93           993 (   1/2)                 ST      Y+, R16
2386-1A 92           994 (   1/2)                 ST      -Y, R1
2387-2A 92           995 (   1/2)                 ST      -Y, R2
2388-4A 92           996 (   1/2)                 ST      -Y, R4
2389-8A 92           997 (   1/2)                 ST      -Y, R8
238A-0A 93           998 (   1/2)                 ST      -Y, R16
238B-                999
238B-19 82          1000 (   1/2)                 STD     Y+1, R1
238C-29 82          1001 (   1/2)                 STD     Y+1, R2
238D-49 82          1002 (   1/2)                 STD     Y+1, R4
238E-89 82          1003 (   1/2)                 STD     Y+1, R8
238F-09 83          1004 (   1/2)                 STD     Y+1, R16
2390-1A 82          1005 (   1/2)                 STD     Y+2, R1
2391-1C 82          1006 (   1/2)                 STD     Y+4, R1
2392-18 86          1007 (   1/2)                 STD     Y+8, R1
2393-18 8A          1008 (   1/2)                 STD     Y+16, R1
2394-18 A2          1009 (   1/2)                 STD     Y+32, R1
2395-               1010
2395-10 82          1011 (   1/2)                 ST      Z, R1
2396-20 82          1012 (   1/2)                 ST      Z, R2
2397-40 82          1013 (   1/2)                 ST      Z, R4
2398-80 82          1014 (   1/2)                 ST      Z, R8
2399-00 83          1015 (   1/2)                 ST      Z, R16
239A-11 92          1016 (   1/2)                 ST      Z+, R1
239B-21 92          1017 (   1/2)                 ST      Z+, R2
239C-41 92          1018 (   1/2)                 ST      Z+, R4
239D-81 92          1019 (   1/2)                 ST      Z+, R8
239E-01 93          1020 (   1/2)                 ST      Z+, R16
239F-12 92          1021 (   1/2)                 ST      -Z, R1
23A0-22 92          1022 (   1/2)                 ST      -Z, R2
23A1-42 92          1023 (   1/2)                 ST      -Z, R4
23A2-82 92          1024 (   1/2)                 ST      -Z, R8
23A3-02 93          1025 (   1/2)                 ST      -Z, R16
23A4-               1026
23A4-11 82          1027 (   1/2)                 STD     z+1, R1
23A5-21 82          1028 (   1/2)                 STD     z+1, R2
23A6-41 82          1029 (   1/2)                 STD     z+1, R4
23A7-81 82          1030 (   1/2)                 STD     z+1, R8
23A8-01 83          1031 (   1/2)                 STD     z+1, R16
23A9-12 82          1032 (   1/2)                 STD     z+2, R1
23AA-14 82          1033 (   1/2)                 STD     z+4, R1
23AB-10 86          1034 (   1/2)                 STD     z+8, R1
23AC-10 8A          1035 (   1/2)                 STD     z+16, R1
23AD-10 A2          1036 (   1/2)                 STD     z+32, R1
23AE-               1037
23AE-               1038          ;---------------------------------------------------------------------------
23AE-               1039          ; LDS and STS instructions
23AE-               1040          ;---------------------------------------------------------------------------
23AE-               1041
23AE-10 90 01 00    1042 (   2/3)                 LDS     R1, 1
23B0-20 90 01 00    1043 (   2/3)                 LDS     R2, 1
23B2-40 90 01 00    1044 (   2/3)                 LDS     R4, 1
23B4-80 90 01 00    1045 (   2/3)                 LDS     R8, 1
23B6-00 91 01 00    1046 (   2/3)                 LDS     R16, 1
23B8-10 90 02 00    1047 (   2/3)                 LDS     R1, 2
23BA-10 90 04 00    1048 (   2/3)                 LDS     R1, 4
23BC-10 90 08 00    1049 (   2/3)                 LDS     R1, 8
23BE-10 90 10 00    1050 (   2/3)                 LDS     R1, 16
23C0-10 90 20 00    1051 (   2/3)                 LDS     R1, 32
23C2-10 90 40 00    1052 (   2/3)                 LDS     R1, 64
23C4-10 90 80 00    1053 (   2/3)                 LDS     R1, 128
23C6-10 90 00 01    1054 (   2/3)                 LDS     R1, 256
23C8-10 90 00 02    1055 (   2/3)                 LDS     R1, 512
23CA-10 90 00 04    1056 (   2/3)                 LDS     R1, 1024
23CC-10 90 00 08    1057 (   2/3)                 LDS     R1, 2048
23CE-10 90 00 10    1058 (   2/3)                 LDS     R1, 4096
23D0-10 90 00 20    1059 (   2/3)                 LDS     R1, 8192
23D2-10 90 00 40    1060 (   2/3)                 LDS     R1, 16384
23D4-10 90 00 80    1061 (   2/3)                 LDS     R1, 32768
23D6-               1062
23D6-10 92 01 00    1063 (     2)                 STS     1, R1
23D8-20 92 01 00    1064 (     2)                 STS     1, R2
23DA-40 92 01 00    1065 (     2)                 STS     1, R4
23DC-80 92 01 00    1066 (     2)                 STS     1, R8
23DE-00 93 01 00    1067 (     2)                 STS     1, R16
23E0-10 92 02 00    1068 (     2)                 STS     2, R1
23E2-10 92 04 00    1069 (     2)                 STS     4, R1
23E4-10 92 08 00    1070 (     2)                 STS     8, R1
23E6-10 92 10 00    1071 (     2)                 STS     16, R1
23E8-10 92 20 00    1072 (     2)                 STS     32, R1
23EA-10 92 40 00    1073 (     2)                 STS     64, R1
23EC-10 92 80 00    1074 (     2)                 STS     128, R1
23EE-10 92 00 01    1075 (     2)                 STS     256, R1
23F0-10 92 00 02    1076 (     2)                 STS     512, R1
23F2-10 92 00 04    1077 (     2)                 STS     1024, R1
23F4-10 92 00 08    1078 (     2)                 STS     2048, R1
23F6-10 92 00 10    1079 (     2)                 STS     4096, R1
23F8-10 92 00 20    1080 (     2)                 STS     8192, R1
23FA-10 92 00 40    1081 (     2)                 STS     16384, R1
23FC-10 92 00 80    1082 (     2)                 STS     32768, R1
23FE-               1083
23FE-               1084          ;---------------------------------------------------------------------------
23FE-               1085          ; (E)LPM instructions
23FE-               1086          ;---------------------------------------------------------------------------
23FE-               1087
23FE-D8 95          1088 (     3)                 ELPM
23FF-16 90          1089 (     3)                 ELPM    R1, Z
2400-26 90          1090 (     3)                 ELPM    R2, Z
2401-46 90          1091 (     3)                 ELPM    R4, Z
2402-86 90          1092 (     3)                 ELPM    R8, Z
2403-06 91          1093 (     3)                 ELPM    R16, Z
2404-17 90          1094 (     3)                 ELPM    R1, Z+
2405-27 90          1095 (     3)                 ELPM    R2, Z+
2406-47 90          1096 (     3)                 ELPM    R4, Z+
2407-87 90          1097 (     3)                 ELPM    R8, Z+
2408-07 91          1098 (     3)                 ELPM    R16, Z+
2409-               1099
2409-C8 95          1100 (     3)                 LPM
240A-14 90          1101 (     3)                 LPM     R1, Z
240B-24 90          1102 (     3)                 LPM     R2, Z
240C-44 90          1103 (     3)                 LPM     R4, Z
240D-84 90          1104 (     3)                 LPM     R8, Z
240E-04 91          1105 (     3)                 LPM     R16, Z
240F-15 90          1106 (     3)                 LPM     R1, Z+
2410-25 90          1107 (     3)                 LPM     R2, Z+
2411-45 90          1108 (     3)                 LPM     R4, Z+
2412-85 90          1109 (     3)                 LPM     R8, Z+
2413-05 91          1110 (     3)                 LPM     R16, Z+
2414-               1111
2414-               1112          ;---------------------------------------------------------------------------
2414-               1113          ; SPM instructions
2414-               1114          ;---------------------------------------------------------------------------
2414-               1115
2414-E8 95          1116 (     *)                 SPM                 Not supported by all devices
2415-E8 95          1117 (     *)                 SPM     z           Not supported by all devices
2416-F8 95          1118 (     *)                 SPM     z+
2417-               1119
2417-               1120          ;---------------------------------------------------------------------------
2417-               1121          ; I/O instructions
2417-               1122          ;---------------------------------------------------------------------------
2417-               1123
2417-11 B0          1124 (     1)                 IN      R1, 1
2418-21 B0          1125 (     1)                 IN      R2, 1
2419-41 B0          1126 (     1)                 IN      R4, 1
241A-81 B0          1127 (     1)                 IN      R8, 1
241B-01 B1          1128 (     1)                 IN      R16, 1
241C-12 B0          1129 (     1)                 IN      R1, 2
241D-14 B0          1130 (     1)                 IN      R1, 4
241E-18 B0          1131 (     1)                 IN      R1, 8
241F-10 B2          1132 (     1)                 IN      R1, 16
2420-10 B4          1133 (     1)                 IN      R1, 32
2421-               1134
2421-11 B8          1135 (     1)                 OUT     1, R1
2422-21 B8          1136 (     1)                 OUT     1, R2
2423-41 B8          1137 (     1)                 OUT     1, R4
2424-81 B8          1138 (     1)                 OUT     1, R8
2425-01 B9          1139 (     1)                 OUT     1, R16
2426-12 B8          1140 (     1)                 OUT     2, R1
2427-14 B8          1141 (     1)                 OUT     4, R1
2428-18 B8          1142 (     1)                 OUT     8, R1
2429-10 BA          1143 (     1)                 OUT     16, R1
242A-10 BC          1144 (     1)                 OUT     32, R1
242B-               1145
242B-               1146          ;---------------------------------------------------------------------------
242B-               1147          ; Bit clear and set instructions
242B-               1148          ;---------------------------------------------------------------------------
242B-               1149
242B-98 94          1150 (     1)                 BCLR    1
242C-A8 94          1151 (     1)                 BCLR    2
242D-C8 94          1152 (     1)                 BCLR    4
242E-               1153
242E-18 94          1154 (     1)                 BSET    1
242F-28 94          1155 (     1)                 BSET    2
2430-48 94          1156 (     1)                 BSET    4
2431-               1157
2431-               1158          ;---------------------------------------------------------------------------
2431-               1159          ; Immediate addressing mode notation options
2431-               1160          ;---------------------------------------------------------------------------
2431-               1161
12345678-           1162          DATA            .EQ     $12345678
2431-               1163
2431-18 E7          1164 (     1)                 LDI     R17, DATA       Normal Atmel notation
2432-18 E7          1165 (     1)                 LDI     R17, #DATA      Has same effect as the line above
2433-16 E5          1166 (     1)                 LDI     R17, /DATA      Use 2nd byte of long word imm mode
2434-14 E3          1167 (     1)                 LDI     R17, =DATA      Use 3d byte of long word imm mode
2435-12 E1          1168 (     1)                 LDI     R17, \DATA      Use MSB of long word in imm mode
2436-               1169
2436-               1170
