0000-                  2          ;---------------------------------------------------------------------------
0000-                  3          ;   mega.asm
0000-                  4          ;
0000-                  5          ;   Opcode test for the SB-Assembler AVR cross family
0000-                  6          ;
0000-                  7          ;   Valid for Enhanced Core up to 128k.
0000-                  8          ;
0000-                  9          ;---------------------------------------------------------------------------
0000-                 10
0000-                 11                          .CR     AVR     And now for something completely different
0000-                 12                          .FA     ENHANCED128K  (tested against Atmel-0856 document)
0000-                 13
0000-                 14                          .TF     test.hex, int
2000-                 15                          .OR     $2000   Avoid range errors for jumps and calls
2000-                 17
2000-                 18          ;---------------------------------------------------------------------------
2000-                 19          ; Inherent addressing mode
2000-                 20          ;---------------------------------------------------------------------------
2000-                 21
2000-98 95            22 (     1)                 BREAK
2001-88 94            23 (     1)                 CLC
2002-D8 94            24 (     1)                 CLH
2003-F8 94            25 (     1)                 CLI
2004-A8 94            26 (     1)                 CLN
2005-C8 94            27 (     1)                 CLS
2006-E8 94            28 (     1)                 CLT
2007-B8 94            29 (     1)                 CLV
2008-98 94            30 (     1)                 CLZ
2009-09 95            31 (2/3/4*)                 ICALL
200A-09 94            32 (     2)                 IJMP
200B-00 00            33 (     1)                 NOP
200C-08 95            34 (  4/5*)                 RET
200D-18 95            35 (  4/5*)                 RETI
200E-08 94            36 (     1)                 SEC
200F-58 94            37 (     1)                 SEH
2010-78 94            38 (     1)                 SEI
2011-28 94            39 (     1)                 SEN
2012-48 94            40 (     1)                 SES
2013-68 94            41 (     1)                 SET
2014-38 94            42 (     1)                 SEV
2015-18 94            43 (     1)                 SEZ
2016-88 95            44 (     1)                 SLEEP
2017-A8 95            45 (     1)                 WDR
2018-                 46
2018-                 47          ;---------------------------------------------------------------------------
2018-                 48          ; Register pair operand instructions
2018-                 49          ;---------------------------------------------------------------------------
2018-                 50
2018-11 1C            51 (     1)                 ADC     R1, R1
2019-12 1C            52 (     1)                 ADC     R1, R2
201A-14 1C            53 (     1)                 ADC     R1, R4
201B-18 1C            54 (     1)                 ADC     R1, R8
201C-10 1E            55 (     1)                 ADC     R1, R16
201D-21 1C            56 (     1)                 ADC     R2, R1
201E-41 1C            57 (     1)                 ADC     R4, R1
201F-81 1C            58 (     1)                 ADC     R8, R1
2020-01 1D            59 (     1)                 ADC     R16, R1
2021-                 60
2021-11 0C            61 (     1)                 ADD     1, 1            Numeric values are translated to
2022-12 0C            62 (     1)                 ADD     1, 2             registers automatically
2023-14 0C            63 (     1)                 ADD     1, 4
2024-18 0C            64 (     1)                 ADD     1, 8
2025-10 0E            65 (     1)                 ADD     1, 16
2026-21 0C            66 (     1)                 ADD     2, 1
2027-41 0C            67 (     1)                 ADD     4, 1
2028-81 0C            68 (     1)                 ADD     8, 1
2029-01 0D            69 (     1)                 ADD     16, 1
202A-                 70
202A-11 20            71 (     1)                 AND     R1, R1
202B-12 20            72 (     1)                 AND     R1, R2
202C-14 20            73 (     1)                 AND     R1, R4
202D-18 20            74 (     1)                 AND     R1, R8
202E-10 22            75 (     1)                 AND     R1, R16
202F-21 20            76 (     1)                 AND     R2, R1
2030-41 20            77 (     1)                 AND     R4, R1
2031-81 20            78 (     1)                 AND     R8, R1
2032-01 21            79 (     1)                 AND     R16, R1
2033-                 80
2033-11 14            81 (     1)                 CP      R1, R1
2034-12 14            82 (     1)                 CP      R1, R2
2035-14 14            83 (     1)                 CP      R1, R4
2036-18 14            84 (     1)                 CP      R1, R8
2037-10 16            85 (     1)                 CP      R1, R16
2038-21 14            86 (     1)                 CP      R2, R1
2039-41 14            87 (     1)                 CP      R4, R1
203A-81 14            88 (     1)                 CP      R8, R1
203B-01 15            89 (     1)                 CP      R16, R1
203C-                 90
203C-11 04            91 (     1)                 CPC     R1, R1
203D-12 04            92 (     1)                 CPC     R1, R2
203E-14 04            93 (     1)                 CPC     R1, R4
203F-18 04            94 (     1)                 CPC     R1, R8
2040-10 06            95 (     1)                 CPC     R1, R16
2041-21 04            96 (     1)                 CPC     R2, R1
2042-41 04            97 (     1)                 CPC     R4, R1
2043-81 04            98 (     1)                 CPC     R8, R1
2044-01 05            99 (     1)                 CPC     R16, R1
2045-                100
2045-11 10           101 ( 1/2/3)                 CPSE    R1, R1
2046-12 10           102 ( 1/2/3)                 CPSE    R1, R2
2047-14 10           103 ( 1/2/3)                 CPSE    R1, R4
2048-18 10           104 ( 1/2/3)                 CPSE    R1, R8
2049-10 12           105 ( 1/2/3)                 CPSE    R1, R16
204A-21 10           106 ( 1/2/3)                 CPSE    R2, R1
204B-41 10           107 ( 1/2/3)                 CPSE    R4, R1
204C-81 10           108 ( 1/2/3)                 CPSE    R8, R1
204D-01 11           109 ( 1/2/3)                 CPSE    R16, R1
204E-                110
204E-11 24           111 (     1)                 EOR     R1, R1
204F-12 24           112 (     1)                 EOR     R1, R2
2050-14 24           113 (     1)                 EOR     R1, R4
2051-18 24           114 (     1)                 EOR     R1, R8
2052-10 26           115 (     1)                 EOR     R1, R16
2053-21 24           116 (     1)                 EOR     R2, R1
2054-41 24           117 (     1)                 EOR     R4, R1
2055-81 24           118 (     1)                 EOR     R8, R1
2056-01 25           119 (     1)                 EOR     R16, R1
2057-                120
2057-19 03           121 (     2)                 FMUL    R17, R17
2058-1A 03           122 (     2)                 FMUL    R17, R18
2059-1C 03           123 (     2)                 FMUL    R17, R20
205A-29 03           124 (     2)                 FMUL    R18, R17
205B-49 03           125 (     2)                 FMUL    R20, R17
205C-                126
205C-91 03           127 (     2)                 FMULS   R17, R17
205D-92 03           128 (     2)                 FMULS   R17, R18
205E-94 03           129 (     2)                 FMULS   R17, R20
205F-A1 03           130 (     2)                 FMULS   R18, R17
2060-C1 03           131 (     2)                 FMULS   R20, R17
2061-                132
2061-99 03           133 (     2)                 FMULSU  R17, R17
2062-9A 03           134 (     2)                 FMULSU  R17, R18
2063-9C 03           135 (     2)                 FMULSU  R17, R20
2064-A9 03           136 (     2)                 FMULSU  R18, R17
2065-C9 03           137 (     2)                 FMULSU  R20, R17
2066-                138
2066-11 2C           139 (     1)                 MOV     R1, R1
2067-12 2C           140 (     1)                 MOV     R1, R2
2068-14 2C           141 (     1)                 MOV     R1, R4
2069-18 2C           142 (     1)                 MOV     R1, R8
206A-10 2E           143 (     1)                 MOV     R1, R16
206B-21 2C           144 (     1)                 MOV     R2, R1
206C-41 2C           145 (     1)                 MOV     R4, R1
206D-81 2C           146 (     1)                 MOV     R8, R1
206E-01 2D           147 (     1)                 MOV     R16, R1
206F-                148
206F-00 01           149 (     1)                 MOVW    R0, R0
2070-00 01           150 (     1)                 MOVW    R1, R1      Either pair may be used
2071-11 01           151 (     1)                 MOVW    R2, R2
2072-11 01           152 (     1)                 MOVW    R2, R3      Even in mixed form
2073-12 01           153 (     1)                 MOVW    R2, R4
2074-14 01           154 (     1)                 MOVW    R2, R8
2075-18 01           155 (     1)                 MOVW    R2, R16
2076-21 01           156 (     1)                 MOVW    R4, R2
2077-41 01           157 (     1)                 MOVW    R8, R2
2078-81 01           158 (     1)                 MOVW    R16, R2
2079-                159
2079-11 9C           160 (     1)                 MUL     R1, R1
207A-12 9C           161 (     1)                 MUL     R1, R2
207B-14 9C           162 (     1)                 MUL     R1, R4
207C-18 9C           163 (     1)                 MUL     R1, R8
207D-10 9E           164 (     1)                 MUL     R1, R16
207E-21 9C           165 (     1)                 MUL     R2, R1
207F-41 9C           166 (     1)                 MUL     R4, R1
2080-81 9C           167 (     1)                 MUL     R8, R1
2081-01 9D           168 (     1)                 MUL     R16, R1
2082-                169
2082-11 02           170 (     1)                 MULS    R17, R17
2083-12 02           171 (     1)                 MULS    R17, R18
2084-14 02           172 (     1)                 MULS    R17, R20
2085-18 02           173 (     1)                 MULS    R17, R24
2086-21 02           174 (     1)                 MULS    R18, R17
2087-41 02           175 (     1)                 MULS    R20, R17
2088-81 02           176 (     1)                 MULS    R24, R17
2089-                177
2089-11 03           178 (     1)                 MULSU   R17, R17
208A-12 03           179 (     1)                 MULSU   R17, R18
208B-14 03           180 (     1)                 MULSU   R17, R20
208C-21 03           181 (     1)                 MULSU   R18, R17
208D-41 03           182 (     1)                 MULSU   R20, R17
208E-                183
208E-11 28           184 (     1)                 OR      R1, R1
208F-12 28           185 (     1)                 OR      R1, R2
2090-14 28           186 (     1)                 OR      R1, R4
2091-18 28           187 (     1)                 OR      R1, R8
2092-10 2A           188 (     1)                 OR      R1, R16
2093-21 28           189 (     1)                 OR      R2, R1
2094-41 28           190 (     1)                 OR      R4, R1
2095-81 28           191 (     1)                 OR      R8, R1
2096-01 29           192 (     1)                 OR      R16, R1
2097-                193
2097-11 08           194 (     1)                 SBC     R1, R1
2098-12 08           195 (     1)                 SBC     R1, R2
2099-14 08           196 (     1)                 SBC     R1, R4
209A-18 08           197 (     1)                 SBC     R1, R8
209B-10 0A           198 (     1)                 SBC     R1, R16
209C-21 08           199 (     1)                 SBC     R2, R1
209D-41 08           200 (     1)                 SBC     R4, R1
209E-81 08           201 (     1)                 SBC     R8, R1
209F-01 09           202 (     1)                 SBC     R16, R1
20A0-                203
20A0-11 18           204 (     1)                 SUB     R1, R1
20A1-12 18           205 (     1)                 SUB     R1, R2
20A2-14 18           206 (     1)                 SUB     R1, R4
20A3-18 18           207 (     1)                 SUB     R1, R8
20A4-10 1A           208 (     1)                 SUB     R1, R16
20A5-21 18           209 (     1)                 SUB     R2, R1
20A6-41 18           210 (     1)                 SUB     R4, R1
20A7-81 18           211 (     1)                 SUB     R8, R1
20A8-01 19           212 (     1)                 SUB     R16, R1
20A9-                213
20A9-                214          ;---------------------------------------------------------------------------
20A9-                215          ; Register immediate operand instructions
20A9-                216          ;---------------------------------------------------------------------------
20A9-                217
20A9-01 96           218 (     1)                 ADIW    R24, 1      Constant value is not checked on range
20AA-12 96           219 (     1)                 ADIW    R26, 2
20AB-24 96           220 (     1)                 ADIW    R28, 4
20AC-38 96           221 (     1)                 ADIW    R30, 8
20AD-40 96           222 (     1)                 ADIW    R24, 16
20AE-90 96           223 (     1)                 ADIW    R26, 32
20AF-21 96           224 (     1)                 ADIW    R28, 1
20B0-32 96           225 (     1)                 ADIW    R30, 2
20B1-04 96           226 (     1)                 ADIW    R24, 4
20B2-18 96           227 (     1)                 ADIW    R26, 8
20B3-60 96           228 (     1)                 ADIW    R28, 16
20B4-B0 96           229 (     1)                 ADIW    R30, 32
20B5-                230
20B5-11 70           231 (     1)                 ANDI    R17, 1
20B6-12 70           232 (     1)                 ANDI    R17, 2
20B7-14 70           233 (     1)                 ANDI    R17, 4
20B8-18 70           234 (     1)                 ANDI    R17, 8
20B9-10 71           235 (     1)                 ANDI    R17, 16
20BA-10 72           236 (     1)                 ANDI    R17, 32
20BB-10 74           237 (     1)                 ANDI    R17, 64
20BC-10 78           238 (     1)                 ANDI    R17, 128
20BD-21 70           239 (     1)                 ANDI    R18, 1
20BE-41 70           240 (     1)                 ANDI    R20, 1
20BF-81 70           241 (     1)                 ANDI    R24, 1
20C0-18 77           242 (     1)                 ANDI    R17, #$12345678     # Prefix is optional (use LSB)
20C1-16 75           243 (     1)                 ANDI    R17, /$12345678     / Use 2nd LSB
20C2-14 73           244 (     1)                 ANDI    R17, =$12345678     = User 2nd MSB
20C3-12 71           245 (     1)                 ANDI    R17, \$12345678     \ Use MSB
20C4-                246
20C4-1E 7F           247 (     1)                 CBR     R17, 1
20C5-1D 7F           248 (     1)                 CBR     R17, 2
20C6-1B 7F           249 (     1)                 CBR     R17, 4
20C7-17 7F           250 (     1)                 CBR     R17, 8
20C8-1F 7E           251 (     1)                 CBR     R17, 16
20C9-1F 7D           252 (     1)                 CBR     R17, 32
20CA-1F 7B           253 (     1)                 CBR     R17, 64
20CB-1F 77           254 (     1)                 CBR     R17, 128
20CC-2E 7F           255 (     1)                 CBR     R18, 1
20CD-4E 7F           256 (     1)                 CBR     R20, 1
20CE-8E 7F           257 (     1)                 CBR     R24, 1
20CF-                258
20CF-11 30           259 (     1)                 CPI     R17, 1
20D0-12 30           260 (     1)                 CPI     R17, 2
20D1-14 30           261 (     1)                 CPI     R17, 4
20D2-18 30           262 (     1)                 CPI     R17, 8
20D3-10 31           263 (     1)                 CPI     R17, 16
20D4-10 32           264 (     1)                 CPI     R17, 32
20D5-10 34           265 (     1)                 CPI     R17, 64
20D6-10 38           266 (     1)                 CPI     R17, 128
20D7-21 30           267 (     1)                 CPI     R18, 1
20D8-41 30           268 (     1)                 CPI     R20, 1
20D9-81 30           269 (     1)                 CPI     R24, 1
20DA-                270
20DA-11 E0           271 (     1)                 LDI     R17, 1
20DB-12 E0           272 (     1)                 LDI     R17, 2
20DC-14 E0           273 (     1)                 LDI     R17, 4
20DD-18 E0           274 (     1)                 LDI     R17, 8
20DE-10 E1           275 (     1)                 LDI     R17, 16
20DF-10 E2           276 (     1)                 LDI     R17, 32
20E0-10 E4           277 (     1)                 LDI     R17, 64
20E1-10 E8           278 (     1)                 LDI     R17, 128
20E2-21 E0           279 (     1)                 LDI     R18, 1
20E3-41 E0           280 (     1)                 LDI     R20, 1
20E4-81 E0           281 (     1)                 LDI     R24, 1
20E5-                282
20E5-11 60           283 (     1)                 ORI     R17, 1
20E6-12 60           284 (     1)                 ORI     R17, 2
20E7-14 60           285 (     1)                 ORI     R17, 4
20E8-18 60           286 (     1)                 ORI     R17, 8
20E9-10 61           287 (     1)                 ORI     R17, 16
20EA-10 62           288 (     1)                 ORI     R17, 32
20EB-10 64           289 (     1)                 ORI     R17, 64
20EC-10 68           290 (     1)                 ORI     R17, 128
20ED-21 60           291 (     1)                 ORI     R18, 1
20EE-41 60           292 (     1)                 ORI     R20, 1
20EF-81 60           293 (     1)                 ORI     R24, 1
20F0-                294
20F0-11 40           295 (     1)                 SBCI    R17, 1
20F1-12 40           296 (     1)                 SBCI    R17, 2
20F2-14 40           297 (     1)                 SBCI    R17, 4
20F3-18 40           298 (     1)                 SBCI    R17, 8
20F4-10 41           299 (     1)                 SBCI    R17, 16
20F5-10 42           300 (     1)                 SBCI    R17, 32
20F6-10 44           301 (     1)                 SBCI    R17, 64
20F7-10 48           302 (     1)                 SBCI    R17, 128
20F8-21 40           303 (     1)                 SBCI    R18, 1
20F9-41 40           304 (     1)                 SBCI    R20, 1
20FA-81 40           305 (     1)                 SBCI    R24, 1
20FB-                306
20FB-01 97           307 (     2)                 SBIW    R24, 1      Constant value is not checked on range
20FC-12 97           308 (     2)                 SBIW    R26, 2
20FD-24 97           309 (     2)                 SBIW    R28, 4
20FE-38 97           310 (     2)                 SBIW    R30, 8
20FF-40 97           311 (     2)                 SBIW    R24, 16
2100-90 97           312 (     2)                 SBIW    R26, 32
2101-21 97           313 (     2)                 SBIW    R28, 1
2102-32 97           314 (     2)                 SBIW    R30, 2
2103-04 97           315 (     2)                 SBIW    R24, 4
2104-18 97           316 (     2)                 SBIW    R26, 8
2105-60 97           317 (     2)                 SBIW    R28, 16
2106-B0 97           318 (     2)                 SBIW    R30, 32
2107-                319
2107-11 60           320 (     1)                 SBR     R17, 1
2108-12 60           321 (     1)                 SBR     R17, 2
2109-14 60           322 (     1)                 SBR     R17, 4
210A-18 60           323 (     1)                 SBR     R17, 8
210B-10 61           324 (     1)                 SBR     R17, 16
210C-10 62           325 (     1)                 SBR     R17, 32
210D-10 64           326 (     1)                 SBR     R17, 64
210E-10 68           327 (     1)                 SBR     R17, 128
210F-21 60           328 (     1)                 SBR     R18, 1
2110-41 60           329 (     1)                 SBR     R20, 1
2111-81 60           330 (     1)                 SBR     R24, 1
2112-                331
2112-11 50           332 (     1)                 SUBI    R17, 1
2113-12 50           333 (     1)                 SUBI    R17, 2
2114-14 50           334 (     1)                 SUBI    R17, 4
2115-18 50           335 (     1)                 SUBI    R17, 8
2116-10 51           336 (     1)                 SUBI    R17, 16
2117-10 52           337 (     1)                 SUBI    R17, 32
2118-10 54           338 (     1)                 SUBI    R17, 64
2119-10 58           339 (     1)                 SUBI    R17, 128
211A-21 50           340 (     1)                 SUBI    R18, 1
211B-41 50           341 (     1)                 SUBI    R20, 1
211C-81 50           342 (     1)                 SUBI    R24, 1
211D-                343
211D-                344          ;---------------------------------------------------------------------------
211D-                345          ; Single register operand instructions
211D-                346          ;---------------------------------------------------------------------------
211D-                347
211D-15 94           348 (     1)                 ASR     R1
211E-25 94           349 (     1)                 ASR     R2
211F-45 94           350 (     1)                 ASR     R4
2120-85 94           351 (     1)                 ASR     R8
2121-05 95           352 (     1)                 ASR     R16
2122-                353
2122-11 24           354 (     1)                 CLR     R1
2123-22 24           355 (     1)                 CLR     R2
2124-44 24           356 (     1)                 CLR     R4
2125-88 24           357 (     1)                 CLR     R8
2126-00 27           358 (     1)                 CLR     R16
2127-                359
2127-10 94           360 (     1)                 COM     R1
2128-20 94           361 (     1)                 COM     R2
2129-40 94           362 (     1)                 COM     R4
212A-80 94           363 (     1)                 COM     R8
212B-00 95           364 (     1)                 COM     R16
212C-                365
212C-1A 94           366 (     1)                 DEC     R1
212D-2A 94           367 (     1)                 DEC     R2
212E-4A 94           368 (     1)                 DEC     R4
212F-8A 94           369 (     1)                 DEC     R8
2130-0A 95           370 (     1)                 DEC     R16
2131-                371
2131-13 94           372 (     1)                 INC     R1
2132-23 94           373 (     1)                 INC     R2
2133-43 94           374 (     1)                 INC     R4
2134-83 94           375 (     1)                 INC     R8
2135-03 95           376 (     1)                 INC     R16
2136-                377
2136-11 0C           378 (     1)                 LSL     R1
2137-22 0C           379 (     1)                 LSL     R2
2138-44 0C           380 (     1)                 LSL     R4
2139-88 0C           381 (     1)                 LSL     R8
213A-00 0F           382 (     1)                 LSL     R16
213B-                383
213B-16 94           384 (     1)                 LSR     R1
213C-26 94           385 (     1)                 LSR     R2
213D-46 94           386 (     1)                 LSR     R4
213E-86 94           387 (     1)                 LSR     R8
213F-06 95           388 (     1)                 LSR     R16
2140-                389
2140-11 94           390 (     1)                 NEG     R1
2141-21 94           391 (     1)                 NEG     R2
2142-41 94           392 (     1)                 NEG     R4
2143-81 94           393 (     1)                 NEG     R8
2144-01 95           394 (     1)                 NEG     R16
2145-                395
2145-1F 90           396 (     2)                 POP     R1
2146-2F 90           397 (     2)                 POP     R2
2147-4F 90           398 (     2)                 POP     R4
2148-8F 90           399 (     2)                 POP     R8
2149-0F 91           400 (     2)                 POP     R16
214A-                401
214A-1F 92           402 (   1/2)                 PUSH    R1
214B-2F 92           403 (   1/2)                 PUSH    R2
214C-4F 92           404 (   1/2)                 PUSH    R4
214D-8F 92           405 (   1/2)                 PUSH    R8
214E-0F 93           406 (   1/2)                 PUSH    R16
214F-                407
214F-11 1C           408 (     1)                 ROL     R1
2150-22 1C           409 (     1)                 ROL     R2
2151-44 1C           410 (     1)                 ROL     R4
2152-88 1C           411 (     1)                 ROL     R8
2153-00 1F           412 (     1)                 ROL     R16
2154-                413
2154-17 94           414 (     1)                 ROR     R1
2155-27 94           415 (     1)                 ROR     R2
2156-47 94           416 (     1)                 ROR     R4
2157-87 94           417 (     1)                 ROR     R8
2158-07 95           418 (     1)                 ROR     R16
2159-                419
2159-1F EF           420 (     1)                 SER     R17
215A-2F EF           421 (     1)                 SER     R18
215B-4F EF           422 (     1)                 SER     R20
215C-8F EF           423 (     1)                 SER     R24
215D-                424
215D-12 94           425 (     1)                 SWAP    R1
215E-22 94           426 (     1)                 SWAP    R2
215F-42 94           427 (     1)                 SWAP    R4
2160-82 94           428 (     1)                 SWAP    R8
2161-02 95           429 (     1)                 SWAP    R16
2162-                430
2162-11 20           431 (     1)                 TST     R1
2163-22 20           432 (     1)                 TST     R2
2164-44 20           433 (     1)                 TST     R4
2165-88 20           434 (     1)                 TST     R8
2166-00 23           435 (     1)                 TST     R16
2167-                436
2167-                437          ;---------------------------------------------------------------------------
2167-                438          ; Branch instructions
2167-                439          ;---------------------------------------------------------------------------
2167-                440
2167-01 F6           441 (   1/2)                 BRBC    1,$+1-64
2168-01 F7           442 (   1/2)                 BRBC    1,$+1-32
2169-81 F7           443 (   1/2)                 BRBC    1,$+1-16
216A-C1 F7           444 (   1/2)                 BRBC    1,$+1-8
216B-E1 F7           445 (   1/2)                 BRBC    1,$+1-4
216C-F1 F7           446 (   1/2)                 BRBC    1,$+1-2
216D-01 F4           447 (   1/2)                 BRBC    1,$+1
216E-09 F4           448 (   1/2)                 BRBC    1,$+1+1
216F-11 F4           449 (   1/2)                 BRBC    1,$+1+2
2170-21 F4           450 (   1/2)                 BRBC    1,$+1+4
2171-41 F4           451 (   1/2)                 BRBC    1,$+1+8
2172-81 F4           452 (   1/2)                 BRBC    1,$+1+16
2173-01 F5           453 (   1/2)                 BRBC    1,$+1+32
2174-02 F4           454 (   1/2)                 BRBC    2,$+1
2175-04 F4           455 (   1/2)                 BRBC    4,$+1
2176-                456
2176-01 F2           457 (   1/2)                 BRBS    1,$+1-64
2177-01 F3           458 (   1/2)                 BRBS    1,$+1-32
2178-81 F3           459 (   1/2)                 BRBS    1,$+1-16
2179-C1 F3           460 (   1/2)                 BRBS    1,$+1-8
217A-E1 F3           461 (   1/2)                 BRBS    1,$+1-4
217B-F1 F3           462 (   1/2)                 BRBS    1,$+1-2
217C-01 F0           463 (   1/2)                 BRBS    1,$+1
217D-09 F0           464 (   1/2)                 BRBS    1,$+1+1
217E-11 F0           465 (   1/2)                 BRBS    1,$+1+2
217F-21 F0           466 (   1/2)                 BRBS    1,$+1+4
2180-41 F0           467 (   1/2)                 BRBS    1,$+1+8
2181-81 F0           468 (   1/2)                 BRBS    1,$+1+16
2182-01 F1           469 (   1/2)                 BRBS    1,$+1+32
2183-02 F0           470 (   1/2)                 BRBS    2,$+1
2184-04 F0           471 (   1/2)                 BRBS    4,$+1
2185-                472
2185-00 F6           473 (   1/2)                 BRCC    $+1-64
2186-00 F7           474 (   1/2)                 BRCC    $+1-32
2187-80 F7           475 (   1/2)                 BRCC    $+1-16
2188-C0 F7           476 (   1/2)                 BRCC    $+1-8
2189-E0 F7           477 (   1/2)                 BRCC    $+1-4
218A-F0 F7           478 (   1/2)                 BRCC    $+1-2
218B-00 F4           479 (   1/2)                 BRCC    $+1
218C-08 F4           480 (   1/2)                 BRCC    $+1+1
218D-10 F4           481 (   1/2)                 BRCC    $+1+2
218E-20 F4           482 (   1/2)                 BRCC    $+1+4
218F-40 F4           483 (   1/2)                 BRCC    $+1+8
2190-80 F4           484 (   1/2)                 BRCC    $+1+16
2191-00 F5           485 (   1/2)                 BRCC    $+1+32
2192-                486
2192-00 F2           487 (   1/2)                 BRCS    $+1-64
2193-00 F3           488 (   1/2)                 BRCS    $+1-32
2194-80 F3           489 (   1/2)                 BRCS    $+1-16
2195-C0 F3           490 (   1/2)                 BRCS    $+1-8
2196-E0 F3           491 (   1/2)                 BRCS    $+1-4
2197-F0 F3           492 (   1/2)                 BRCS    $+1-2
2198-00 F0           493 (   1/2)                 BRCS    $+1
2199-08 F0           494 (   1/2)                 BRCS    $+1+1
219A-10 F0           495 (   1/2)                 BRCS    $+1+2
219B-20 F0           496 (   1/2)                 BRCS    $+1+4
219C-40 F0           497 (   1/2)                 BRCS    $+1+8
219D-80 F0           498 (   1/2)                 BRCS    $+1+16
219E-00 F1           499 (   1/2)                 BRCS    $+1+32
219F-                500
219F-01 F2           501 (   1/2)                 BREQ    $+1-64
21A0-01 F3           502 (   1/2)                 BREQ    $+1-32
21A1-81 F3           503 (   1/2)                 BREQ    $+1-16
21A2-C1 F3           504 (   1/2)                 BREQ    $+1-8
21A3-E1 F3           505 (   1/2)                 BREQ    $+1-4
21A4-F1 F3           506 (   1/2)                 BREQ    $+1-2
21A5-01 F0           507 (   1/2)                 BREQ    $+1
21A6-09 F0           508 (   1/2)                 BREQ    $+1+1
21A7-11 F0           509 (   1/2)                 BREQ    $+1+2
21A8-21 F0           510 (   1/2)                 BREQ    $+1+4
21A9-41 F0           511 (   1/2)                 BREQ    $+1+8
21AA-81 F0           512 (   1/2)                 BREQ    $+1+16
21AB-01 F1           513 (   1/2)                 BREQ    $+1+32
21AC-                514
21AC-04 F6           515 (   1/2)                 BRGE    $+1-64
21AD-04 F7           516 (   1/2)                 BRGE    $+1-32
21AE-84 F7           517 (   1/2)                 BRGE    $+1-16
21AF-C4 F7           518 (   1/2)                 BRGE    $+1-8
21B0-E4 F7           519 (   1/2)                 BRGE    $+1-4
21B1-F4 F7           520 (   1/2)                 BRGE    $+1-2
21B2-04 F4           521 (   1/2)                 BRGE    $+1
21B3-0C F4           522 (   1/2)                 BRGE    $+1+1
21B4-14 F4           523 (   1/2)                 BRGE    $+1+2
21B5-24 F4           524 (   1/2)                 BRGE    $+1+4
21B6-44 F4           525 (   1/2)                 BRGE    $+1+8
21B7-84 F4           526 (   1/2)                 BRGE    $+1+16
21B8-04 F5           527 (   1/2)                 BRGE    $+1+32
21B9-                528
21B9-05 F6           529 (   1/2)                 BRHC    $+1-64
21BA-05 F7           530 (   1/2)                 BRHC    $+1-32
21BB-85 F7           531 (   1/2)                 BRHC    $+1-16
21BC-C5 F7           532 (   1/2)                 BRHC    $+1-8
21BD-E5 F7           533 (   1/2)                 BRHC    $+1-4
21BE-F5 F7           534 (   1/2)                 BRHC    $+1-2
21BF-05 F4           535 (   1/2)                 BRHC    $+1
21C0-0D F4           536 (   1/2)                 BRHC    $+1+1
21C1-15 F4           537 (   1/2)                 BRHC    $+1+2
21C2-25 F4           538 (   1/2)                 BRHC    $+1+4
21C3-45 F4           539 (   1/2)                 BRHC    $+1+8
21C4-85 F4           540 (   1/2)                 BRHC    $+1+16
21C5-05 F5           541 (   1/2)                 BRHC    $+1+32
21C6-                542
21C6-05 F2           543 (   1/2)                 BRHS    $+1-64
21C7-05 F3           544 (   1/2)                 BRHS    $+1-32
21C8-85 F3           545 (   1/2)                 BRHS    $+1-16
21C9-C5 F3           546 (   1/2)                 BRHS    $+1-8
21CA-E5 F3           547 (   1/2)                 BRHS    $+1-4
21CB-F5 F3           548 (   1/2)                 BRHS    $+1-2
21CC-05 F0           549 (   1/2)                 BRHS    $+1
21CD-0D F0           550 (   1/2)                 BRHS    $+1+1
21CE-15 F0           551 (   1/2)                 BRHS    $+1+2
21CF-25 F0           552 (   1/2)                 BRHS    $+1+4
21D0-45 F0           553 (   1/2)                 BRHS    $+1+8
21D1-85 F0           554 (   1/2)                 BRHS    $+1+16
21D2-05 F1           555 (   1/2)                 BRHS    $+1+32
21D3-                556
21D3-07 F6           557 (   1/2)                 BRID    $+1-64
21D4-07 F7           558 (   1/2)                 BRID    $+1-32
21D5-87 F7           559 (   1/2)                 BRID    $+1-16
21D6-C7 F7           560 (   1/2)                 BRID    $+1-8
21D7-E7 F7           561 (   1/2)                 BRID    $+1-4
21D8-F7 F7           562 (   1/2)                 BRID    $+1-2
21D9-07 F4           563 (   1/2)                 BRID    $+1
21DA-0F F4           564 (   1/2)                 BRID    $+1+1
21DB-17 F4           565 (   1/2)                 BRID    $+1+2
21DC-27 F4           566 (   1/2)                 BRID    $+1+4
21DD-47 F4           567 (   1/2)                 BRID    $+1+8
21DE-87 F4           568 (   1/2)                 BRID    $+1+16
21DF-07 F5           569 (   1/2)                 BRID    $+1+32
21E0-                570
21E0-07 F2           571 (   1/2)                 BRIE    $+1-64
21E1-07 F3           572 (   1/2)                 BRIE    $+1-32
21E2-87 F3           573 (   1/2)                 BRIE    $+1-16
21E3-C7 F3           574 (   1/2)                 BRIE    $+1-8
21E4-E7 F3           575 (   1/2)                 BRIE    $+1-4
21E5-F7 F3           576 (   1/2)                 BRIE    $+1-2
21E6-07 F0           577 (   1/2)                 BRIE    $+1
21E7-0F F0           578 (   1/2)                 BRIE    $+1+1
21E8-17 F0           579 (   1/2)                 BRIE    $+1+2
21E9-27 F0           580 (   1/2)                 BRIE    $+1+4
21EA-47 F0           581 (   1/2)                 BRIE    $+1+8
21EB-87 F0           582 (   1/2)                 BRIE    $+1+16
21EC-07 F1           583 (   1/2)                 BRIE    $+1+32
21ED-                584
21ED-00 F2           585 (   1/2)                 BRLO    $+1-64
21EE-00 F3           586 (   1/2)                 BRLO    $+1-32
21EF-80 F3           587 (   1/2)                 BRLO    $+1-16
21F0-C0 F3           588 (   1/2)                 BRLO    $+1-8
21F1-E0 F3           589 (   1/2)                 BRLO    $+1-4
21F2-F0 F3           590 (   1/2)                 BRLO    $+1-2
21F3-00 F0           591 (   1/2)                 BRLO    $+1
21F4-08 F0           592 (   1/2)                 BRLO    $+1+1
21F5-10 F0           593 (   1/2)                 BRLO    $+1+2
21F6-20 F0           594 (   1/2)                 BRLO    $+1+4
21F7-40 F0           595 (   1/2)                 BRLO    $+1+8
21F8-80 F0           596 (   1/2)                 BRLO    $+1+16
21F9-00 F1           597 (   1/2)                 BRLO    $+1+32
21FA-                598
21FA-04 F2           599 (   1/2)                 BRLT    $+1-64
21FB-04 F3           600 (   1/2)                 BRLT    $+1-32
21FC-84 F3           601 (   1/2)                 BRLT    $+1-16
21FD-C4 F3           602 (   1/2)                 BRLT    $+1-8
21FE-E4 F3           603 (   1/2)                 BRLT    $+1-4
21FF-F4 F3           604 (   1/2)                 BRLT    $+1-2
2200-04 F0           605 (   1/2)                 BRLT    $+1
2201-0C F0           606 (   1/2)                 BRLT    $+1+1
2202-14 F0           607 (   1/2)                 BRLT    $+1+2
2203-24 F0           608 (   1/2)                 BRLT    $+1+4
2204-44 F0           609 (   1/2)                 BRLT    $+1+8
2205-84 F0           610 (   1/2)                 BRLT    $+1+16
2206-04 F1           611 (   1/2)                 BRLT    $+1+32
2207-                612
2207-02 F2           613 (   1/2)                 BRMI    $+1-64
2208-02 F3           614 (   1/2)                 BRMI    $+1-32
2209-82 F3           615 (   1/2)                 BRMI    $+1-16
220A-C2 F3           616 (   1/2)                 BRMI    $+1-8
220B-E2 F3           617 (   1/2)                 BRMI    $+1-4
220C-F2 F3           618 (   1/2)                 BRMI    $+1-2
220D-02 F0           619 (   1/2)                 BRMI    $+1
220E-0A F0           620 (   1/2)                 BRMI    $+1+1
220F-12 F0           621 (   1/2)                 BRMI    $+1+2
2210-22 F0           622 (   1/2)                 BRMI    $+1+4
2211-42 F0           623 (   1/2)                 BRMI    $+1+8
2212-82 F0           624 (   1/2)                 BRMI    $+1+16
2213-02 F1           625 (   1/2)                 BRMI    $+1+32
2214-                626
2214-01 F6           627 (   1/2)                 BRNE    $+1-64
2215-01 F7           628 (   1/2)                 BRNE    $+1-32
2216-81 F7           629 (   1/2)                 BRNE    $+1-16
2217-C1 F7           630 (   1/2)                 BRNE    $+1-8
2218-E1 F7           631 (   1/2)                 BRNE    $+1-4
2219-F1 F7           632 (   1/2)                 BRNE    $+1-2
221A-01 F4           633 (   1/2)                 BRNE    $+1
221B-09 F4           634 (   1/2)                 BRNE    $+1+1
221C-11 F4           635 (   1/2)                 BRNE    $+1+2
221D-21 F4           636 (   1/2)                 BRNE    $+1+4
221E-41 F4           637 (   1/2)                 BRNE    $+1+8
221F-81 F4           638 (   1/2)                 BRNE    $+1+16
2220-01 F5           639 (   1/2)                 BRNE    $+1+32
2221-                640
2221-02 F6           641 (   1/2)                 BRPL    $+1-64
2222-02 F7           642 (   1/2)                 BRPL    $+1-32
2223-82 F7           643 (   1/2)                 BRPL    $+1-16
2224-C2 F7           644 (   1/2)                 BRPL    $+1-8
2225-E2 F7           645 (   1/2)                 BRPL    $+1-4
2226-F2 F7           646 (   1/2)                 BRPL    $+1-2
2227-02 F4           647 (   1/2)                 BRPL    $+1
2228-0A F4           648 (   1/2)                 BRPL    $+1+1
2229-12 F4           649 (   1/2)                 BRPL    $+1+2
222A-22 F4           650 (   1/2)                 BRPL    $+1+4
222B-42 F4           651 (   1/2)                 BRPL    $+1+8
222C-82 F4           652 (   1/2)                 BRPL    $+1+16
222D-02 F5           653 (   1/2)                 BRPL    $+1+32
222E-                654
222E-00 F6           655 (   1/2)                 BRSH    $+1-64
222F-00 F7           656 (   1/2)                 BRSH    $+1-32
2230-80 F7           657 (   1/2)                 BRSH    $+1-16
2231-C0 F7           658 (   1/2)                 BRSH    $+1-8
2232-E0 F7           659 (   1/2)                 BRSH    $+1-4
2233-F0 F7           660 (   1/2)                 BRSH    $+1-2
2234-00 F4           661 (   1/2)                 BRSH    $+1
2235-08 F4           662 (   1/2)                 BRSH    $+1+1
2236-10 F4           663 (   1/2)                 BRSH    $+1+2
2237-20 F4           664 (   1/2)                 BRSH    $+1+4
2238-40 F4           665 (   1/2)                 BRSH    $+1+8
2239-80 F4           666 (   1/2)                 BRSH    $+1+16
223A-00 F5           667 (   1/2)                 BRSH    $+1+32
223B-                668
223B-06 F6           669 (   1/2)                 BRTC    $+1-64
223C-06 F7           670 (   1/2)                 BRTC    $+1-32
223D-86 F7           671 (   1/2)                 BRTC    $+1-16
223E-C6 F7           672 (   1/2)                 BRTC    $+1-8
223F-E6 F7           673 (   1/2)                 BRTC    $+1-4
2240-F6 F7           674 (   1/2)                 BRTC    $+1-2
2241-06 F4           675 (   1/2)                 BRTC    $+1
2242-0E F4           676 (   1/2)                 BRTC    $+1+1
2243-16 F4           677 (   1/2)                 BRTC    $+1+2
2244-26 F4           678 (   1/2)                 BRTC    $+1+4
2245-46 F4           679 (   1/2)                 BRTC    $+1+8
2246-86 F4           680 (   1/2)                 BRTC    $+1+16
2247-06 F5           681 (   1/2)                 BRTC    $+1+32
2248-                682
2248-06 F2           683 (   1/2)                 BRTS    $+1-64
2249-06 F3           684 (   1/2)                 BRTS    $+1-32
224A-86 F3           685 (   1/2)                 BRTS    $+1-16
224B-C6 F3           686 (   1/2)                 BRTS    $+1-8
224C-E6 F3           687 (   1/2)                 BRTS    $+1-4
224D-F6 F3           688 (   1/2)                 BRTS    $+1-2
224E-06 F0           689 (   1/2)                 BRTS    $+1
224F-0E F0           690 (   1/2)                 BRTS    $+1+1
2250-16 F0           691 (   1/2)                 BRTS    $+1+2
2251-26 F0           692 (   1/2)                 BRTS    $+1+4
2252-46 F0           693 (   1/2)                 BRTS    $+1+8
2253-86 F0           694 (   1/2)                 BRTS    $+1+16
2254-06 F1           695 (   1/2)                 BRTS    $+1+32
2255-                696
2255-03 F6           697 (   1/2)                 BRVC    $+1-64
2256-03 F7           698 (   1/2)                 BRVC    $+1-32
2257-83 F7           699 (   1/2)                 BRVC    $+1-16
2258-C3 F7           700 (   1/2)                 BRVC    $+1-8
2259-E3 F7           701 (   1/2)                 BRVC    $+1-4
225A-F3 F7           702 (   1/2)                 BRVC    $+1-2
225B-03 F4           703 (   1/2)                 BRVC    $+1
225C-0B F4           704 (   1/2)                 BRVC    $+1+1
225D-13 F4           705 (   1/2)                 BRVC    $+1+2
225E-23 F4           706 (   1/2)                 BRVC    $+1+4
225F-43 F4           707 (   1/2)                 BRVC    $+1+8
2260-83 F4           708 (   1/2)                 BRVC    $+1+16
2261-03 F5           709 (   1/2)                 BRVC    $+1+32
2262-                710
2262-03 F2           711 (   1/2)                 BRVS    $+1-64
2263-03 F3           712 (   1/2)                 BRVS    $+1-32
2264-83 F3           713 (   1/2)                 BRVS    $+1-16
2265-C3 F3           714 (   1/2)                 BRVS    $+1-8
2266-E3 F3           715 (   1/2)                 BRVS    $+1-4
2267-F3 F3           716 (   1/2)                 BRVS    $+1-2
2268-03 F0           717 (   1/2)                 BRVS    $+1
2269-0B F0           718 (   1/2)                 BRVS    $+1+1
226A-13 F0           719 (   1/2)                 BRVS    $+1+2
226B-23 F0           720 (   1/2)                 BRVS    $+1+4
226C-43 F0           721 (   1/2)                 BRVS    $+1+8
226D-83 F0           722 (   1/2)                 BRVS    $+1+16
226E-03 F1           723 (   1/2)                 BRVS    $+1+32
226F-                724
226F-                725          ;---------------------------------------------------------------------------
226F-                726          ; Jump and CALL instructions
226F-                727          ;---------------------------------------------------------------------------
226F-                728
226F-00 D8           729 ( 2/3/4)                 RCALL   $+1-2048
2270-00 DC           730 ( 2/3/4)                 RCALL   $+1-1024
2271-00 DE           731 ( 2/3/4)                 RCALL   $+1-512
2272-00 DF           732 ( 2/3/4)                 RCALL   $+1-256
2273-80 DF           733 ( 2/3/4)                 RCALL   $+1-128
2274-C0 DF           734 ( 2/3/4)                 RCALL   $+1-64
2275-E0 DF           735 ( 2/3/4)                 RCALL   $+1-32
2276-F0 DF           736 ( 2/3/4)                 RCALL   $+1-16
2277-F8 DF           737 ( 2/3/4)                 RCALL   $+1-8
2278-FC DF           738 ( 2/3/4)                 RCALL   $+1-4
2279-FE DF           739 ( 2/3/4)                 RCALL   $+1-2
227A-00 D0           740 ( 2/3/4)                 RCALL   $+1
227B-01 D0           741 ( 2/3/4)                 RCALL   $+1+1
227C-02 D0           742 ( 2/3/4)                 RCALL   $+1+2
227D-04 D0           743 ( 2/3/4)                 RCALL   $+1+4
227E-08 D0           744 ( 2/3/4)                 RCALL   $+1+8
227F-10 D0           745 ( 2/3/4)                 RCALL   $+1+16
2280-20 D0           746 ( 2/3/4)                 RCALL   $+1+32
2281-40 D0           747 ( 2/3/4)                 RCALL   $+1+64
2282-80 D0           748 ( 2/3/4)                 RCALL   $+1+128
2283-00 D1           749 ( 2/3/4)                 RCALL   $+1+256
2284-00 D2           750 ( 2/3/4)                 RCALL   $+1+512
2285-00 D4           751 ( 2/3/4)                 RCALL   $+1+1024
2286-                752
2286-00 C8           753 (     2)                 RJMP    $+1-2048
2287-00 CC           754 (     2)                 RJMP    $+1-1024
2288-00 CE           755 (     2)                 RJMP    $+1-512
2289-00 CF           756 (     2)                 RJMP    $+1-256
228A-80 CF           757 (     2)                 RJMP    $+1-128
228B-C0 CF           758 (     2)                 RJMP    $+1-64
228C-E0 CF           759 (     2)                 RJMP    $+1-32
228D-F0 CF           760 (     2)                 RJMP    $+1-16
228E-F8 CF           761 (     2)                 RJMP    $+1-8
228F-FC CF           762 (     2)                 RJMP    $+1-4
2290-FE CF           763 (     2)                 RJMP    $+1-2
2291-00 C0           764 (     2)                 RJMP    $+1
2292-01 C0           765 (     2)                 RJMP    $+1+1
2293-02 C0           766 (     2)                 RJMP    $+1+2
2294-04 C0           767 (     2)                 RJMP    $+1+4
2295-08 C0           768 (     2)                 RJMP    $+1+8
2296-10 C0           769 (     2)                 RJMP    $+1+16
2297-20 C0           770 (     2)                 RJMP    $+1+32
2298-40 C0           771 (     2)                 RJMP    $+1+64
2299-80 C0           772 (     2)                 RJMP    $+1+128
229A-00 C1           773 (     2)                 RJMP    $+1+256
229B-00 C2           774 (     2)                 RJMP    $+1+512
229C-00 C4           775 (     2)                 RJMP    $+1+1024
229D-                776
229D-0E 94 01 00     777 ( 3/4/5)                 CALL    $000001
229F-0E 94 02 00     778 ( 3/4/5)                 CALL    $000002
22A1-0E 94 04 00     779 ( 3/4/5)                 CALL    $000004
22A3-0E 94 08 00     780 ( 3/4/5)                 CALL    $000008
22A5-0E 94 10 00     781 ( 3/4/5)                 CALL    $000010
22A7-0E 94 20 00     782 ( 3/4/5)                 CALL    $000020
22A9-0E 94 40 00     783 ( 3/4/5)                 CALL    $000040
22AB-0E 94 80 00     784 ( 3/4/5)                 CALL    $000080
22AD-0E 94 00 01     785 ( 3/4/5)                 CALL    $000100
22AF-0E 94 00 02     786 ( 3/4/5)                 CALL    $000200
22B1-0E 94 00 04     787 ( 3/4/5)                 CALL    $000400
22B3-0E 94 00 08     788 ( 3/4/5)                 CALL    $000800
22B5-0E 94 00 10     789 ( 3/4/5)                 CALL    $001000
22B7-0E 94 00 20     790 ( 3/4/5)                 CALL    $002000
22B9-0E 94 00 40     791 ( 3/4/5)                 CALL    $004000
22BB-0E 94 00 80     792 ( 3/4/5)                 CALL    $008000
22BD-0F 94 00 00     793 ( 3/4/5)                 CALL    $010000
22BF-1E 94 00 00     794 ( 3/4/5)                 CALL    $020000
22C1-2E 94 00 00     795 ( 3/4/5)                 CALL    $040000
22C3-4E 94 00 00     796 ( 3/4/5)                 CALL    $080000
22C5-8E 94 00 00     797 ( 3/4/5)                 CALL    $100000
22C7-0E 95 00 00     798 ( 3/4/5)                 CALL    $200000
22C9-                799
22C9-0C 94 01 00     800 (     3)                 JMP     $000001
22CB-0C 94 02 00     801 (     3)                 JMP     $000002
22CD-0C 94 04 00     802 (     3)                 JMP     $000004
22CF-0C 94 08 00     803 (     3)                 JMP     $000008
22D1-0C 94 10 00     804 (     3)                 JMP     $000010
22D3-0C 94 20 00     805 (     3)                 JMP     $000020
22D5-0C 94 40 00     806 (     3)                 JMP     $000040
22D7-0C 94 80 00     807 (     3)                 JMP     $000080
22D9-0C 94 00 01     808 (     3)                 JMP     $000100
22DB-0C 94 00 02     809 (     3)                 JMP     $000200
22DD-0C 94 00 04     810 (     3)                 JMP     $000400
22DF-0C 94 00 08     811 (     3)                 JMP     $000800
22E1-0C 94 00 10     812 (     3)                 JMP     $001000
22E3-0C 94 00 20     813 (     3)                 JMP     $002000
22E5-0C 94 00 40     814 (     3)                 JMP     $004000
22E7-0C 94 00 80     815 (     3)                 JMP     $008000
22E9-0D 94 00 00     816 (     3)                 JMP     $010000
22EB-1C 94 00 00     817 (     3)                 JMP     $020000
22ED-2C 94 00 00     818 (     3)                 JMP     $040000
22EF-4C 94 00 00     819 (     3)                 JMP     $080000
22F1-8C 94 00 00     820 (     3)                 JMP     $100000
22F3-0C 95 00 00     821 (     3)                 JMP     $200000
22F5-                822
22F5-                823          ;---------------------------------------------------------------------------
22F5-                824          ; Register bit operand instructions
22F5-                825          ;---------------------------------------------------------------------------
22F5-                826
22F5-11 F8           827 (     1)                 BLD     R1, 1
22F6-12 F8           828 (     1)                 BLD     R1, 2
22F7-14 F8           829 (     1)                 BLD     R1, 4
22F8-21 F8           830 (     1)                 BLD     R2, 1
22F9-41 F8           831 (     1)                 BLD     R4, 1
22FA-81 F8           832 (     1)                 BLD     R8, 1
22FB-01 F9           833 (     1)                 BLD     R16, 1
22FC-                834
22FC-11 FA           835 (     1)                 BST     R1, 1
22FD-12 FA           836 (     1)                 BST     R1, 2
22FE-14 FA           837 (     1)                 BST     R1, 4
22FF-21 FA           838 (     1)                 BST     R2, 1
2300-41 FA           839 (     1)                 BST     R4, 1
2301-81 FA           840 (     1)                 BST     R8, 1
2302-01 FB           841 (     1)                 BST     R16, 1
2303-                842
2303-11 FC           843 ( 1/2/3)                 SBRC    R1, 1
2304-12 FC           844 ( 1/2/3)                 SBRC    R1, 2
2305-14 FC           845 ( 1/2/3)                 SBRC    R1, 4
2306-21 FC           846 ( 1/2/3)                 SBRC    R2, 1
2307-41 FC           847 ( 1/2/3)                 SBRC    R4, 1
2308-81 FC           848 ( 1/2/3)                 SBRC    R8, 1
2309-01 FD           849 ( 1/2/3)                 SBRC    R16, 1
230A-                850
230A-11 FE           851 ( 1/2/3)                 SBRS    R1, 1
230B-12 FE           852 ( 1/2/3)                 SBRS    R1, 2
230C-14 FE           853 ( 1/2/3)                 SBRS    R1, 4
230D-21 FE           854 ( 1/2/3)                 SBRS    R2, 1
230E-41 FE           855 ( 1/2/3)                 SBRS    R4, 1
230F-81 FE           856 ( 1/2/3)                 SBRS    R8, 1
2310-01 FF           857 ( 1/2/3)                 SBRS    R16, 1
2311-                858
2311-                859          ;---------------------------------------------------------------------------
2311-                860          ; I/O bit operand instructions
2311-                861          ;---------------------------------------------------------------------------
2311-                862
2311-09 98           863 (   1/2)                 CBI     1, 1
2312-0A 98           864 (   1/2)                 CBI     1, 2
2313-0C 98           865 (   1/2)                 CBI     1, 4
2314-11 98           866 (   1/2)                 CBI     2, 1
2315-21 98           867 (   1/2)                 CBI     4, 1
2316-41 98           868 (   1/2)                 CBI     8, 1
2317-81 98           869 (   1/2)                 CBI     16, 1
2318-                870
2318-09 9A           871 (   1/2)                 SBI     1, 1
2319-0A 9A           872 (   1/2)                 SBI     1, 2
231A-0C 9A           873 (   1/2)                 SBI     1, 4
231B-11 9A           874 (   1/2)                 SBI     2, 1
231C-21 9A           875 (   1/2)                 SBI     4, 1
231D-41 9A           876 (   1/2)                 SBI     8, 1
231E-81 9A           877 (   1/2)                 SBI     16, 1
231F-                878
231F-09 99           879 (2/3/4*)                 SBIC    1, 1
2320-0A 99           880 (2/3/4*)                 SBIC    1, 2
2321-0C 99           881 (2/3/4*)                 SBIC    1, 4
2322-11 99           882 (2/3/4*)                 SBIC    2, 1
2323-21 99           883 (2/3/4*)                 SBIC    4, 1
2324-41 99           884 (2/3/4*)                 SBIC    8, 1
2325-81 99           885 (2/3/4*)                 SBIC    16, 1
2326-                886
2326-09 9B           887 (2/3/4*)                 SBIS    1, 1
2327-0A 9B           888 (2/3/4*)                 SBIS    1, 2
2328-0C 9B           889 (2/3/4*)                 SBIS    1, 4
2329-11 9B           890 (2/3/4*)                 SBIS    2, 1
232A-21 9B           891 (2/3/4*)                 SBIS    4, 1
232B-41 9B           892 (2/3/4*)                 SBIS    8, 1
232C-81 9B           893 (2/3/4*)                 SBIS    16, 1
232D-                894
232D-                895          ;---------------------------------------------------------------------------
232D-                896          ; LD and ST instructions
232D-                897          ;---------------------------------------------------------------------------
232D-                898
232D-1C 90           899 ( 1/2/3)                 LD      R1, X
232E-2C 90           900 ( 1/2/3)                 LD      R2, X
232F-4C 90           901 ( 1/2/3)                 LD      R4, X
2330-8C 90           902 ( 1/2/3)                 LD      R8, X
2331-0C 91           903 ( 1/2/3)                 LD      R16, X
2332-1D 90           904 ( 1/2/3)                 LD      R1, X+
2333-2D 90           905 ( 1/2/3)                 LD      R2, X+
2334-4D 90           906 ( 1/2/3)                 LD      R4, X+
2335-8D 90           907 ( 1/2/3)                 LD      R8, X+
2336-0D 91           908 ( 1/2/3)                 LD      R16, X+
2337-1E 90           909 ( 1/2/3)                 LD      R1, -X
2338-2E 90           910 ( 1/2/3)                 LD      R2, -X
2339-4E 90           911 ( 1/2/3)                 LD      R4, -X
233A-8E 90           912 ( 1/2/3)                 LD      R8, -X
233B-0E 91           913 ( 1/2/3)                 LD      R16, -X
233C-                914
233C-18 80           915 ( 1/2/3)                 LD      R1, Y
233D-28 80           916 ( 1/2/3)                 LD      R2, Y
233E-48 80           917 ( 1/2/3)                 LD      R4, Y
233F-88 80           918 ( 1/2/3)                 LD      R8, Y
2340-08 81           919 ( 1/2/3)                 LD      R16, Y
2341-19 90           920 ( 1/2/3)                 LD      R1, Y+
2342-29 90           921 ( 1/2/3)                 LD      R2, Y+
2343-49 90           922 ( 1/2/3)                 LD      R4, Y+
2344-89 90           923 ( 1/2/3)                 LD      R8, Y+
2345-09 91           924 ( 1/2/3)                 LD      R16, Y+
2346-1A 90           925 ( 1/2/3)                 LD      R1, -Y
2347-2A 90           926 ( 1/2/3)                 LD      R2, -Y
2348-4A 90           927 ( 1/2/3)                 LD      R4, -Y
2349-8A 90           928 ( 1/2/3)                 LD      R8, -Y
234A-0A 91           929 ( 1/2/3)                 LD      R16, -Y
234B-                930
234B-19 80           931 ( 1/2/3)                 LDD     R1, Y+1
234C-29 80           932 ( 1/2/3)                 LDD     R2, Y+1
234D-49 80           933 ( 1/2/3)                 LDD     R4, Y+1
234E-89 80           934 ( 1/2/3)                 LDD     R8, Y+1
234F-09 81           935 ( 1/2/3)                 LDD     R16, Y+1
2350-1A 80           936 ( 1/2/3)                 LDD     R1, Y+2
2351-1C 80           937 ( 1/2/3)                 LDD     R1, Y+4
2352-18 84           938 ( 1/2/3)                 LDD     R1, Y+8
2353-18 88           939 ( 1/2/3)                 LDD     R1, Y+16
2354-18 A0           940 ( 1/2/3)                 LDD     R1, Y+32
2355-                941
2355-10 80           942 ( 1/2/3)                 LD      R1, Z
2356-20 80           943 ( 1/2/3)                 LD      R2, Z
2357-40 80           944 ( 1/2/3)                 LD      R4, Z
2358-80 80           945 ( 1/2/3)                 LD      R8, Z
2359-00 81           946 ( 1/2/3)                 LD      R16, Z
235A-11 90           947 ( 1/2/3)                 LD      R1, Z+
235B-21 90           948 ( 1/2/3)                 LD      R2, Z+
235C-41 90           949 ( 1/2/3)                 LD      R4, Z+
235D-81 90           950 ( 1/2/3)                 LD      R8, Z+
235E-01 91           951 ( 1/2/3)                 LD      R16, Z+
235F-12 90           952 ( 1/2/3)                 LD      R1, -Z
2360-22 90           953 ( 1/2/3)                 LD      R2, -Z
2361-42 90           954 ( 1/2/3)                 LD      R4, -Z
2362-82 90           955 ( 1/2/3)                 LD      R8, -Z
2363-02 91           956 ( 1/2/3)                 LD      R16, -Z
2364-                957
2364-11 80           958 ( 1/2/3)                 LDD     R1, Z+1
2365-21 80           959 ( 1/2/3)                 LDD     R2, Z+1
2366-41 80           960 ( 1/2/3)                 LDD     R4, Z+1
2367-81 80           961 ( 1/2/3)                 LDD     R8, Z+1
2368-01 81           962 ( 1/2/3)                 LDD     R16, Z+1
2369-12 80           963 ( 1/2/3)                 LDD     R1, Z+2
236A-14 80           964 ( 1/2/3)                 LDD     R1, Z+4
236B-10 84           965 ( 1/2/3)                 LDD     R1, Z+8
236C-10 88           966 ( 1/2/3)                 LDD     R1, Z+16
236D-10 A0           967 ( 1/2/3)                 LDD     R1, Z+32
236E-                968
236E-1C 92           969 (   1/2)                 ST      X, 1
236F-2C 92           970 (   1/2)                 ST      X, 2
2370-4C 92           971 (   1/2)                 ST      X, 4
2371-8C 92           972 (   1/2)                 ST      X, 8
2372-0C 93           973 (   1/2)                 ST      X, 16
2373-1D 92           974 (   1/2)                 ST      X+, R1
2374-2D 92           975 (   1/2)                 ST      X+, R2
2375-4D 92           976 (   1/2)                 ST      X+, R4
2376-8D 92           977 (   1/2)                 ST      X+, R8
2377-0D 93           978 (   1/2)                 ST      X+, R16
2378-1E 92           979 (   1/2)                 ST      -X, R1
2379-2E 92           980 (   1/2)                 ST      -X, R2
237A-4E 92           981 (   1/2)                 ST      -X, R4
237B-8E 92           982 (   1/2)                 ST      -X, R8
237C-0E 93           983 (   1/2)                 ST      -X, R16
237D-                984
237D-18 82           985 (   1/2)                 ST      Y, R1
237E-28 82           986 (   1/2)                 ST      Y, R2
237F-48 82           987 (   1/2)                 ST      Y, R4
2380-88 82           988 (   1/2)                 ST      Y, R8
2381-08 83           989 (   1/2)                 ST      Y, R16
2382-19 92           990 (   1/2)                 ST      Y+, R1
2383-29 92           991 (   1/2)                 ST      Y+, R2
2384-49 92           992 (   1/2)                 ST      Y+, R4
2385-89 92           993 (   1/2)                 ST      Y+, R8
2386-09 93           994 (   1/2)                 ST      Y+, R16
2387-1A 92           995 (   1/2)                 ST      -Y, R1
2388-2A 92           996 (   1/2)                 ST      -Y, R2
2389-4A 92           997 (   1/2)                 ST      -Y, R4
238A-8A 92           998 (   1/2)                 ST      -Y, R8
238B-0A 93           999 (   1/2)                 ST      -Y, R16
238C-               1000
238C-19 82          1001 (   1/2)                 STD     Y+1, R1
238D-29 82          1002 (   1/2)                 STD     Y+1, R2
238E-49 82          1003 (   1/2)                 STD     Y+1, R4
238F-89 82          1004 (   1/2)                 STD     Y+1, R8
2390-09 83          1005 (   1/2)                 STD     Y+1, R16
2391-1A 82          1006 (   1/2)                 STD     Y+2, R1
2392-1C 82          1007 (   1/2)                 STD     Y+4, R1
2393-18 86          1008 (   1/2)                 STD     Y+8, R1
2394-18 8A          1009 (   1/2)                 STD     Y+16, R1
2395-18 A2          1010 (   1/2)                 STD     Y+32, R1
2396-               1011
2396-10 82          1012 (   1/2)                 ST      Z, R1
2397-20 82          1013 (   1/2)                 ST      Z, R2
2398-40 82          1014 (   1/2)                 ST      Z, R4
2399-80 82          1015 (   1/2)                 ST      Z, R8
239A-00 83          1016 (   1/2)                 ST      Z, R16
239B-11 92          1017 (   1/2)                 ST      Z+, R1
239C-21 92          1018 (   1/2)                 ST      Z+, R2
239D-41 92          1019 (   1/2)                 ST      Z+, R4
239E-81 92          1020 (   1/2)                 ST      Z+, R8
239F-01 93          1021 (   1/2)                 ST      Z+, R16
23A0-12 92          1022 (   1/2)                 ST      -Z, R1
23A1-22 92          1023 (   1/2)                 ST      -Z, R2
23A2-42 92          1024 (   1/2)                 ST      -Z, R4
23A3-82 92          1025 (   1/2)                 ST      -Z, R8
23A4-02 93          1026 (   1/2)                 ST      -Z, R16
23A5-               1027
23A5-11 82          1028 (   1/2)                 STD     z+1, R1
23A6-21 82          1029 (   1/2)                 STD     z+1, R2
23A7-41 82          1030 (   1/2)                 STD     z+1, R4
23A8-81 82          1031 (   1/2)                 STD     z+1, R8
23A9-01 83          1032 (   1/2)                 STD     z+1, R16
23AA-12 82          1033 (   1/2)                 STD     z+2, R1
23AB-14 82          1034 (   1/2)                 STD     z+4, R1
23AC-10 86          1035 (   1/2)                 STD     z+8, R1
23AD-10 8A          1036 (   1/2)                 STD     z+16, R1
23AE-10 A2          1037 (   1/2)                 STD     z+32, R1
23AF-               1038
23AF-               1039          ;---------------------------------------------------------------------------
23AF-               1040          ; LDS and STS instructions
23AF-               1041          ;---------------------------------------------------------------------------
23AF-               1042
23AF-10 90 01 00    1043 (   2/3)                 LDS     R1, 1
23B1-20 90 01 00    1044 (   2/3)                 LDS     R2, 1
23B3-40 90 01 00    1045 (   2/3)                 LDS     R4, 1
23B5-80 90 01 00    1046 (   2/3)                 LDS     R8, 1
23B7-00 91 01 00    1047 (   2/3)                 LDS     R16, 1
23B9-10 90 02 00    1048 (   2/3)                 LDS     R1, 2
23BB-10 90 04 00    1049 (   2/3)                 LDS     R1, 4
23BD-10 90 08 00    1050 (   2/3)                 LDS     R1, 8
23BF-10 90 10 00    1051 (   2/3)                 LDS     R1, 16
23C1-10 90 20 00    1052 (   2/3)                 LDS     R1, 32
23C3-10 90 40 00    1053 (   2/3)                 LDS     R1, 64
23C5-10 90 80 00    1054 (   2/3)                 LDS     R1, 128
23C7-10 90 00 01    1055 (   2/3)                 LDS     R1, 256
23C9-10 90 00 02    1056 (   2/3)                 LDS     R1, 512
23CB-10 90 00 04    1057 (   2/3)                 LDS     R1, 1024
23CD-10 90 00 08    1058 (   2/3)                 LDS     R1, 2048
23CF-10 90 00 10    1059 (   2/3)                 LDS     R1, 4096
23D1-10 90 00 20    1060 (   2/3)                 LDS     R1, 8192
23D3-10 90 00 40    1061 (   2/3)                 LDS     R1, 16384
23D5-10 90 00 80    1062 (   2/3)                 LDS     R1, 32768
23D7-               1063
23D7-10 92 01 00    1064 (     2)                 STS     1, R1
23D9-20 92 01 00    1065 (     2)                 STS     1, R2
23DB-40 92 01 00    1066 (     2)                 STS     1, R4
23DD-80 92 01 00    1067 (     2)                 STS     1, R8
23DF-00 93 01 00    1068 (     2)                 STS     1, R16
23E1-10 92 02 00    1069 (     2)                 STS     2, R1
23E3-10 92 04 00    1070 (     2)                 STS     4, R1
23E5-10 92 08 00    1071 (     2)                 STS     8, R1
23E7-10 92 10 00    1072 (     2)                 STS     16, R1
23E9-10 92 20 00    1073 (     2)                 STS     32, R1
23EB-10 92 40 00    1074 (     2)                 STS     64, R1
23ED-10 92 80 00    1075 (     2)                 STS     128, R1
23EF-10 92 00 01    1076 (     2)                 STS     256, R1
23F1-10 92 00 02    1077 (     2)                 STS     512, R1
23F3-10 92 00 04    1078 (     2)                 STS     1024, R1
23F5-10 92 00 08    1079 (     2)                 STS     2048, R1
23F7-10 92 00 10    1080 (     2)                 STS     4096, R1
23F9-10 92 00 20    1081 (     2)                 STS     8192, R1
23FB-10 92 00 40    1082 (     2)                 STS     16384, R1
23FD-10 92 00 80    1083 (     2)                 STS     32768, R1
23FF-               1084
23FF-               1085          ;---------------------------------------------------------------------------
23FF-               1086          ; (E)LPM instructions
23FF-               1087          ;---------------------------------------------------------------------------
23FF-               1088
23FF-D8 95          1089 (     3)                 ELPM
2400-16 90          1090 (     3)                 ELPM    R1, Z
2401-26 90          1091 (     3)                 ELPM    R2, Z
2402-46 90          1092 (     3)                 ELPM    R4, Z
2403-86 90          1093 (     3)                 ELPM    R8, Z
2404-06 91          1094 (     3)                 ELPM    R16, Z
2405-17 90          1095 (     3)                 ELPM    R1, Z+
2406-27 90          1096 (     3)                 ELPM    R2, Z+
2407-47 90          1097 (     3)                 ELPM    R4, Z+
2408-87 90          1098 (     3)                 ELPM    R8, Z+
2409-07 91          1099 (     3)                 ELPM    R16, Z+
240A-               1100
240A-C8 95          1101 (     3)                 LPM
240B-14 90          1102 (     3)                 LPM     R1, Z
240C-24 90          1103 (     3)                 LPM     R2, Z
240D-44 90          1104 (     3)                 LPM     R4, Z
240E-84 90          1105 (     3)                 LPM     R8, Z
240F-04 91          1106 (     3)                 LPM     R16, Z
2410-15 90          1107 (     3)                 LPM     R1, Z+
2411-25 90          1108 (     3)                 LPM     R2, Z+
2412-45 90          1109 (     3)                 LPM     R4, Z+
2413-85 90          1110 (     3)                 LPM     R8, Z+
2414-05 91          1111 (     3)                 LPM     R16, Z+
2415-               1112
2415-               1113          ;---------------------------------------------------------------------------
2415-               1114          ; SPM instructions
2415-               1115          ;---------------------------------------------------------------------------
2415-               1116
2415-E8 95          1117 (     *)                 SPM                 Not supported by all devices
2416-E8 95          1118 (     *)                 SPM     z           Not supported by all devices
2417-F8 95          1119 (     *)                 SPM     z+
2418-               1120
2418-               1121          ;---------------------------------------------------------------------------
2418-               1122          ; I/O instructions
2418-               1123          ;---------------------------------------------------------------------------
2418-               1124
2418-11 B0          1125 (     1)                 IN      R1, 1
2419-21 B0          1126 (     1)                 IN      R2, 1
241A-41 B0          1127 (     1)                 IN      R4, 1
241B-81 B0          1128 (     1)                 IN      R8, 1
241C-01 B1          1129 (     1)                 IN      R16, 1
241D-12 B0          1130 (     1)                 IN      R1, 2
241E-14 B0          1131 (     1)                 IN      R1, 4
241F-18 B0          1132 (     1)                 IN      R1, 8
2420-10 B2          1133 (     1)                 IN      R1, 16
2421-10 B4          1134 (     1)                 IN      R1, 32
2422-               1135
2422-11 B8          1136 (     1)                 OUT     1, R1
2423-21 B8          1137 (     1)                 OUT     1, R2
2424-41 B8          1138 (     1)                 OUT     1, R4
2425-81 B8          1139 (     1)                 OUT     1, R8
2426-01 B9          1140 (     1)                 OUT     1, R16
2427-12 B8          1141 (     1)                 OUT     2, R1
2428-14 B8          1142 (     1)                 OUT     4, R1
2429-18 B8          1143 (     1)                 OUT     8, R1
242A-10 BA          1144 (     1)                 OUT     16, R1
242B-10 BC          1145 (     1)                 OUT     32, R1
242C-               1146
242C-               1147          ;---------------------------------------------------------------------------
242C-               1148          ; Bit clear and set instructions
242C-               1149          ;---------------------------------------------------------------------------
242C-               1150
242C-98 94          1151 (     1)                 BCLR    1
242D-A8 94          1152 (     1)                 BCLR    2
242E-C8 94          1153 (     1)                 BCLR    4
242F-               1154
242F-18 94          1155 (     1)                 BSET    1
2430-28 94          1156 (     1)                 BSET    2
2431-48 94          1157 (     1)                 BSET    4
2432-               1158
2432-               1159          ;---------------------------------------------------------------------------
2432-               1160          ; Immediate addressing mode notation options
2432-               1161          ;---------------------------------------------------------------------------
2432-               1162
12345678-           1163          DATA            .EQ     $12345678
2432-               1164
2432-18 E7          1165 (     1)                 LDI     R17, DATA       Normal Atmel notation
2433-18 E7          1166 (     1)                 LDI     R17, #DATA      Has same effect as the line above
2434-16 E5          1167 (     1)                 LDI     R17, /DATA      Use 2nd byte of long word imm mode
2435-14 E3          1168 (     1)                 LDI     R17, =DATA      Use 3d byte of long word imm mode
2436-12 E1          1169 (     1)                 LDI     R17, \DATA      Use MSB of long word in imm mode
2437-               1170
2437-               1171
