0000-                  2          ;---------------------------------------------------------------------------
0000-                  3          ;   minimal.asm
0000-                  4          ;
0000-                  5          ;   Opcode test for the SB-Assembler AVR cross family
0000-                  6          ;
0000-                  7          ;   Valid for Minimal Core
0000-                  8          ;
0000-                  9          ;---------------------------------------------------------------------------
0000-                 10
0000-                 11                          .CR     AVR     And now for something completely different
0000-                 12                          .FA     MINIMAL  (tested against Atmel-0856 document)
0000-                 13
0000-                 14                          .TF     test.hex, int
2000-                 15                          .OR     $2000   Avoid range errors for jumps and calls
2000-                 17
2000-                 18          ;---------------------------------------------------------------------------
2000-                 19          ; Inherent addressing mode
2000-                 20          ;---------------------------------------------------------------------------
2000-                 21
2000-88 94            22 (     1)                 CLC
2001-D8 94            23 (     1)                 CLH
2002-F8 94            24 (     1)                 CLI
2003-A8 94            25 (     1)                 CLN
2004-C8 94            26 (     1)                 CLS
2005-E8 94            27 (     1)                 CLT
2006-B8 94            28 (     1)                 CLV
2007-98 94            29 (     1)                 CLZ
2008-00 00            30 (     1)                 NOP
2009-08 95            31 (  4/5*)                 RET
200A-18 95            32 (  4/5*)                 RETI
200B-08 94            33 (     1)                 SEC
200C-58 94            34 (     1)                 SEH
200D-78 94            35 (     1)                 SEI
200E-28 94            36 (     1)                 SEN
200F-48 94            37 (     1)                 SES
2010-68 94            38 (     1)                 SET
2011-38 94            39 (     1)                 SEV
2012-18 94            40 (     1)                 SEZ
2013-88 95            41 (     1)                 SLEEP
2014-A8 95            42 (     1)                 WDR
2015-                 43
2015-                 44          ;---------------------------------------------------------------------------
2015-                 45          ; Register pair operand instructions
2015-                 46          ;---------------------------------------------------------------------------
2015-                 47
2015-11 1C            48 (     1)                 ADC     R1, R1
2016-12 1C            49 (     1)                 ADC     R1, R2
2017-14 1C            50 (     1)                 ADC     R1, R4
2018-18 1C            51 (     1)                 ADC     R1, R8
2019-10 1E            52 (     1)                 ADC     R1, R16
201A-21 1C            53 (     1)                 ADC     R2, R1
201B-41 1C            54 (     1)                 ADC     R4, R1
201C-81 1C            55 (     1)                 ADC     R8, R1
201D-01 1D            56 (     1)                 ADC     R16, R1
201E-                 57
201E-11 0C            58 (     1)                 ADD     1, 1            Numeric values are translated to
201F-12 0C            59 (     1)                 ADD     1, 2             registers automatically
2020-14 0C            60 (     1)                 ADD     1, 4
2021-18 0C            61 (     1)                 ADD     1, 8
2022-10 0E            62 (     1)                 ADD     1, 16
2023-21 0C            63 (     1)                 ADD     2, 1
2024-41 0C            64 (     1)                 ADD     4, 1
2025-81 0C            65 (     1)                 ADD     8, 1
2026-01 0D            66 (     1)                 ADD     16, 1
2027-                 67
2027-11 20            68 (     1)                 AND     R1, R1
2028-12 20            69 (     1)                 AND     R1, R2
2029-14 20            70 (     1)                 AND     R1, R4
202A-18 20            71 (     1)                 AND     R1, R8
202B-10 22            72 (     1)                 AND     R1, R16
202C-21 20            73 (     1)                 AND     R2, R1
202D-41 20            74 (     1)                 AND     R4, R1
202E-81 20            75 (     1)                 AND     R8, R1
202F-01 21            76 (     1)                 AND     R16, R1
2030-                 77
2030-11 14            78 (     1)                 CP      R1, R1
2031-12 14            79 (     1)                 CP      R1, R2
2032-14 14            80 (     1)                 CP      R1, R4
2033-18 14            81 (     1)                 CP      R1, R8
2034-10 16            82 (     1)                 CP      R1, R16
2035-21 14            83 (     1)                 CP      R2, R1
2036-41 14            84 (     1)                 CP      R4, R1
2037-81 14            85 (     1)                 CP      R8, R1
2038-01 15            86 (     1)                 CP      R16, R1
2039-                 87
2039-11 04            88 (     1)                 CPC     R1, R1
203A-12 04            89 (     1)                 CPC     R1, R2
203B-14 04            90 (     1)                 CPC     R1, R4
203C-18 04            91 (     1)                 CPC     R1, R8
203D-10 06            92 (     1)                 CPC     R1, R16
203E-21 04            93 (     1)                 CPC     R2, R1
203F-41 04            94 (     1)                 CPC     R4, R1
2040-81 04            95 (     1)                 CPC     R8, R1
2041-01 05            96 (     1)                 CPC     R16, R1
2042-                 97
2042-11 10            98 ( 1/2/3)                 CPSE    R1, R1
2043-12 10            99 ( 1/2/3)                 CPSE    R1, R2
2044-14 10           100 ( 1/2/3)                 CPSE    R1, R4
2045-18 10           101 ( 1/2/3)                 CPSE    R1, R8
2046-10 12           102 ( 1/2/3)                 CPSE    R1, R16
2047-21 10           103 ( 1/2/3)                 CPSE    R2, R1
2048-41 10           104 ( 1/2/3)                 CPSE    R4, R1
2049-81 10           105 ( 1/2/3)                 CPSE    R8, R1
204A-01 11           106 ( 1/2/3)                 CPSE    R16, R1
204B-                107
204B-11 24           108 (     1)                 EOR     R1, R1
204C-12 24           109 (     1)                 EOR     R1, R2
204D-14 24           110 (     1)                 EOR     R1, R4
204E-18 24           111 (     1)                 EOR     R1, R8
204F-10 26           112 (     1)                 EOR     R1, R16
2050-21 24           113 (     1)                 EOR     R2, R1
2051-41 24           114 (     1)                 EOR     R4, R1
2052-81 24           115 (     1)                 EOR     R8, R1
2053-01 25           116 (     1)                 EOR     R16, R1
2054-                117
2054-11 2C           118 (     1)                 MOV     R1, R1
2055-12 2C           119 (     1)                 MOV     R1, R2
2056-14 2C           120 (     1)                 MOV     R1, R4
2057-18 2C           121 (     1)                 MOV     R1, R8
2058-10 2E           122 (     1)                 MOV     R1, R16
2059-21 2C           123 (     1)                 MOV     R2, R1
205A-41 2C           124 (     1)                 MOV     R4, R1
205B-81 2C           125 (     1)                 MOV     R8, R1
205C-01 2D           126 (     1)                 MOV     R16, R1
205D-                127
205D-11 28           128 (     1)                 OR      R1, R1
205E-12 28           129 (     1)                 OR      R1, R2
205F-14 28           130 (     1)                 OR      R1, R4
2060-18 28           131 (     1)                 OR      R1, R8
2061-10 2A           132 (     1)                 OR      R1, R16
2062-21 28           133 (     1)                 OR      R2, R1
2063-41 28           134 (     1)                 OR      R4, R1
2064-81 28           135 (     1)                 OR      R8, R1
2065-01 29           136 (     1)                 OR      R16, R1
2066-                137
2066-11 08           138 (     1)                 SBC     R1, R1
2067-12 08           139 (     1)                 SBC     R1, R2
2068-14 08           140 (     1)                 SBC     R1, R4
2069-18 08           141 (     1)                 SBC     R1, R8
206A-10 0A           142 (     1)                 SBC     R1, R16
206B-21 08           143 (     1)                 SBC     R2, R1
206C-41 08           144 (     1)                 SBC     R4, R1
206D-81 08           145 (     1)                 SBC     R8, R1
206E-01 09           146 (     1)                 SBC     R16, R1
206F-                147
206F-11 18           148 (     1)                 SUB     R1, R1
2070-12 18           149 (     1)                 SUB     R1, R2
2071-14 18           150 (     1)                 SUB     R1, R4
2072-18 18           151 (     1)                 SUB     R1, R8
2073-10 1A           152 (     1)                 SUB     R1, R16
2074-21 18           153 (     1)                 SUB     R2, R1
2075-41 18           154 (     1)                 SUB     R4, R1
2076-81 18           155 (     1)                 SUB     R8, R1
2077-01 19           156 (     1)                 SUB     R16, R1
2078-                157
2078-                158          ;---------------------------------------------------------------------------
2078-                159          ; Register immediate operand instructions
2078-                160          ;---------------------------------------------------------------------------
2078-                161
2078-11 70           162 (     1)                 ANDI    R17, 1
2079-12 70           163 (     1)                 ANDI    R17, 2
207A-14 70           164 (     1)                 ANDI    R17, 4
207B-18 70           165 (     1)                 ANDI    R17, 8
207C-10 71           166 (     1)                 ANDI    R17, 16
207D-10 72           167 (     1)                 ANDI    R17, 32
207E-10 74           168 (     1)                 ANDI    R17, 64
207F-10 78           169 (     1)                 ANDI    R17, 128
2080-21 70           170 (     1)                 ANDI    R18, 1
2081-41 70           171 (     1)                 ANDI    R20, 1
2082-81 70           172 (     1)                 ANDI    R24, 1
2083-18 77           173 (     1)                 ANDI    R17, #$12345678     # Prefix is optional (use LSB)
2084-16 75           174 (     1)                 ANDI    R17, /$12345678     / Use 2nd LSB
2085-14 73           175 (     1)                 ANDI    R17, =$12345678     = User 2nd MSB
2086-12 71           176 (     1)                 ANDI    R17, \$12345678     \ Use MSB
2087-                177
2087-1E 7F           178 (     1)                 CBR     R17, 1
2088-1D 7F           179 (     1)                 CBR     R17, 2
2089-1B 7F           180 (     1)                 CBR     R17, 4
208A-17 7F           181 (     1)                 CBR     R17, 8
208B-1F 7E           182 (     1)                 CBR     R17, 16
208C-1F 7D           183 (     1)                 CBR     R17, 32
208D-1F 7B           184 (     1)                 CBR     R17, 64
208E-1F 77           185 (     1)                 CBR     R17, 128
208F-2E 7F           186 (     1)                 CBR     R18, 1
2090-4E 7F           187 (     1)                 CBR     R20, 1
2091-8E 7F           188 (     1)                 CBR     R24, 1
2092-                189
2092-11 30           190 (     1)                 CPI     R17, 1
2093-12 30           191 (     1)                 CPI     R17, 2
2094-14 30           192 (     1)                 CPI     R17, 4
2095-18 30           193 (     1)                 CPI     R17, 8
2096-10 31           194 (     1)                 CPI     R17, 16
2097-10 32           195 (     1)                 CPI     R17, 32
2098-10 34           196 (     1)                 CPI     R17, 64
2099-10 38           197 (     1)                 CPI     R17, 128
209A-21 30           198 (     1)                 CPI     R18, 1
209B-41 30           199 (     1)                 CPI     R20, 1
209C-81 30           200 (     1)                 CPI     R24, 1
209D-                201
209D-11 E0           202 (     1)                 LDI     R17, 1
209E-12 E0           203 (     1)                 LDI     R17, 2
209F-14 E0           204 (     1)                 LDI     R17, 4
20A0-18 E0           205 (     1)                 LDI     R17, 8
20A1-10 E1           206 (     1)                 LDI     R17, 16
20A2-10 E2           207 (     1)                 LDI     R17, 32
20A3-10 E4           208 (     1)                 LDI     R17, 64
20A4-10 E8           209 (     1)                 LDI     R17, 128
20A5-21 E0           210 (     1)                 LDI     R18, 1
20A6-41 E0           211 (     1)                 LDI     R20, 1
20A7-81 E0           212 (     1)                 LDI     R24, 1
20A8-                213
20A8-11 60           214 (     1)                 ORI     R17, 1
20A9-12 60           215 (     1)                 ORI     R17, 2
20AA-14 60           216 (     1)                 ORI     R17, 4
20AB-18 60           217 (     1)                 ORI     R17, 8
20AC-10 61           218 (     1)                 ORI     R17, 16
20AD-10 62           219 (     1)                 ORI     R17, 32
20AE-10 64           220 (     1)                 ORI     R17, 64
20AF-10 68           221 (     1)                 ORI     R17, 128
20B0-21 60           222 (     1)                 ORI     R18, 1
20B1-41 60           223 (     1)                 ORI     R20, 1
20B2-81 60           224 (     1)                 ORI     R24, 1
20B3-                225
20B3-11 40           226 (     1)                 SBCI    R17, 1
20B4-12 40           227 (     1)                 SBCI    R17, 2
20B5-14 40           228 (     1)                 SBCI    R17, 4
20B6-18 40           229 (     1)                 SBCI    R17, 8
20B7-10 41           230 (     1)                 SBCI    R17, 16
20B8-10 42           231 (     1)                 SBCI    R17, 32
20B9-10 44           232 (     1)                 SBCI    R17, 64
20BA-10 48           233 (     1)                 SBCI    R17, 128
20BB-21 40           234 (     1)                 SBCI    R18, 1
20BC-41 40           235 (     1)                 SBCI    R20, 1
20BD-81 40           236 (     1)                 SBCI    R24, 1
20BE-                237
20BE-11 60           238 (     1)                 SBR     R17, 1
20BF-12 60           239 (     1)                 SBR     R17, 2
20C0-14 60           240 (     1)                 SBR     R17, 4
20C1-18 60           241 (     1)                 SBR     R17, 8
20C2-10 61           242 (     1)                 SBR     R17, 16
20C3-10 62           243 (     1)                 SBR     R17, 32
20C4-10 64           244 (     1)                 SBR     R17, 64
20C5-10 68           245 (     1)                 SBR     R17, 128
20C6-21 60           246 (     1)                 SBR     R18, 1
20C7-41 60           247 (     1)                 SBR     R20, 1
20C8-81 60           248 (     1)                 SBR     R24, 1
20C9-                249
20C9-11 50           250 (     1)                 SUBI    R17, 1
20CA-12 50           251 (     1)                 SUBI    R17, 2
20CB-14 50           252 (     1)                 SUBI    R17, 4
20CC-18 50           253 (     1)                 SUBI    R17, 8
20CD-10 51           254 (     1)                 SUBI    R17, 16
20CE-10 52           255 (     1)                 SUBI    R17, 32
20CF-10 54           256 (     1)                 SUBI    R17, 64
20D0-10 58           257 (     1)                 SUBI    R17, 128
20D1-21 50           258 (     1)                 SUBI    R18, 1
20D2-41 50           259 (     1)                 SUBI    R20, 1
20D3-81 50           260 (     1)                 SUBI    R24, 1
20D4-                261
20D4-                262          ;---------------------------------------------------------------------------
20D4-                263          ; Single register operand instructions
20D4-                264          ;---------------------------------------------------------------------------
20D4-                265
20D4-15 94           266 (     1)                 ASR     R1
20D5-25 94           267 (     1)                 ASR     R2
20D6-45 94           268 (     1)                 ASR     R4
20D7-85 94           269 (     1)                 ASR     R8
20D8-05 95           270 (     1)                 ASR     R16
20D9-                271
20D9-11 24           272 (     1)                 CLR     R1
20DA-22 24           273 (     1)                 CLR     R2
20DB-44 24           274 (     1)                 CLR     R4
20DC-88 24           275 (     1)                 CLR     R8
20DD-00 27           276 (     1)                 CLR     R16
20DE-                277
20DE-10 94           278 (     1)                 COM     R1
20DF-20 94           279 (     1)                 COM     R2
20E0-40 94           280 (     1)                 COM     R4
20E1-80 94           281 (     1)                 COM     R8
20E2-00 95           282 (     1)                 COM     R16
20E3-                283
20E3-1A 94           284 (     1)                 DEC     R1
20E4-2A 94           285 (     1)                 DEC     R2
20E5-4A 94           286 (     1)                 DEC     R4
20E6-8A 94           287 (     1)                 DEC     R8
20E7-0A 95           288 (     1)                 DEC     R16
20E8-                289
20E8-13 94           290 (     1)                 INC     R1
20E9-23 94           291 (     1)                 INC     R2
20EA-43 94           292 (     1)                 INC     R4
20EB-83 94           293 (     1)                 INC     R8
20EC-03 95           294 (     1)                 INC     R16
20ED-                295
20ED-11 0C           296 (     1)                 LSL     R1
20EE-22 0C           297 (     1)                 LSL     R2
20EF-44 0C           298 (     1)                 LSL     R4
20F0-88 0C           299 (     1)                 LSL     R8
20F1-00 0F           300 (     1)                 LSL     R16
20F2-                301
20F2-16 94           302 (     1)                 LSR     R1
20F3-26 94           303 (     1)                 LSR     R2
20F4-46 94           304 (     1)                 LSR     R4
20F5-86 94           305 (     1)                 LSR     R8
20F6-06 95           306 (     1)                 LSR     R16
20F7-                307
20F7-11 94           308 (     1)                 NEG     R1
20F8-21 94           309 (     1)                 NEG     R2
20F9-41 94           310 (     1)                 NEG     R4
20FA-81 94           311 (     1)                 NEG     R8
20FB-01 95           312 (     1)                 NEG     R16
20FC-                313
20FC-11 1C           314 (     1)                 ROL     R1
20FD-22 1C           315 (     1)                 ROL     R2
20FE-44 1C           316 (     1)                 ROL     R4
20FF-88 1C           317 (     1)                 ROL     R8
2100-00 1F           318 (     1)                 ROL     R16
2101-                319
2101-17 94           320 (     1)                 ROR     R1
2102-27 94           321 (     1)                 ROR     R2
2103-47 94           322 (     1)                 ROR     R4
2104-87 94           323 (     1)                 ROR     R8
2105-07 95           324 (     1)                 ROR     R16
2106-                325
2106-1F EF           326 (     1)                 SER     R17
2107-2F EF           327 (     1)                 SER     R18
2108-4F EF           328 (     1)                 SER     R20
2109-8F EF           329 (     1)                 SER     R24
210A-                330
210A-12 94           331 (     1)                 SWAP    R1
210B-22 94           332 (     1)                 SWAP    R2
210C-42 94           333 (     1)                 SWAP    R4
210D-82 94           334 (     1)                 SWAP    R8
210E-02 95           335 (     1)                 SWAP    R16
210F-                336
210F-11 20           337 (     1)                 TST     R1
2110-22 20           338 (     1)                 TST     R2
2111-44 20           339 (     1)                 TST     R4
2112-88 20           340 (     1)                 TST     R8
2113-00 23           341 (     1)                 TST     R16
2114-                342
2114-                343          ;---------------------------------------------------------------------------
2114-                344          ; Branch instructions
2114-                345          ;---------------------------------------------------------------------------
2114-                346
2114-01 F6           347 (   1/2)                 BRBC    1,$+1-64
2115-01 F7           348 (   1/2)                 BRBC    1,$+1-32
2116-81 F7           349 (   1/2)                 BRBC    1,$+1-16
2117-C1 F7           350 (   1/2)                 BRBC    1,$+1-8
2118-E1 F7           351 (   1/2)                 BRBC    1,$+1-4
2119-F1 F7           352 (   1/2)                 BRBC    1,$+1-2
211A-01 F4           353 (   1/2)                 BRBC    1,$+1
211B-09 F4           354 (   1/2)                 BRBC    1,$+1+1
211C-11 F4           355 (   1/2)                 BRBC    1,$+1+2
211D-21 F4           356 (   1/2)                 BRBC    1,$+1+4
211E-41 F4           357 (   1/2)                 BRBC    1,$+1+8
211F-81 F4           358 (   1/2)                 BRBC    1,$+1+16
2120-01 F5           359 (   1/2)                 BRBC    1,$+1+32
2121-02 F4           360 (   1/2)                 BRBC    2,$+1
2122-04 F4           361 (   1/2)                 BRBC    4,$+1
2123-                362
2123-01 F2           363 (   1/2)                 BRBS    1,$+1-64
2124-01 F3           364 (   1/2)                 BRBS    1,$+1-32
2125-81 F3           365 (   1/2)                 BRBS    1,$+1-16
2126-C1 F3           366 (   1/2)                 BRBS    1,$+1-8
2127-E1 F3           367 (   1/2)                 BRBS    1,$+1-4
2128-F1 F3           368 (   1/2)                 BRBS    1,$+1-2
2129-01 F0           369 (   1/2)                 BRBS    1,$+1
212A-09 F0           370 (   1/2)                 BRBS    1,$+1+1
212B-11 F0           371 (   1/2)                 BRBS    1,$+1+2
212C-21 F0           372 (   1/2)                 BRBS    1,$+1+4
212D-41 F0           373 (   1/2)                 BRBS    1,$+1+8
212E-81 F0           374 (   1/2)                 BRBS    1,$+1+16
212F-01 F1           375 (   1/2)                 BRBS    1,$+1+32
2130-02 F0           376 (   1/2)                 BRBS    2,$+1
2131-04 F0           377 (   1/2)                 BRBS    4,$+1
2132-                378
2132-00 F6           379 (   1/2)                 BRCC    $+1-64
2133-00 F7           380 (   1/2)                 BRCC    $+1-32
2134-80 F7           381 (   1/2)                 BRCC    $+1-16
2135-C0 F7           382 (   1/2)                 BRCC    $+1-8
2136-E0 F7           383 (   1/2)                 BRCC    $+1-4
2137-F0 F7           384 (   1/2)                 BRCC    $+1-2
2138-00 F4           385 (   1/2)                 BRCC    $+1
2139-08 F4           386 (   1/2)                 BRCC    $+1+1
213A-10 F4           387 (   1/2)                 BRCC    $+1+2
213B-20 F4           388 (   1/2)                 BRCC    $+1+4
213C-40 F4           389 (   1/2)                 BRCC    $+1+8
213D-80 F4           390 (   1/2)                 BRCC    $+1+16
213E-00 F5           391 (   1/2)                 BRCC    $+1+32
213F-                392
213F-00 F2           393 (   1/2)                 BRCS    $+1-64
2140-00 F3           394 (   1/2)                 BRCS    $+1-32
2141-80 F3           395 (   1/2)                 BRCS    $+1-16
2142-C0 F3           396 (   1/2)                 BRCS    $+1-8
2143-E0 F3           397 (   1/2)                 BRCS    $+1-4
2144-F0 F3           398 (   1/2)                 BRCS    $+1-2
2145-00 F0           399 (   1/2)                 BRCS    $+1
2146-08 F0           400 (   1/2)                 BRCS    $+1+1
2147-10 F0           401 (   1/2)                 BRCS    $+1+2
2148-20 F0           402 (   1/2)                 BRCS    $+1+4
2149-40 F0           403 (   1/2)                 BRCS    $+1+8
214A-80 F0           404 (   1/2)                 BRCS    $+1+16
214B-00 F1           405 (   1/2)                 BRCS    $+1+32
214C-                406
214C-01 F2           407 (   1/2)                 BREQ    $+1-64
214D-01 F3           408 (   1/2)                 BREQ    $+1-32
214E-81 F3           409 (   1/2)                 BREQ    $+1-16
214F-C1 F3           410 (   1/2)                 BREQ    $+1-8
2150-E1 F3           411 (   1/2)                 BREQ    $+1-4
2151-F1 F3           412 (   1/2)                 BREQ    $+1-2
2152-01 F0           413 (   1/2)                 BREQ    $+1
2153-09 F0           414 (   1/2)                 BREQ    $+1+1
2154-11 F0           415 (   1/2)                 BREQ    $+1+2
2155-21 F0           416 (   1/2)                 BREQ    $+1+4
2156-41 F0           417 (   1/2)                 BREQ    $+1+8
2157-81 F0           418 (   1/2)                 BREQ    $+1+16
2158-01 F1           419 (   1/2)                 BREQ    $+1+32
2159-                420
2159-04 F6           421 (   1/2)                 BRGE    $+1-64
215A-04 F7           422 (   1/2)                 BRGE    $+1-32
215B-84 F7           423 (   1/2)                 BRGE    $+1-16
215C-C4 F7           424 (   1/2)                 BRGE    $+1-8
215D-E4 F7           425 (   1/2)                 BRGE    $+1-4
215E-F4 F7           426 (   1/2)                 BRGE    $+1-2
215F-04 F4           427 (   1/2)                 BRGE    $+1
2160-0C F4           428 (   1/2)                 BRGE    $+1+1
2161-14 F4           429 (   1/2)                 BRGE    $+1+2
2162-24 F4           430 (   1/2)                 BRGE    $+1+4
2163-44 F4           431 (   1/2)                 BRGE    $+1+8
2164-84 F4           432 (   1/2)                 BRGE    $+1+16
2165-04 F5           433 (   1/2)                 BRGE    $+1+32
2166-                434
2166-05 F6           435 (   1/2)                 BRHC    $+1-64
2167-05 F7           436 (   1/2)                 BRHC    $+1-32
2168-85 F7           437 (   1/2)                 BRHC    $+1-16
2169-C5 F7           438 (   1/2)                 BRHC    $+1-8
216A-E5 F7           439 (   1/2)                 BRHC    $+1-4
216B-F5 F7           440 (   1/2)                 BRHC    $+1-2
216C-05 F4           441 (   1/2)                 BRHC    $+1
216D-0D F4           442 (   1/2)                 BRHC    $+1+1
216E-15 F4           443 (   1/2)                 BRHC    $+1+2
216F-25 F4           444 (   1/2)                 BRHC    $+1+4
2170-45 F4           445 (   1/2)                 BRHC    $+1+8
2171-85 F4           446 (   1/2)                 BRHC    $+1+16
2172-05 F5           447 (   1/2)                 BRHC    $+1+32
2173-                448
2173-05 F2           449 (   1/2)                 BRHS    $+1-64
2174-05 F3           450 (   1/2)                 BRHS    $+1-32
2175-85 F3           451 (   1/2)                 BRHS    $+1-16
2176-C5 F3           452 (   1/2)                 BRHS    $+1-8
2177-E5 F3           453 (   1/2)                 BRHS    $+1-4
2178-F5 F3           454 (   1/2)                 BRHS    $+1-2
2179-05 F0           455 (   1/2)                 BRHS    $+1
217A-0D F0           456 (   1/2)                 BRHS    $+1+1
217B-15 F0           457 (   1/2)                 BRHS    $+1+2
217C-25 F0           458 (   1/2)                 BRHS    $+1+4
217D-45 F0           459 (   1/2)                 BRHS    $+1+8
217E-85 F0           460 (   1/2)                 BRHS    $+1+16
217F-05 F1           461 (   1/2)                 BRHS    $+1+32
2180-                462
2180-07 F6           463 (   1/2)                 BRID    $+1-64
2181-07 F7           464 (   1/2)                 BRID    $+1-32
2182-87 F7           465 (   1/2)                 BRID    $+1-16
2183-C7 F7           466 (   1/2)                 BRID    $+1-8
2184-E7 F7           467 (   1/2)                 BRID    $+1-4
2185-F7 F7           468 (   1/2)                 BRID    $+1-2
2186-07 F4           469 (   1/2)                 BRID    $+1
2187-0F F4           470 (   1/2)                 BRID    $+1+1
2188-17 F4           471 (   1/2)                 BRID    $+1+2
2189-27 F4           472 (   1/2)                 BRID    $+1+4
218A-47 F4           473 (   1/2)                 BRID    $+1+8
218B-87 F4           474 (   1/2)                 BRID    $+1+16
218C-07 F5           475 (   1/2)                 BRID    $+1+32
218D-                476
218D-07 F2           477 (   1/2)                 BRIE    $+1-64
218E-07 F3           478 (   1/2)                 BRIE    $+1-32
218F-87 F3           479 (   1/2)                 BRIE    $+1-16
2190-C7 F3           480 (   1/2)                 BRIE    $+1-8
2191-E7 F3           481 (   1/2)                 BRIE    $+1-4
2192-F7 F3           482 (   1/2)                 BRIE    $+1-2
2193-07 F0           483 (   1/2)                 BRIE    $+1
2194-0F F0           484 (   1/2)                 BRIE    $+1+1
2195-17 F0           485 (   1/2)                 BRIE    $+1+2
2196-27 F0           486 (   1/2)                 BRIE    $+1+4
2197-47 F0           487 (   1/2)                 BRIE    $+1+8
2198-87 F0           488 (   1/2)                 BRIE    $+1+16
2199-07 F1           489 (   1/2)                 BRIE    $+1+32
219A-                490
219A-00 F2           491 (   1/2)                 BRLO    $+1-64
219B-00 F3           492 (   1/2)                 BRLO    $+1-32
219C-80 F3           493 (   1/2)                 BRLO    $+1-16
219D-C0 F3           494 (   1/2)                 BRLO    $+1-8
219E-E0 F3           495 (   1/2)                 BRLO    $+1-4
219F-F0 F3           496 (   1/2)                 BRLO    $+1-2
21A0-00 F0           497 (   1/2)                 BRLO    $+1
21A1-08 F0           498 (   1/2)                 BRLO    $+1+1
21A2-10 F0           499 (   1/2)                 BRLO    $+1+2
21A3-20 F0           500 (   1/2)                 BRLO    $+1+4
21A4-40 F0           501 (   1/2)                 BRLO    $+1+8
21A5-80 F0           502 (   1/2)                 BRLO    $+1+16
21A6-00 F1           503 (   1/2)                 BRLO    $+1+32
21A7-                504
21A7-04 F2           505 (   1/2)                 BRLT    $+1-64
21A8-04 F3           506 (   1/2)                 BRLT    $+1-32
21A9-84 F3           507 (   1/2)                 BRLT    $+1-16
21AA-C4 F3           508 (   1/2)                 BRLT    $+1-8
21AB-E4 F3           509 (   1/2)                 BRLT    $+1-4
21AC-F4 F3           510 (   1/2)                 BRLT    $+1-2
21AD-04 F0           511 (   1/2)                 BRLT    $+1
21AE-0C F0           512 (   1/2)                 BRLT    $+1+1
21AF-14 F0           513 (   1/2)                 BRLT    $+1+2
21B0-24 F0           514 (   1/2)                 BRLT    $+1+4
21B1-44 F0           515 (   1/2)                 BRLT    $+1+8
21B2-84 F0           516 (   1/2)                 BRLT    $+1+16
21B3-04 F1           517 (   1/2)                 BRLT    $+1+32
21B4-                518
21B4-02 F2           519 (   1/2)                 BRMI    $+1-64
21B5-02 F3           520 (   1/2)                 BRMI    $+1-32
21B6-82 F3           521 (   1/2)                 BRMI    $+1-16
21B7-C2 F3           522 (   1/2)                 BRMI    $+1-8
21B8-E2 F3           523 (   1/2)                 BRMI    $+1-4
21B9-F2 F3           524 (   1/2)                 BRMI    $+1-2
21BA-02 F0           525 (   1/2)                 BRMI    $+1
21BB-0A F0           526 (   1/2)                 BRMI    $+1+1
21BC-12 F0           527 (   1/2)                 BRMI    $+1+2
21BD-22 F0           528 (   1/2)                 BRMI    $+1+4
21BE-42 F0           529 (   1/2)                 BRMI    $+1+8
21BF-82 F0           530 (   1/2)                 BRMI    $+1+16
21C0-02 F1           531 (   1/2)                 BRMI    $+1+32
21C1-                532
21C1-01 F6           533 (   1/2)                 BRNE    $+1-64
21C2-01 F7           534 (   1/2)                 BRNE    $+1-32
21C3-81 F7           535 (   1/2)                 BRNE    $+1-16
21C4-C1 F7           536 (   1/2)                 BRNE    $+1-8
21C5-E1 F7           537 (   1/2)                 BRNE    $+1-4
21C6-F1 F7           538 (   1/2)                 BRNE    $+1-2
21C7-01 F4           539 (   1/2)                 BRNE    $+1
21C8-09 F4           540 (   1/2)                 BRNE    $+1+1
21C9-11 F4           541 (   1/2)                 BRNE    $+1+2
21CA-21 F4           542 (   1/2)                 BRNE    $+1+4
21CB-41 F4           543 (   1/2)                 BRNE    $+1+8
21CC-81 F4           544 (   1/2)                 BRNE    $+1+16
21CD-01 F5           545 (   1/2)                 BRNE    $+1+32
21CE-                546
21CE-02 F6           547 (   1/2)                 BRPL    $+1-64
21CF-02 F7           548 (   1/2)                 BRPL    $+1-32
21D0-82 F7           549 (   1/2)                 BRPL    $+1-16
21D1-C2 F7           550 (   1/2)                 BRPL    $+1-8
21D2-E2 F7           551 (   1/2)                 BRPL    $+1-4
21D3-F2 F7           552 (   1/2)                 BRPL    $+1-2
21D4-02 F4           553 (   1/2)                 BRPL    $+1
21D5-0A F4           554 (   1/2)                 BRPL    $+1+1
21D6-12 F4           555 (   1/2)                 BRPL    $+1+2
21D7-22 F4           556 (   1/2)                 BRPL    $+1+4
21D8-42 F4           557 (   1/2)                 BRPL    $+1+8
21D9-82 F4           558 (   1/2)                 BRPL    $+1+16
21DA-02 F5           559 (   1/2)                 BRPL    $+1+32
21DB-                560
21DB-00 F6           561 (   1/2)                 BRSH    $+1-64
21DC-00 F7           562 (   1/2)                 BRSH    $+1-32
21DD-80 F7           563 (   1/2)                 BRSH    $+1-16
21DE-C0 F7           564 (   1/2)                 BRSH    $+1-8
21DF-E0 F7           565 (   1/2)                 BRSH    $+1-4
21E0-F0 F7           566 (   1/2)                 BRSH    $+1-2
21E1-00 F4           567 (   1/2)                 BRSH    $+1
21E2-08 F4           568 (   1/2)                 BRSH    $+1+1
21E3-10 F4           569 (   1/2)                 BRSH    $+1+2
21E4-20 F4           570 (   1/2)                 BRSH    $+1+4
21E5-40 F4           571 (   1/2)                 BRSH    $+1+8
21E6-80 F4           572 (   1/2)                 BRSH    $+1+16
21E7-00 F5           573 (   1/2)                 BRSH    $+1+32
21E8-                574
21E8-06 F6           575 (   1/2)                 BRTC    $+1-64
21E9-06 F7           576 (   1/2)                 BRTC    $+1-32
21EA-86 F7           577 (   1/2)                 BRTC    $+1-16
21EB-C6 F7           578 (   1/2)                 BRTC    $+1-8
21EC-E6 F7           579 (   1/2)                 BRTC    $+1-4
21ED-F6 F7           580 (   1/2)                 BRTC    $+1-2
21EE-06 F4           581 (   1/2)                 BRTC    $+1
21EF-0E F4           582 (   1/2)                 BRTC    $+1+1
21F0-16 F4           583 (   1/2)                 BRTC    $+1+2
21F1-26 F4           584 (   1/2)                 BRTC    $+1+4
21F2-46 F4           585 (   1/2)                 BRTC    $+1+8
21F3-86 F4           586 (   1/2)                 BRTC    $+1+16
21F4-06 F5           587 (   1/2)                 BRTC    $+1+32
21F5-                588
21F5-06 F2           589 (   1/2)                 BRTS    $+1-64
21F6-06 F3           590 (   1/2)                 BRTS    $+1-32
21F7-86 F3           591 (   1/2)                 BRTS    $+1-16
21F8-C6 F3           592 (   1/2)                 BRTS    $+1-8
21F9-E6 F3           593 (   1/2)                 BRTS    $+1-4
21FA-F6 F3           594 (   1/2)                 BRTS    $+1-2
21FB-06 F0           595 (   1/2)                 BRTS    $+1
21FC-0E F0           596 (   1/2)                 BRTS    $+1+1
21FD-16 F0           597 (   1/2)                 BRTS    $+1+2
21FE-26 F0           598 (   1/2)                 BRTS    $+1+4
21FF-46 F0           599 (   1/2)                 BRTS    $+1+8
2200-86 F0           600 (   1/2)                 BRTS    $+1+16
2201-06 F1           601 (   1/2)                 BRTS    $+1+32
2202-                602
2202-03 F6           603 (   1/2)                 BRVC    $+1-64
2203-03 F7           604 (   1/2)                 BRVC    $+1-32
2204-83 F7           605 (   1/2)                 BRVC    $+1-16
2205-C3 F7           606 (   1/2)                 BRVC    $+1-8
2206-E3 F7           607 (   1/2)                 BRVC    $+1-4
2207-F3 F7           608 (   1/2)                 BRVC    $+1-2
2208-03 F4           609 (   1/2)                 BRVC    $+1
2209-0B F4           610 (   1/2)                 BRVC    $+1+1
220A-13 F4           611 (   1/2)                 BRVC    $+1+2
220B-23 F4           612 (   1/2)                 BRVC    $+1+4
220C-43 F4           613 (   1/2)                 BRVC    $+1+8
220D-83 F4           614 (   1/2)                 BRVC    $+1+16
220E-03 F5           615 (   1/2)                 BRVC    $+1+32
220F-                616
220F-03 F2           617 (   1/2)                 BRVS    $+1-64
2210-03 F3           618 (   1/2)                 BRVS    $+1-32
2211-83 F3           619 (   1/2)                 BRVS    $+1-16
2212-C3 F3           620 (   1/2)                 BRVS    $+1-8
2213-E3 F3           621 (   1/2)                 BRVS    $+1-4
2214-F3 F3           622 (   1/2)                 BRVS    $+1-2
2215-03 F0           623 (   1/2)                 BRVS    $+1
2216-0B F0           624 (   1/2)                 BRVS    $+1+1
2217-13 F0           625 (   1/2)                 BRVS    $+1+2
2218-23 F0           626 (   1/2)                 BRVS    $+1+4
2219-43 F0           627 (   1/2)                 BRVS    $+1+8
221A-83 F0           628 (   1/2)                 BRVS    $+1+16
221B-03 F1           629 (   1/2)                 BRVS    $+1+32
221C-                630
221C-                631          ;---------------------------------------------------------------------------
221C-                632          ; Jump and CALL instructions
221C-                633          ;---------------------------------------------------------------------------
221C-                634
221C-00 D8           635 ( 2/3/4)                 RCALL   $+1-2048
221D-00 DC           636 ( 2/3/4)                 RCALL   $+1-1024
221E-00 DE           637 ( 2/3/4)                 RCALL   $+1-512
221F-00 DF           638 ( 2/3/4)                 RCALL   $+1-256
2220-80 DF           639 ( 2/3/4)                 RCALL   $+1-128
2221-C0 DF           640 ( 2/3/4)                 RCALL   $+1-64
2222-E0 DF           641 ( 2/3/4)                 RCALL   $+1-32
2223-F0 DF           642 ( 2/3/4)                 RCALL   $+1-16
2224-F8 DF           643 ( 2/3/4)                 RCALL   $+1-8
2225-FC DF           644 ( 2/3/4)                 RCALL   $+1-4
2226-FE DF           645 ( 2/3/4)                 RCALL   $+1-2
2227-00 D0           646 ( 2/3/4)                 RCALL   $+1
2228-01 D0           647 ( 2/3/4)                 RCALL   $+1+1
2229-02 D0           648 ( 2/3/4)                 RCALL   $+1+2
222A-04 D0           649 ( 2/3/4)                 RCALL   $+1+4
222B-08 D0           650 ( 2/3/4)                 RCALL   $+1+8
222C-10 D0           651 ( 2/3/4)                 RCALL   $+1+16
222D-20 D0           652 ( 2/3/4)                 RCALL   $+1+32
222E-40 D0           653 ( 2/3/4)                 RCALL   $+1+64
222F-80 D0           654 ( 2/3/4)                 RCALL   $+1+128
2230-00 D1           655 ( 2/3/4)                 RCALL   $+1+256
2231-00 D2           656 ( 2/3/4)                 RCALL   $+1+512
2232-00 D4           657 ( 2/3/4)                 RCALL   $+1+1024
2233-                658
2233-00 C8           659 (     2)                 RJMP    $+1-2048
2234-00 CC           660 (     2)                 RJMP    $+1-1024
2235-00 CE           661 (     2)                 RJMP    $+1-512
2236-00 CF           662 (     2)                 RJMP    $+1-256
2237-80 CF           663 (     2)                 RJMP    $+1-128
2238-C0 CF           664 (     2)                 RJMP    $+1-64
2239-E0 CF           665 (     2)                 RJMP    $+1-32
223A-F0 CF           666 (     2)                 RJMP    $+1-16
223B-F8 CF           667 (     2)                 RJMP    $+1-8
223C-FC CF           668 (     2)                 RJMP    $+1-4
223D-FE CF           669 (     2)                 RJMP    $+1-2
223E-00 C0           670 (     2)                 RJMP    $+1
223F-01 C0           671 (     2)                 RJMP    $+1+1
2240-02 C0           672 (     2)                 RJMP    $+1+2
2241-04 C0           673 (     2)                 RJMP    $+1+4
2242-08 C0           674 (     2)                 RJMP    $+1+8
2243-10 C0           675 (     2)                 RJMP    $+1+16
2244-20 C0           676 (     2)                 RJMP    $+1+32
2245-40 C0           677 (     2)                 RJMP    $+1+64
2246-80 C0           678 (     2)                 RJMP    $+1+128
2247-00 C1           679 (     2)                 RJMP    $+1+256
2248-00 C2           680 (     2)                 RJMP    $+1+512
2249-00 C4           681 (     2)                 RJMP    $+1+1024
224A-                682
224A-                683          ;---------------------------------------------------------------------------
224A-                684          ; Register bit operand instructions
224A-                685          ;---------------------------------------------------------------------------
224A-                686
224A-11 F8           687 (     1)                 BLD     R1, 1
224B-12 F8           688 (     1)                 BLD     R1, 2
224C-14 F8           689 (     1)                 BLD     R1, 4
224D-21 F8           690 (     1)                 BLD     R2, 1
224E-41 F8           691 (     1)                 BLD     R4, 1
224F-81 F8           692 (     1)                 BLD     R8, 1
2250-01 F9           693 (     1)                 BLD     R16, 1
2251-                694
2251-11 FA           695 (     1)                 BST     R1, 1
2252-12 FA           696 (     1)                 BST     R1, 2
2253-14 FA           697 (     1)                 BST     R1, 4
2254-21 FA           698 (     1)                 BST     R2, 1
2255-41 FA           699 (     1)                 BST     R4, 1
2256-81 FA           700 (     1)                 BST     R8, 1
2257-01 FB           701 (     1)                 BST     R16, 1
2258-                702
2258-11 FC           703 ( 1/2/3)                 SBRC    R1, 1
2259-12 FC           704 ( 1/2/3)                 SBRC    R1, 2
225A-14 FC           705 ( 1/2/3)                 SBRC    R1, 4
225B-21 FC           706 ( 1/2/3)                 SBRC    R2, 1
225C-41 FC           707 ( 1/2/3)                 SBRC    R4, 1
225D-81 FC           708 ( 1/2/3)                 SBRC    R8, 1
225E-01 FD           709 ( 1/2/3)                 SBRC    R16, 1
225F-                710
225F-11 FE           711 ( 1/2/3)                 SBRS    R1, 1
2260-12 FE           712 ( 1/2/3)                 SBRS    R1, 2
2261-14 FE           713 ( 1/2/3)                 SBRS    R1, 4
2262-21 FE           714 ( 1/2/3)                 SBRS    R2, 1
2263-41 FE           715 ( 1/2/3)                 SBRS    R4, 1
2264-81 FE           716 ( 1/2/3)                 SBRS    R8, 1
2265-01 FF           717 ( 1/2/3)                 SBRS    R16, 1
2266-                718
2266-                719          ;---------------------------------------------------------------------------
2266-                720          ; I/O bit operand instructions
2266-                721          ;---------------------------------------------------------------------------
2266-                722
2266-09 98           723 (   1/2)                 CBI     1, 1
2267-0A 98           724 (   1/2)                 CBI     1, 2
2268-0C 98           725 (   1/2)                 CBI     1, 4
2269-11 98           726 (   1/2)                 CBI     2, 1
226A-21 98           727 (   1/2)                 CBI     4, 1
226B-41 98           728 (   1/2)                 CBI     8, 1
226C-81 98           729 (   1/2)                 CBI     16, 1
226D-                730
226D-09 9A           731 (   1/2)                 SBI     1, 1
226E-0A 9A           732 (   1/2)                 SBI     1, 2
226F-0C 9A           733 (   1/2)                 SBI     1, 4
2270-11 9A           734 (   1/2)                 SBI     2, 1
2271-21 9A           735 (   1/2)                 SBI     4, 1
2272-41 9A           736 (   1/2)                 SBI     8, 1
2273-81 9A           737 (   1/2)                 SBI     16, 1
2274-                738
2274-09 99           739 (2/3/4*)                 SBIC    1, 1
2275-0A 99           740 (2/3/4*)                 SBIC    1, 2
2276-0C 99           741 (2/3/4*)                 SBIC    1, 4
2277-11 99           742 (2/3/4*)                 SBIC    2, 1
2278-21 99           743 (2/3/4*)                 SBIC    4, 1
2279-41 99           744 (2/3/4*)                 SBIC    8, 1
227A-81 99           745 (2/3/4*)                 SBIC    16, 1
227B-                746
227B-09 9B           747 (2/3/4*)                 SBIS    1, 1
227C-0A 9B           748 (2/3/4*)                 SBIS    1, 2
227D-0C 9B           749 (2/3/4*)                 SBIS    1, 4
227E-11 9B           750 (2/3/4*)                 SBIS    2, 1
227F-21 9B           751 (2/3/4*)                 SBIS    4, 1
2280-41 9B           752 (2/3/4*)                 SBIS    8, 1
2281-81 9B           753 (2/3/4*)                 SBIS    16, 1
2282-                754
2282-                755          ;---------------------------------------------------------------------------
2282-                756          ; LD and ST instructions
2282-                757          ;---------------------------------------------------------------------------
2282-                758
2282-10 80           759 ( 1/2/3)                 LD      R1, Z
2283-20 80           760 ( 1/2/3)                 LD      R2, Z
2284-40 80           761 ( 1/2/3)                 LD      R4, Z
2285-80 80           762 ( 1/2/3)                 LD      R8, Z
2286-00 81           763 ( 1/2/3)                 LD      R16, Z
2287-                764
2287-10 82           765 (   1/2)                 ST      Z, R1
2288-20 82           766 (   1/2)                 ST      Z, R2
2289-40 82           767 (   1/2)                 ST      Z, R4
228A-80 82           768 (   1/2)                 ST      Z, R8
228B-00 83           769 (   1/2)                 ST      Z, R16
228C-                770
228C-                771          ;---------------------------------------------------------------------------
228C-                772          ; (E)LPM instructions
228C-                773          ;---------------------------------------------------------------------------
228C-                774
228C-C8 95           775 (     3)                 LPM
228D-14 90           776 (     3)                 LPM     R1, Z
228E-24 90           777 (     3)                 LPM     R2, Z
228F-44 90           778 (     3)                 LPM     R4, Z
2290-84 90           779 (     3)                 LPM     R8, Z
2291-04 91           780 (     3)                 LPM     R16, Z
2292-15 90           781 (     3)                 LPM     R1, Z+
2293-25 90           782 (     3)                 LPM     R2, Z+
2294-45 90           783 (     3)                 LPM     R4, Z+
2295-85 90           784 (     3)                 LPM     R8, Z+
2296-05 91           785 (     3)                 LPM     R16, Z+
2297-                786
2297-                787          ;---------------------------------------------------------------------------
2297-                788          ; I/O instructions
2297-                789          ;---------------------------------------------------------------------------
2297-                790
2297-11 B0           791 (     1)                 IN      R1, 1
2298-21 B0           792 (     1)                 IN      R2, 1
2299-41 B0           793 (     1)                 IN      R4, 1
229A-81 B0           794 (     1)                 IN      R8, 1
229B-01 B1           795 (     1)                 IN      R16, 1
229C-12 B0           796 (     1)                 IN      R1, 2
229D-14 B0           797 (     1)                 IN      R1, 4
229E-18 B0           798 (     1)                 IN      R1, 8
229F-10 B2           799 (     1)                 IN      R1, 16
22A0-10 B4           800 (     1)                 IN      R1, 32
22A1-                801
22A1-11 B8           802 (     1)                 OUT     1, R1
22A2-21 B8           803 (     1)                 OUT     1, R2
22A3-41 B8           804 (     1)                 OUT     1, R4
22A4-81 B8           805 (     1)                 OUT     1, R8
22A5-01 B9           806 (     1)                 OUT     1, R16
22A6-12 B8           807 (     1)                 OUT     2, R1
22A7-14 B8           808 (     1)                 OUT     4, R1
22A8-18 B8           809 (     1)                 OUT     8, R1
22A9-10 BA           810 (     1)                 OUT     16, R1
22AA-10 BC           811 (     1)                 OUT     32, R1
22AB-                812
22AB-                813          ;---------------------------------------------------------------------------
22AB-                814          ; Bit clear and set instructions
22AB-                815          ;---------------------------------------------------------------------------
22AB-                816
22AB-98 94           817 (     1)                 BCLR    1
22AC-A8 94           818 (     1)                 BCLR    2
22AD-C8 94           819 (     1)                 BCLR    4
22AE-                820
22AE-18 94           821 (     1)                 BSET    1
22AF-28 94           822 (     1)                 BSET    2
22B0-48 94           823 (     1)                 BSET    4
22B1-                824
22B1-                825          ;---------------------------------------------------------------------------
22B1-                826          ; Immediate addressing mode notation options
22B1-                827          ;---------------------------------------------------------------------------
22B1-                828
12345678-            829          DATA            .EQ     $12345678
22B1-                830
22B1-18 E7           831 (     1)                 LDI     R17, DATA       Normal Atmel notation
22B2-18 E7           832 (     1)                 LDI     R17, #DATA      Has same effect as the line above
22B3-16 E5           833 (     1)                 LDI     R17, /DATA      Use 2nd byte of long word imm mode
22B4-14 E3           834 (     1)                 LDI     R17, =DATA      Use 3d byte of long word imm mode
22B5-12 E1           835 (     1)                 LDI     R17, \DATA      Use MSB of long word in imm mode
22B6-                836
22B6-                837
