0000-                  2          ;---------------------------------------------------------------------------
0000-                  3          ;   minimal.asm
0000-                  4          ;
0000-                  5          ;   Opcode test for the SB-Assembler AVR cross family
0000-                  6          ;
0000-                  7          ;   Valid for Reduced Core
0000-                  8          ;
0000-                  9          ;---------------------------------------------------------------------------
0000-                 10
0000-                 11                          .CR     AVR     And now for something completely different
0000-                 12                          .FA     REDUCED  (tested against Atmel-0856 document)
0000-                 13
0000-                 14                          .TF     test.hex, int
2000-                 15                          .OR     $2000   Avoid range errors for jumps and calls
2000-                 16
2000-                 17          ;---------------------------------------------------------------------------
2000-                 18          ; Inherent addressing mode
2000-                 19          ;---------------------------------------------------------------------------
2000-                 20
2000-98 95            21 (     1)                 BREAK
2001-88 94            22 (     1)                 CLC
2002-D8 94            23 (     1)                 CLH
2003-F8 94            24 (     1)                 CLI
2004-A8 94            25 (     1)                 CLN
2005-C8 94            26 (     1)                 CLS
2006-E8 94            27 (     1)                 CLT
2007-B8 94            28 (     1)                 CLV
2008-98 94            29 (     1)                 CLZ
2009-00 00            30 (     1)                 NOP
200A-08 95            31 (  4/5*)                 RET
200B-18 95            32 (  4/5*)                 RETI
200C-08 94            33 (     1)                 SEC
200D-58 94            34 (     1)                 SEH
200E-78 94            35 (     1)                 SEI
200F-28 94            36 (     1)                 SEN
2010-48 94            37 (     1)                 SES
2011-68 94            38 (     1)                 SET
2012-38 94            39 (     1)                 SEV
2013-18 94            40 (     1)                 SEZ
2014-88 95            41 (     1)                 SLEEP
2015-A8 95            42 (     1)                 WDR
2016-                 43
2016-                 44          ;---------------------------------------------------------------------------
2016-                 45          ; Register pair operand instructions
2016-                 46          ;---------------------------------------------------------------------------
2016-                 47
2016-11 1F            48 (     1)                 ADC     R17, R17
2017-12 1F            49 (     1)                 ADC     R17, R18
2018-14 1F            50 (     1)                 ADC     R17, R20
2019-18 1F            51 (     1)                 ADC     R17, R24
201A-21 1F            52 (     1)                 ADC     R18, R17
201B-41 1F            53 (     1)                 ADC     R20, R17
201C-81 1F            54 (     1)                 ADC     R24, R17
201D-                 55
201D-11 0F            56 (     1)                 ADD     17, 17          Numeric values are translated to
201E-12 0F            57 (     1)                 ADD     17, 18           registers automatically
201F-14 0F            58 (     1)                 ADD     17, 20
2020-18 0F            59 (     1)                 ADD     17, 24
2021-21 0F            60 (     1)                 ADD     18, 17
2022-41 0F            61 (     1)                 ADD     20, 17
2023-81 0F            62 (     1)                 ADD     24, 17
2024-                 63
2024-11 23            64 (     1)                 AND     R17, R17
2025-12 23            65 (     1)                 AND     R17, R18
2026-14 23            66 (     1)                 AND     R17, R20
2027-18 23            67 (     1)                 AND     R17, R24
2028-21 23            68 (     1)                 AND     R18, R17
2029-41 23            69 (     1)                 AND     R20, R17
202A-81 23            70 (     1)                 AND     R24, R17
202B-                 71
202B-11 17            72 (     1)                 CP      R17, R17
202C-12 17            73 (     1)                 CP      R17, R18
202D-14 17            74 (     1)                 CP      R17, R20
202E-18 17            75 (     1)                 CP      R17, R24
202F-21 17            76 (     1)                 CP      R18, R17
2030-41 17            77 (     1)                 CP      R20, R17
2031-81 17            78 (     1)                 CP      R24, R17
2032-                 79
2032-11 07            80 (     1)                 CPC     R17, R17
2033-12 07            81 (     1)                 CPC     R17, R18
2034-14 07            82 (     1)                 CPC     R17, R20
2035-18 07            83 (     1)                 CPC     R17, R24
2036-21 07            84 (     1)                 CPC     R18, R17
2037-41 07            85 (     1)                 CPC     R20, R17
2038-81 07            86 (     1)                 CPC     R24, R17
2039-                 87
2039-11 13            88 ( 1/2/3)                 CPSE    R17, R17
203A-12 13            89 ( 1/2/3)                 CPSE    R17, R18
203B-14 13            90 ( 1/2/3)                 CPSE    R17, R20
203C-18 13            91 ( 1/2/3)                 CPSE    R17, R24
203D-21 13            92 ( 1/2/3)                 CPSE    R18, R17
203E-41 13            93 ( 1/2/3)                 CPSE    R20, R17
203F-81 13            94 ( 1/2/3)                 CPSE    R24, R17
2040-                 95
2040-11 27            96 (     1)                 EOR     R17, R17
2041-12 27            97 (     1)                 EOR     R17, R18
2042-14 27            98 (     1)                 EOR     R17, R20
2043-18 27            99 (     1)                 EOR     R17, R24
2044-21 27           100 (     1)                 EOR     R18, R17
2045-41 27           101 (     1)                 EOR     R20, R17
2046-81 27           102 (     1)                 EOR     R24, R17
2047-                103
2047-11 2F           104 (     1)                 MOV     R17, R17
2048-12 2F           105 (     1)                 MOV     R17, R18
2049-14 2F           106 (     1)                 MOV     R17, R20
204A-18 2F           107 (     1)                 MOV     R17, R24
204B-21 2F           108 (     1)                 MOV     R18, R17
204C-41 2F           109 (     1)                 MOV     R20, R17
204D-81 2F           110 (     1)                 MOV     R24, R17
204E-                111
204E-11 2B           112 (     1)                 OR      R17, R17
204F-12 2B           113 (     1)                 OR      R17, R18
2050-14 2B           114 (     1)                 OR      R17, R20
2051-18 2B           115 (     1)                 OR      R17, R24
2052-21 2B           116 (     1)                 OR      R18, R17
2053-41 2B           117 (     1)                 OR      R20, R17
2054-81 2B           118 (     1)                 OR      R24, R17
2055-                119
2055-11 0B           120 (     1)                 SBC     R17, R17
2056-12 0B           121 (     1)                 SBC     R17, R18
2057-14 0B           122 (     1)                 SBC     R17, R20
2058-18 0B           123 (     1)                 SBC     R17, R24
2059-21 0B           124 (     1)                 SBC     R18, R17
205A-41 0B           125 (     1)                 SBC     R20, R17
205B-81 0B           126 (     1)                 SBC     R24, R17
205C-                127
205C-11 1B           128 (     1)                 SUB     R17, R17
205D-12 1B           129 (     1)                 SUB     R17, R18
205E-14 1B           130 (     1)                 SUB     R17, R20
205F-18 1B           131 (     1)                 SUB     R17, R24
2060-21 1B           132 (     1)                 SUB     R18, R17
2061-41 1B           133 (     1)                 SUB     R20, R17
2062-81 1B           134 (     1)                 SUB     R24, R17
2063-                135
2063-                136          ;---------------------------------------------------------------------------
2063-                137          ; Register immediate operand instructions
2063-                138          ;---------------------------------------------------------------------------
2063-                139
2063-11 70           140 (     1)                 ANDI    R17, 1
2064-12 70           141 (     1)                 ANDI    R17, 2
2065-14 70           142 (     1)                 ANDI    R17, 4
2066-18 70           143 (     1)                 ANDI    R17, 8
2067-10 71           144 (     1)                 ANDI    R17, 16
2068-10 72           145 (     1)                 ANDI    R17, 32
2069-10 74           146 (     1)                 ANDI    R17, 64
206A-10 78           147 (     1)                 ANDI    R17, 128
206B-21 70           148 (     1)                 ANDI    R18, 1
206C-41 70           149 (     1)                 ANDI    R20, 1
206D-81 70           150 (     1)                 ANDI    R24, 1
206E-18 77           151 (     1)                 ANDI    R17, #$12345678     # Prefix is optional (use LSB)
206F-16 75           152 (     1)                 ANDI    R17, /$12345678     / Use 2nd LSB
2070-14 73           153 (     1)                 ANDI    R17, =$12345678     = User 2nd MSB
2071-12 71           154 (     1)                 ANDI    R17, \$12345678     \ Use MSB
2072-                155
2072-1E 7F           156 (     1)                 CBR     R17, 1
2073-1D 7F           157 (     1)                 CBR     R17, 2
2074-1B 7F           158 (     1)                 CBR     R17, 4
2075-17 7F           159 (     1)                 CBR     R17, 8
2076-1F 7E           160 (     1)                 CBR     R17, 16
2077-1F 7D           161 (     1)                 CBR     R17, 32
2078-1F 7B           162 (     1)                 CBR     R17, 64
2079-1F 77           163 (     1)                 CBR     R17, 128
207A-2E 7F           164 (     1)                 CBR     R18, 1
207B-4E 7F           165 (     1)                 CBR     R20, 1
207C-8E 7F           166 (     1)                 CBR     R24, 1
207D-                167
207D-11 30           168 (     1)                 CPI     R17, 1
207E-12 30           169 (     1)                 CPI     R17, 2
207F-14 30           170 (     1)                 CPI     R17, 4
2080-18 30           171 (     1)                 CPI     R17, 8
2081-10 31           172 (     1)                 CPI     R17, 16
2082-10 32           173 (     1)                 CPI     R17, 32
2083-10 34           174 (     1)                 CPI     R17, 64
2084-10 38           175 (     1)                 CPI     R17, 128
2085-21 30           176 (     1)                 CPI     R18, 1
2086-41 30           177 (     1)                 CPI     R20, 1
2087-81 30           178 (     1)                 CPI     R24, 1
2088-                179
2088-11 E0           180 (     1)                 LDI     R17, 1
2089-12 E0           181 (     1)                 LDI     R17, 2
208A-14 E0           182 (     1)                 LDI     R17, 4
208B-18 E0           183 (     1)                 LDI     R17, 8
208C-10 E1           184 (     1)                 LDI     R17, 16
208D-10 E2           185 (     1)                 LDI     R17, 32
208E-10 E4           186 (     1)                 LDI     R17, 64
208F-10 E8           187 (     1)                 LDI     R17, 128
2090-21 E0           188 (     1)                 LDI     R18, 1
2091-41 E0           189 (     1)                 LDI     R20, 1
2092-81 E0           190 (     1)                 LDI     R24, 1
2093-                191
2093-11 60           192 (     1)                 ORI     R17, 1
2094-12 60           193 (     1)                 ORI     R17, 2
2095-14 60           194 (     1)                 ORI     R17, 4
2096-18 60           195 (     1)                 ORI     R17, 8
2097-10 61           196 (     1)                 ORI     R17, 16
2098-10 62           197 (     1)                 ORI     R17, 32
2099-10 64           198 (     1)                 ORI     R17, 64
209A-10 68           199 (     1)                 ORI     R17, 128
209B-21 60           200 (     1)                 ORI     R18, 1
209C-41 60           201 (     1)                 ORI     R20, 1
209D-81 60           202 (     1)                 ORI     R24, 1
209E-                203
209E-11 40           204 (     1)                 SBCI    R17, 1
209F-12 40           205 (     1)                 SBCI    R17, 2
20A0-14 40           206 (     1)                 SBCI    R17, 4
20A1-18 40           207 (     1)                 SBCI    R17, 8
20A2-10 41           208 (     1)                 SBCI    R17, 16
20A3-10 42           209 (     1)                 SBCI    R17, 32
20A4-10 44           210 (     1)                 SBCI    R17, 64
20A5-10 48           211 (     1)                 SBCI    R17, 128
20A6-21 40           212 (     1)                 SBCI    R18, 1
20A7-41 40           213 (     1)                 SBCI    R20, 1
20A8-81 40           214 (     1)                 SBCI    R24, 1
20A9-                215
20A9-11 60           216 (     1)                 SBR     R17, 1
20AA-12 60           217 (     1)                 SBR     R17, 2
20AB-14 60           218 (     1)                 SBR     R17, 4
20AC-18 60           219 (     1)                 SBR     R17, 8
20AD-10 61           220 (     1)                 SBR     R17, 16
20AE-10 62           221 (     1)                 SBR     R17, 32
20AF-10 64           222 (     1)                 SBR     R17, 64
20B0-10 68           223 (     1)                 SBR     R17, 128
20B1-21 60           224 (     1)                 SBR     R18, 1
20B2-41 60           225 (     1)                 SBR     R20, 1
20B3-81 60           226 (     1)                 SBR     R24, 1
20B4-                227
20B4-11 50           228 (     1)                 SUBI    R17, 1
20B5-12 50           229 (     1)                 SUBI    R17, 2
20B6-14 50           230 (     1)                 SUBI    R17, 4
20B7-18 50           231 (     1)                 SUBI    R17, 8
20B8-10 51           232 (     1)                 SUBI    R17, 16
20B9-10 52           233 (     1)                 SUBI    R17, 32
20BA-10 54           234 (     1)                 SUBI    R17, 64
20BB-10 58           235 (     1)                 SUBI    R17, 128
20BC-21 50           236 (     1)                 SUBI    R18, 1
20BD-41 50           237 (     1)                 SUBI    R20, 1
20BE-81 50           238 (     1)                 SUBI    R24, 1
20BF-                239
20BF-                240          ;---------------------------------------------------------------------------
20BF-                241          ; Single register operand instructions
20BF-                242          ;---------------------------------------------------------------------------
20BF-                243
20BF-15 95           244 (     1)                 ASR     R17
20C0-25 95           245 (     1)                 ASR     R18
20C1-45 95           246 (     1)                 ASR     R20
20C2-85 95           247 (     1)                 ASR     R24
20C3-                248
20C3-11 27           249 (     1)                 CLR     R17
20C4-22 27           250 (     1)                 CLR     R18
20C5-44 27           251 (     1)                 CLR     R20
20C6-88 27           252 (     1)                 CLR     R24
20C7-                253
20C7-10 95           254 (     1)                 COM     R17
20C8-20 95           255 (     1)                 COM     R18
20C9-40 95           256 (     1)                 COM     R20
20CA-80 95           257 (     1)                 COM     R24
20CB-                258
20CB-1A 95           259 (     1)                 DEC     R17
20CC-2A 95           260 (     1)                 DEC     R18
20CD-4A 95           261 (     1)                 DEC     R20
20CE-8A 95           262 (     1)                 DEC     R24
20CF-                263
20CF-13 95           264 (     1)                 INC     R17
20D0-23 95           265 (     1)                 INC     R18
20D1-43 95           266 (     1)                 INC     R20
20D2-83 95           267 (     1)                 INC     R24
20D3-                268
20D3-11 0F           269 (     1)                 LSL     R17
20D4-22 0F           270 (     1)                 LSL     R18
20D5-44 0F           271 (     1)                 LSL     R20
20D6-88 0F           272 (     1)                 LSL     R24
20D7-                273
20D7-16 95           274 (     1)                 LSR     R17
20D8-26 95           275 (     1)                 LSR     R18
20D9-46 95           276 (     1)                 LSR     R20
20DA-86 95           277 (     1)                 LSR     R24
20DB-                278
20DB-11 95           279 (     1)                 NEG     R17
20DC-21 95           280 (     1)                 NEG     R18
20DD-41 95           281 (     1)                 NEG     R20
20DE-81 95           282 (     1)                 NEG     R24
20DF-                283
20DF-1F 91           284 (     2)                 POP     R17
20E0-2F 91           285 (     2)                 POP     R18
20E1-4F 91           286 (     2)                 POP     R20
20E2-8F 91           287 (     2)                 POP     R24
20E3-                288
20E3-1F 93           289 (   1/2)                 PUSH    R17
20E4-2F 93           290 (   1/2)                 PUSH    R18
20E5-4F 93           291 (   1/2)                 PUSH    R20
20E6-8F 93           292 (   1/2)                 PUSH    R24
20E7-                293
20E7-11 1F           294 (     1)                 ROL     R17
20E8-22 1F           295 (     1)                 ROL     R18
20E9-44 1F           296 (     1)                 ROL     R20
20EA-88 1F           297 (     1)                 ROL     R24
20EB-                298
20EB-17 95           299 (     1)                 ROR     R17
20EC-27 95           300 (     1)                 ROR     R18
20ED-47 95           301 (     1)                 ROR     R20
20EE-87 95           302 (     1)                 ROR     R24
20EF-                303
20EF-1F EF           304 (     1)                 SER     R17
20F0-2F EF           305 (     1)                 SER     R18
20F1-4F EF           306 (     1)                 SER     R20
20F2-8F EF           307 (     1)                 SER     R24
20F3-                308
20F3-12 95           309 (     1)                 SWAP    R17
20F4-22 95           310 (     1)                 SWAP    R18
20F5-42 95           311 (     1)                 SWAP    R20
20F6-82 95           312 (     1)                 SWAP    R24
20F7-                313
20F7-11 23           314 (     1)                 TST     R17
20F8-22 23           315 (     1)                 TST     R18
20F9-44 23           316 (     1)                 TST     R20
20FA-88 23           317 (     1)                 TST     R24
20FB-                318
20FB-                319          ;---------------------------------------------------------------------------
20FB-                320          ; Branch instructions
20FB-                321          ;---------------------------------------------------------------------------
20FB-                322
20FB-01 F6           323 (   1/2)                 BRBC    1,$+1-64
20FC-01 F7           324 (   1/2)                 BRBC    1,$+1-32
20FD-81 F7           325 (   1/2)                 BRBC    1,$+1-16
20FE-C1 F7           326 (   1/2)                 BRBC    1,$+1-8
20FF-E1 F7           327 (   1/2)                 BRBC    1,$+1-4
2100-F1 F7           328 (   1/2)                 BRBC    1,$+1-2
2101-01 F4           329 (   1/2)                 BRBC    1,$+1
2102-09 F4           330 (   1/2)                 BRBC    1,$+1+1
2103-11 F4           331 (   1/2)                 BRBC    1,$+1+2
2104-21 F4           332 (   1/2)                 BRBC    1,$+1+4
2105-41 F4           333 (   1/2)                 BRBC    1,$+1+8
2106-81 F4           334 (   1/2)                 BRBC    1,$+1+16
2107-01 F5           335 (   1/2)                 BRBC    1,$+1+32
2108-02 F4           336 (   1/2)                 BRBC    2,$+1
2109-04 F4           337 (   1/2)                 BRBC    4,$+1
210A-                338
210A-01 F2           339 (   1/2)                 BRBS    1,$+1-64
210B-01 F3           340 (   1/2)                 BRBS    1,$+1-32
210C-81 F3           341 (   1/2)                 BRBS    1,$+1-16
210D-C1 F3           342 (   1/2)                 BRBS    1,$+1-8
210E-E1 F3           343 (   1/2)                 BRBS    1,$+1-4
210F-F1 F3           344 (   1/2)                 BRBS    1,$+1-2
2110-01 F0           345 (   1/2)                 BRBS    1,$+1
2111-09 F0           346 (   1/2)                 BRBS    1,$+1+1
2112-11 F0           347 (   1/2)                 BRBS    1,$+1+2
2113-21 F0           348 (   1/2)                 BRBS    1,$+1+4
2114-41 F0           349 (   1/2)                 BRBS    1,$+1+8
2115-81 F0           350 (   1/2)                 BRBS    1,$+1+16
2116-01 F1           351 (   1/2)                 BRBS    1,$+1+32
2117-02 F0           352 (   1/2)                 BRBS    2,$+1
2118-04 F0           353 (   1/2)                 BRBS    4,$+1
2119-                354
2119-00 F6           355 (   1/2)                 BRCC    $+1-64
211A-00 F7           356 (   1/2)                 BRCC    $+1-32
211B-80 F7           357 (   1/2)                 BRCC    $+1-16
211C-C0 F7           358 (   1/2)                 BRCC    $+1-8
211D-E0 F7           359 (   1/2)                 BRCC    $+1-4
211E-F0 F7           360 (   1/2)                 BRCC    $+1-2
211F-00 F4           361 (   1/2)                 BRCC    $+1
2120-08 F4           362 (   1/2)                 BRCC    $+1+1
2121-10 F4           363 (   1/2)                 BRCC    $+1+2
2122-20 F4           364 (   1/2)                 BRCC    $+1+4
2123-40 F4           365 (   1/2)                 BRCC    $+1+8
2124-80 F4           366 (   1/2)                 BRCC    $+1+16
2125-00 F5           367 (   1/2)                 BRCC    $+1+32
2126-                368
2126-00 F2           369 (   1/2)                 BRCS    $+1-64
2127-00 F3           370 (   1/2)                 BRCS    $+1-32
2128-80 F3           371 (   1/2)                 BRCS    $+1-16
2129-C0 F3           372 (   1/2)                 BRCS    $+1-8
212A-E0 F3           373 (   1/2)                 BRCS    $+1-4
212B-F0 F3           374 (   1/2)                 BRCS    $+1-2
212C-00 F0           375 (   1/2)                 BRCS    $+1
212D-08 F0           376 (   1/2)                 BRCS    $+1+1
212E-10 F0           377 (   1/2)                 BRCS    $+1+2
212F-20 F0           378 (   1/2)                 BRCS    $+1+4
2130-40 F0           379 (   1/2)                 BRCS    $+1+8
2131-80 F0           380 (   1/2)                 BRCS    $+1+16
2132-00 F1           381 (   1/2)                 BRCS    $+1+32
2133-                382
2133-01 F2           383 (   1/2)                 BREQ    $+1-64
2134-01 F3           384 (   1/2)                 BREQ    $+1-32
2135-81 F3           385 (   1/2)                 BREQ    $+1-16
2136-C1 F3           386 (   1/2)                 BREQ    $+1-8
2137-E1 F3           387 (   1/2)                 BREQ    $+1-4
2138-F1 F3           388 (   1/2)                 BREQ    $+1-2
2139-01 F0           389 (   1/2)                 BREQ    $+1
213A-09 F0           390 (   1/2)                 BREQ    $+1+1
213B-11 F0           391 (   1/2)                 BREQ    $+1+2
213C-21 F0           392 (   1/2)                 BREQ    $+1+4
213D-41 F0           393 (   1/2)                 BREQ    $+1+8
213E-81 F0           394 (   1/2)                 BREQ    $+1+16
213F-01 F1           395 (   1/2)                 BREQ    $+1+32
2140-                396
2140-04 F6           397 (   1/2)                 BRGE    $+1-64
2141-04 F7           398 (   1/2)                 BRGE    $+1-32
2142-84 F7           399 (   1/2)                 BRGE    $+1-16
2143-C4 F7           400 (   1/2)                 BRGE    $+1-8
2144-E4 F7           401 (   1/2)                 BRGE    $+1-4
2145-F4 F7           402 (   1/2)                 BRGE    $+1-2
2146-04 F4           403 (   1/2)                 BRGE    $+1
2147-0C F4           404 (   1/2)                 BRGE    $+1+1
2148-14 F4           405 (   1/2)                 BRGE    $+1+2
2149-24 F4           406 (   1/2)                 BRGE    $+1+4
214A-44 F4           407 (   1/2)                 BRGE    $+1+8
214B-84 F4           408 (   1/2)                 BRGE    $+1+16
214C-04 F5           409 (   1/2)                 BRGE    $+1+32
214D-                410
214D-05 F6           411 (   1/2)                 BRHC    $+1-64
214E-05 F7           412 (   1/2)                 BRHC    $+1-32
214F-85 F7           413 (   1/2)                 BRHC    $+1-16
2150-C5 F7           414 (   1/2)                 BRHC    $+1-8
2151-E5 F7           415 (   1/2)                 BRHC    $+1-4
2152-F5 F7           416 (   1/2)                 BRHC    $+1-2
2153-05 F4           417 (   1/2)                 BRHC    $+1
2154-0D F4           418 (   1/2)                 BRHC    $+1+1
2155-15 F4           419 (   1/2)                 BRHC    $+1+2
2156-25 F4           420 (   1/2)                 BRHC    $+1+4
2157-45 F4           421 (   1/2)                 BRHC    $+1+8
2158-85 F4           422 (   1/2)                 BRHC    $+1+16
2159-05 F5           423 (   1/2)                 BRHC    $+1+32
215A-                424
215A-05 F2           425 (   1/2)                 BRHS    $+1-64
215B-05 F3           426 (   1/2)                 BRHS    $+1-32
215C-85 F3           427 (   1/2)                 BRHS    $+1-16
215D-C5 F3           428 (   1/2)                 BRHS    $+1-8
215E-E5 F3           429 (   1/2)                 BRHS    $+1-4
215F-F5 F3           430 (   1/2)                 BRHS    $+1-2
2160-05 F0           431 (   1/2)                 BRHS    $+1
2161-0D F0           432 (   1/2)                 BRHS    $+1+1
2162-15 F0           433 (   1/2)                 BRHS    $+1+2
2163-25 F0           434 (   1/2)                 BRHS    $+1+4
2164-45 F0           435 (   1/2)                 BRHS    $+1+8
2165-85 F0           436 (   1/2)                 BRHS    $+1+16
2166-05 F1           437 (   1/2)                 BRHS    $+1+32
2167-                438
2167-07 F6           439 (   1/2)                 BRID    $+1-64
2168-07 F7           440 (   1/2)                 BRID    $+1-32
2169-87 F7           441 (   1/2)                 BRID    $+1-16
216A-C7 F7           442 (   1/2)                 BRID    $+1-8
216B-E7 F7           443 (   1/2)                 BRID    $+1-4
216C-F7 F7           444 (   1/2)                 BRID    $+1-2
216D-07 F4           445 (   1/2)                 BRID    $+1
216E-0F F4           446 (   1/2)                 BRID    $+1+1
216F-17 F4           447 (   1/2)                 BRID    $+1+2
2170-27 F4           448 (   1/2)                 BRID    $+1+4
2171-47 F4           449 (   1/2)                 BRID    $+1+8
2172-87 F4           450 (   1/2)                 BRID    $+1+16
2173-07 F5           451 (   1/2)                 BRID    $+1+32
2174-                452
2174-07 F2           453 (   1/2)                 BRIE    $+1-64
2175-07 F3           454 (   1/2)                 BRIE    $+1-32
2176-87 F3           455 (   1/2)                 BRIE    $+1-16
2177-C7 F3           456 (   1/2)                 BRIE    $+1-8
2178-E7 F3           457 (   1/2)                 BRIE    $+1-4
2179-F7 F3           458 (   1/2)                 BRIE    $+1-2
217A-07 F0           459 (   1/2)                 BRIE    $+1
217B-0F F0           460 (   1/2)                 BRIE    $+1+1
217C-17 F0           461 (   1/2)                 BRIE    $+1+2
217D-27 F0           462 (   1/2)                 BRIE    $+1+4
217E-47 F0           463 (   1/2)                 BRIE    $+1+8
217F-87 F0           464 (   1/2)                 BRIE    $+1+16
2180-07 F1           465 (   1/2)                 BRIE    $+1+32
2181-                466
2181-00 F2           467 (   1/2)                 BRLO    $+1-64
2182-00 F3           468 (   1/2)                 BRLO    $+1-32
2183-80 F3           469 (   1/2)                 BRLO    $+1-16
2184-C0 F3           470 (   1/2)                 BRLO    $+1-8
2185-E0 F3           471 (   1/2)                 BRLO    $+1-4
2186-F0 F3           472 (   1/2)                 BRLO    $+1-2
2187-00 F0           473 (   1/2)                 BRLO    $+1
2188-08 F0           474 (   1/2)                 BRLO    $+1+1
2189-10 F0           475 (   1/2)                 BRLO    $+1+2
218A-20 F0           476 (   1/2)                 BRLO    $+1+4
218B-40 F0           477 (   1/2)                 BRLO    $+1+8
218C-80 F0           478 (   1/2)                 BRLO    $+1+16
218D-00 F1           479 (   1/2)                 BRLO    $+1+32
218E-                480
218E-04 F2           481 (   1/2)                 BRLT    $+1-64
218F-04 F3           482 (   1/2)                 BRLT    $+1-32
2190-84 F3           483 (   1/2)                 BRLT    $+1-16
2191-C4 F3           484 (   1/2)                 BRLT    $+1-8
2192-E4 F3           485 (   1/2)                 BRLT    $+1-4
2193-F4 F3           486 (   1/2)                 BRLT    $+1-2
2194-04 F0           487 (   1/2)                 BRLT    $+1
2195-0C F0           488 (   1/2)                 BRLT    $+1+1
2196-14 F0           489 (   1/2)                 BRLT    $+1+2
2197-24 F0           490 (   1/2)                 BRLT    $+1+4
2198-44 F0           491 (   1/2)                 BRLT    $+1+8
2199-84 F0           492 (   1/2)                 BRLT    $+1+16
219A-04 F1           493 (   1/2)                 BRLT    $+1+32
219B-                494
219B-02 F2           495 (   1/2)                 BRMI    $+1-64
219C-02 F3           496 (   1/2)                 BRMI    $+1-32
219D-82 F3           497 (   1/2)                 BRMI    $+1-16
219E-C2 F3           498 (   1/2)                 BRMI    $+1-8
219F-E2 F3           499 (   1/2)                 BRMI    $+1-4
21A0-F2 F3           500 (   1/2)                 BRMI    $+1-2
21A1-02 F0           501 (   1/2)                 BRMI    $+1
21A2-0A F0           502 (   1/2)                 BRMI    $+1+1
21A3-12 F0           503 (   1/2)                 BRMI    $+1+2
21A4-22 F0           504 (   1/2)                 BRMI    $+1+4
21A5-42 F0           505 (   1/2)                 BRMI    $+1+8
21A6-82 F0           506 (   1/2)                 BRMI    $+1+16
21A7-02 F1           507 (   1/2)                 BRMI    $+1+32
21A8-                508
21A8-01 F6           509 (   1/2)                 BRNE    $+1-64
21A9-01 F7           510 (   1/2)                 BRNE    $+1-32
21AA-81 F7           511 (   1/2)                 BRNE    $+1-16
21AB-C1 F7           512 (   1/2)                 BRNE    $+1-8
21AC-E1 F7           513 (   1/2)                 BRNE    $+1-4
21AD-F1 F7           514 (   1/2)                 BRNE    $+1-2
21AE-01 F4           515 (   1/2)                 BRNE    $+1
21AF-09 F4           516 (   1/2)                 BRNE    $+1+1
21B0-11 F4           517 (   1/2)                 BRNE    $+1+2
21B1-21 F4           518 (   1/2)                 BRNE    $+1+4
21B2-41 F4           519 (   1/2)                 BRNE    $+1+8
21B3-81 F4           520 (   1/2)                 BRNE    $+1+16
21B4-01 F5           521 (   1/2)                 BRNE    $+1+32
21B5-                522
21B5-02 F6           523 (   1/2)                 BRPL    $+1-64
21B6-02 F7           524 (   1/2)                 BRPL    $+1-32
21B7-82 F7           525 (   1/2)                 BRPL    $+1-16
21B8-C2 F7           526 (   1/2)                 BRPL    $+1-8
21B9-E2 F7           527 (   1/2)                 BRPL    $+1-4
21BA-F2 F7           528 (   1/2)                 BRPL    $+1-2
21BB-02 F4           529 (   1/2)                 BRPL    $+1
21BC-0A F4           530 (   1/2)                 BRPL    $+1+1
21BD-12 F4           531 (   1/2)                 BRPL    $+1+2
21BE-22 F4           532 (   1/2)                 BRPL    $+1+4
21BF-42 F4           533 (   1/2)                 BRPL    $+1+8
21C0-82 F4           534 (   1/2)                 BRPL    $+1+16
21C1-02 F5           535 (   1/2)                 BRPL    $+1+32
21C2-                536
21C2-00 F6           537 (   1/2)                 BRSH    $+1-64
21C3-00 F7           538 (   1/2)                 BRSH    $+1-32
21C4-80 F7           539 (   1/2)                 BRSH    $+1-16
21C5-C0 F7           540 (   1/2)                 BRSH    $+1-8
21C6-E0 F7           541 (   1/2)                 BRSH    $+1-4
21C7-F0 F7           542 (   1/2)                 BRSH    $+1-2
21C8-00 F4           543 (   1/2)                 BRSH    $+1
21C9-08 F4           544 (   1/2)                 BRSH    $+1+1
21CA-10 F4           545 (   1/2)                 BRSH    $+1+2
21CB-20 F4           546 (   1/2)                 BRSH    $+1+4
21CC-40 F4           547 (   1/2)                 BRSH    $+1+8
21CD-80 F4           548 (   1/2)                 BRSH    $+1+16
21CE-00 F5           549 (   1/2)                 BRSH    $+1+32
21CF-                550
21CF-06 F6           551 (   1/2)                 BRTC    $+1-64
21D0-06 F7           552 (   1/2)                 BRTC    $+1-32
21D1-86 F7           553 (   1/2)                 BRTC    $+1-16
21D2-C6 F7           554 (   1/2)                 BRTC    $+1-8
21D3-E6 F7           555 (   1/2)                 BRTC    $+1-4
21D4-F6 F7           556 (   1/2)                 BRTC    $+1-2
21D5-06 F4           557 (   1/2)                 BRTC    $+1
21D6-0E F4           558 (   1/2)                 BRTC    $+1+1
21D7-16 F4           559 (   1/2)                 BRTC    $+1+2
21D8-26 F4           560 (   1/2)                 BRTC    $+1+4
21D9-46 F4           561 (   1/2)                 BRTC    $+1+8
21DA-86 F4           562 (   1/2)                 BRTC    $+1+16
21DB-06 F5           563 (   1/2)                 BRTC    $+1+32
21DC-                564
21DC-06 F2           565 (   1/2)                 BRTS    $+1-64
21DD-06 F3           566 (   1/2)                 BRTS    $+1-32
21DE-86 F3           567 (   1/2)                 BRTS    $+1-16
21DF-C6 F3           568 (   1/2)                 BRTS    $+1-8
21E0-E6 F3           569 (   1/2)                 BRTS    $+1-4
21E1-F6 F3           570 (   1/2)                 BRTS    $+1-2
21E2-06 F0           571 (   1/2)                 BRTS    $+1
21E3-0E F0           572 (   1/2)                 BRTS    $+1+1
21E4-16 F0           573 (   1/2)                 BRTS    $+1+2
21E5-26 F0           574 (   1/2)                 BRTS    $+1+4
21E6-46 F0           575 (   1/2)                 BRTS    $+1+8
21E7-86 F0           576 (   1/2)                 BRTS    $+1+16
21E8-06 F1           577 (   1/2)                 BRTS    $+1+32
21E9-                578
21E9-03 F6           579 (   1/2)                 BRVC    $+1-64
21EA-03 F7           580 (   1/2)                 BRVC    $+1-32
21EB-83 F7           581 (   1/2)                 BRVC    $+1-16
21EC-C3 F7           582 (   1/2)                 BRVC    $+1-8
21ED-E3 F7           583 (   1/2)                 BRVC    $+1-4
21EE-F3 F7           584 (   1/2)                 BRVC    $+1-2
21EF-03 F4           585 (   1/2)                 BRVC    $+1
21F0-0B F4           586 (   1/2)                 BRVC    $+1+1
21F1-13 F4           587 (   1/2)                 BRVC    $+1+2
21F2-23 F4           588 (   1/2)                 BRVC    $+1+4
21F3-43 F4           589 (   1/2)                 BRVC    $+1+8
21F4-83 F4           590 (   1/2)                 BRVC    $+1+16
21F5-03 F5           591 (   1/2)                 BRVC    $+1+32
21F6-                592
21F6-03 F2           593 (   1/2)                 BRVS    $+1-64
21F7-03 F3           594 (   1/2)                 BRVS    $+1-32
21F8-83 F3           595 (   1/2)                 BRVS    $+1-16
21F9-C3 F3           596 (   1/2)                 BRVS    $+1-8
21FA-E3 F3           597 (   1/2)                 BRVS    $+1-4
21FB-F3 F3           598 (   1/2)                 BRVS    $+1-2
21FC-03 F0           599 (   1/2)                 BRVS    $+1
21FD-0B F0           600 (   1/2)                 BRVS    $+1+1
21FE-13 F0           601 (   1/2)                 BRVS    $+1+2
21FF-23 F0           602 (   1/2)                 BRVS    $+1+4
2200-43 F0           603 (   1/2)                 BRVS    $+1+8
2201-83 F0           604 (   1/2)                 BRVS    $+1+16
2202-03 F1           605 (   1/2)                 BRVS    $+1+32
2203-                606
2203-                607          ;---------------------------------------------------------------------------
2203-                608          ; Jump and CALL instructions
2203-                609          ;---------------------------------------------------------------------------
2203-                610
2203-00 D8           611 ( 2/3/4)                 RCALL   $+1-2048
2204-00 DC           612 ( 2/3/4)                 RCALL   $+1-1024
2205-00 DE           613 ( 2/3/4)                 RCALL   $+1-512
2206-00 DF           614 ( 2/3/4)                 RCALL   $+1-256
2207-80 DF           615 ( 2/3/4)                 RCALL   $+1-128
2208-C0 DF           616 ( 2/3/4)                 RCALL   $+1-64
2209-E0 DF           617 ( 2/3/4)                 RCALL   $+1-32
220A-F0 DF           618 ( 2/3/4)                 RCALL   $+1-16
220B-F8 DF           619 ( 2/3/4)                 RCALL   $+1-8
220C-FC DF           620 ( 2/3/4)                 RCALL   $+1-4
220D-FE DF           621 ( 2/3/4)                 RCALL   $+1-2
220E-00 D0           622 ( 2/3/4)                 RCALL   $+1
220F-01 D0           623 ( 2/3/4)                 RCALL   $+1+1
2210-02 D0           624 ( 2/3/4)                 RCALL   $+1+2
2211-04 D0           625 ( 2/3/4)                 RCALL   $+1+4
2212-08 D0           626 ( 2/3/4)                 RCALL   $+1+8
2213-10 D0           627 ( 2/3/4)                 RCALL   $+1+16
2214-20 D0           628 ( 2/3/4)                 RCALL   $+1+32
2215-40 D0           629 ( 2/3/4)                 RCALL   $+1+64
2216-80 D0           630 ( 2/3/4)                 RCALL   $+1+128
2217-00 D1           631 ( 2/3/4)                 RCALL   $+1+256
2218-00 D2           632 ( 2/3/4)                 RCALL   $+1+512
2219-00 D4           633 ( 2/3/4)                 RCALL   $+1+1024
221A-                634
221A-00 C8           635 (     2)                 RJMP    $+1-2048
221B-00 CC           636 (     2)                 RJMP    $+1-1024
221C-00 CE           637 (     2)                 RJMP    $+1-512
221D-00 CF           638 (     2)                 RJMP    $+1-256
221E-80 CF           639 (     2)                 RJMP    $+1-128
221F-C0 CF           640 (     2)                 RJMP    $+1-64
2220-E0 CF           641 (     2)                 RJMP    $+1-32
2221-F0 CF           642 (     2)                 RJMP    $+1-16
2222-F8 CF           643 (     2)                 RJMP    $+1-8
2223-FC CF           644 (     2)                 RJMP    $+1-4
2224-FE CF           645 (     2)                 RJMP    $+1-2
2225-00 C0           646 (     2)                 RJMP    $+1
2226-01 C0           647 (     2)                 RJMP    $+1+1
2227-02 C0           648 (     2)                 RJMP    $+1+2
2228-04 C0           649 (     2)                 RJMP    $+1+4
2229-08 C0           650 (     2)                 RJMP    $+1+8
222A-10 C0           651 (     2)                 RJMP    $+1+16
222B-20 C0           652 (     2)                 RJMP    $+1+32
222C-40 C0           653 (     2)                 RJMP    $+1+64
222D-80 C0           654 (     2)                 RJMP    $+1+128
222E-00 C1           655 (     2)                 RJMP    $+1+256
222F-00 C2           656 (     2)                 RJMP    $+1+512
2230-00 C4           657 (     2)                 RJMP    $+1+1024
2231-                658
2231-                659          ;---------------------------------------------------------------------------
2231-                660          ; Register bit operand instructions
2231-                661          ;---------------------------------------------------------------------------
2231-                662
2231-11 F9           663 (     1)                 BLD     R17, 1
2232-12 F9           664 (     1)                 BLD     R17, 2
2233-14 F9           665 (     1)                 BLD     R17, 4
2234-21 F9           666 (     1)                 BLD     R18, 1
2235-41 F9           667 (     1)                 BLD     R20, 1
2236-81 F9           668 (     1)                 BLD     R24, 1
2237-                669
2237-11 FB           670 (     1)                 BST     R17, 1
2238-12 FB           671 (     1)                 BST     R17, 2
2239-14 FB           672 (     1)                 BST     R17, 4
223A-21 FB           673 (     1)                 BST     R18, 1
223B-41 FB           674 (     1)                 BST     R20, 1
223C-81 FB           675 (     1)                 BST     R24, 1
223D-                676
223D-11 FD           677 ( 1/2/3)                 SBRC    R17, 1
223E-12 FD           678 ( 1/2/3)                 SBRC    R17, 2
223F-14 FD           679 ( 1/2/3)                 SBRC    R17, 4
2240-21 FD           680 ( 1/2/3)                 SBRC    R18, 1
2241-41 FD           681 ( 1/2/3)                 SBRC    R20, 1
2242-81 FD           682 ( 1/2/3)                 SBRC    R24, 1
2243-                683
2243-11 FF           684 ( 1/2/3)                 SBRS    R17, 1
2244-12 FF           685 ( 1/2/3)                 SBRS    R17, 2
2245-14 FF           686 ( 1/2/3)                 SBRS    R17, 4
2246-21 FF           687 ( 1/2/3)                 SBRS    R18, 1
2247-41 FF           688 ( 1/2/3)                 SBRS    R20, 1
2248-81 FF           689 ( 1/2/3)                 SBRS    R24, 1
2249-                690
2249-                691          ;---------------------------------------------------------------------------
2249-                692          ; LDS and STS instructions
2249-                693          ;---------------------------------------------------------------------------
2249-                694
2249-11 A1           695 (     1)                 LDS     R17, 1
224A-21 A1           696 (     1)                 LDS     R18, 1
224B-41 A1           697 (     1)                 LDS     R20, 1
224C-81 A1           698 (     1)                 LDS     R24, 1
224D-12 A1           699 (     1)                 LDS     R17, 2
224E-14 A1           700 (     1)                 LDS     R17, 4
224F-18 A1           701 (     1)                 LDS     R17, 8
2250-10 A2           702 (     1)                 LDS     R17, 16
2251-10 A3           703 (     1)                 LDS     R17, 32
2252-10 A5           704 (     1)                 LDS     R17, 64
2253-10 A1           705 (     1)                 LDS     R17, 128
2254-                706
2254-11 A9           707 (     1)                 STS     1, R17
2255-21 A9           708 (     1)                 STS     1, R18
2256-41 A9           709 (     1)                 STS     1, R20
2257-81 A9           710 (     1)                 STS     1, R24
2258-12 A9           711 (     1)                 STS     2, R17
2259-14 A9           712 (     1)                 STS     4, R17
225A-18 A9           713 (     1)                 STS     8, R17
225B-10 AA           714 (     1)                 STS     16, R17
225C-10 AB           715 (     1)                 STS     32, R17
225D-10 AD           716 (     1)                 STS     64, R17
225E-10 A9           717 (     1)                 STS     128, R17
225F-                718          ;---------------------------------------------------------------------------
225F-                719          ; I/O bit operand instructions
225F-                720          ;---------------------------------------------------------------------------
225F-                721
225F-09 98           722 (   1/2)                 CBI     1, 1
2260-0A 98           723 (   1/2)                 CBI     1, 2
2261-0C 98           724 (   1/2)                 CBI     1, 4
2262-11 98           725 (   1/2)                 CBI     2, 1
2263-21 98           726 (   1/2)                 CBI     4, 1
2264-41 98           727 (   1/2)                 CBI     8, 1
2265-81 98           728 (   1/2)                 CBI     16, 1
2266-                729
2266-09 9A           730 (   1/2)                 SBI     1, 1
2267-0A 9A           731 (   1/2)                 SBI     1, 2
2268-0C 9A           732 (   1/2)                 SBI     1, 4
2269-11 9A           733 (   1/2)                 SBI     2, 1
226A-21 9A           734 (   1/2)                 SBI     4, 1
226B-41 9A           735 (   1/2)                 SBI     8, 1
226C-81 9A           736 (   1/2)                 SBI     16, 1
226D-                737
226D-09 99           738 (2/3/4*)                 SBIC    1, 1
226E-0A 99           739 (2/3/4*)                 SBIC    1, 2
226F-0C 99           740 (2/3/4*)                 SBIC    1, 4
2270-11 99           741 (2/3/4*)                 SBIC    2, 1
2271-21 99           742 (2/3/4*)                 SBIC    4, 1
2272-41 99           743 (2/3/4*)                 SBIC    8, 1
2273-81 99           744 (2/3/4*)                 SBIC    16, 1
2274-                745
2274-09 9B           746 (2/3/4*)                 SBIS    1, 1
2275-0A 9B           747 (2/3/4*)                 SBIS    1, 2
2276-0C 9B           748 (2/3/4*)                 SBIS    1, 4
2277-11 9B           749 (2/3/4*)                 SBIS    2, 1
2278-21 9B           750 (2/3/4*)                 SBIS    4, 1
2279-41 9B           751 (2/3/4*)                 SBIS    8, 1
227A-81 9B           752 (2/3/4*)                 SBIS    16, 1
227B-                753
227B-                754          ;---------------------------------------------------------------------------
227B-                755          ; LD and ST instructions
227B-                756          ;---------------------------------------------------------------------------
227B-                757
227B-1C 91           758 ( 1/2/3)                 LD      R17, X
227C-2C 91           759 ( 1/2/3)                 LD      R18, X
227D-4C 91           760 ( 1/2/3)                 LD      R20, X
227E-8C 91           761 ( 1/2/3)                 LD      R24, X
227F-1D 91           762 ( 1/2/3)                 LD      R17, X+
2280-2D 91           763 ( 1/2/3)                 LD      R18, X+
2281-4D 91           764 ( 1/2/3)                 LD      R20, X+
2282-8D 91           765 ( 1/2/3)                 LD      R24, X+
2283-1E 91           766 ( 1/2/3)                 LD      R17, -X
2284-2E 91           767 ( 1/2/3)                 LD      R18, -X
2285-4E 91           768 ( 1/2/3)                 LD      R20, -X
2286-8E 91           769 ( 1/2/3)                 LD      R24, -X
2287-                770
2287-18 81           771 ( 1/2/3)                 LD      R17, Y
2288-28 81           772 ( 1/2/3)                 LD      R18, Y
2289-48 81           773 ( 1/2/3)                 LD      R20, Y
228A-88 81           774 ( 1/2/3)                 LD      R24, Y
228B-19 91           775 ( 1/2/3)                 LD      R17, Y+
228C-29 91           776 ( 1/2/3)                 LD      R18, Y+
228D-49 91           777 ( 1/2/3)                 LD      R20, Y+
228E-89 91           778 ( 1/2/3)                 LD      R24, Y+
228F-1A 91           779 ( 1/2/3)                 LD      R17, -Y
2290-2A 91           780 ( 1/2/3)                 LD      R18, -Y
2291-4A 91           781 ( 1/2/3)                 LD      R20, -Y
2292-8A 91           782 ( 1/2/3)                 LD      R24, -Y
2293-                783
2293-10 81           784 ( 1/2/3)                 LD      R17, Z
2294-20 81           785 ( 1/2/3)                 LD      R18, Z
2295-40 81           786 ( 1/2/3)                 LD      R20, Z
2296-80 81           787 ( 1/2/3)                 LD      R24, Z
2297-11 91           788 ( 1/2/3)                 LD      R17, Z+
2298-21 91           789 ( 1/2/3)                 LD      R18, Z+
2299-41 91           790 ( 1/2/3)                 LD      R20, Z+
229A-81 91           791 ( 1/2/3)                 LD      R24, Z+
229B-12 91           792 ( 1/2/3)                 LD      R17, -Z
229C-22 91           793 ( 1/2/3)                 LD      R18, -Z
229D-42 91           794 ( 1/2/3)                 LD      R20, -Z
229E-82 91           795 ( 1/2/3)                 LD      R24, -Z
229F-                796
229F-1C 93           797 (   1/2)                 ST      X, 17
22A0-2C 93           798 (   1/2)                 ST      X, 18
22A1-4C 93           799 (   1/2)                 ST      X, 20
22A2-8C 93           800 (   1/2)                 ST      X, 24
22A3-1D 93           801 (   1/2)                 ST      X+, R17
22A4-2D 93           802 (   1/2)                 ST      X+, R18
22A5-4D 93           803 (   1/2)                 ST      X+, R20
22A6-8D 93           804 (   1/2)                 ST      X+, R24
22A7-1E 93           805 (   1/2)                 ST      -X, R17
22A8-2E 93           806 (   1/2)                 ST      -X, R18
22A9-4E 93           807 (   1/2)                 ST      -X, R20
22AA-8E 93           808 (   1/2)                 ST      -X, R24
22AB-                809
22AB-18 83           810 (   1/2)                 ST      Y, R17
22AC-28 83           811 (   1/2)                 ST      Y, R18
22AD-48 83           812 (   1/2)                 ST      Y, R20
22AE-88 83           813 (   1/2)                 ST      Y, R24
22AF-19 93           814 (   1/2)                 ST      Y+, R17
22B0-29 93           815 (   1/2)                 ST      Y+, R18
22B1-49 93           816 (   1/2)                 ST      Y+, R20
22B2-89 93           817 (   1/2)                 ST      Y+, R24
22B3-1A 93           818 (   1/2)                 ST      -Y, R17
22B4-2A 93           819 (   1/2)                 ST      -Y, R18
22B5-4A 93           820 (   1/2)                 ST      -Y, R20
22B6-8A 93           821 (   1/2)                 ST      -Y, R24
22B7-                822
22B7-10 83           823 (   1/2)                 ST      Z, R17
22B8-20 83           824 (   1/2)                 ST      Z, R18
22B9-40 83           825 (   1/2)                 ST      Z, R20
22BA-80 83           826 (   1/2)                 ST      Z, R24
22BB-11 93           827 (   1/2)                 ST      Z+, R17
22BC-21 93           828 (   1/2)                 ST      Z+, R18
22BD-41 93           829 (   1/2)                 ST      Z+, R20
22BE-81 93           830 (   1/2)                 ST      Z+, R24
22BF-12 93           831 (   1/2)                 ST      -Z, R17
22C0-22 93           832 (   1/2)                 ST      -Z, R18
22C1-42 93           833 (   1/2)                 ST      -Z, R20
22C2-82 93           834 (   1/2)                 ST      -Z, R24
22C3-                835
22C3-                836          ;---------------------------------------------------------------------------
22C3-                837          ; I/O instructions
22C3-                838          ;---------------------------------------------------------------------------
22C3-                839
22C3-11 B1           840 (     1)                 IN      R17, 1
22C4-21 B1           841 (     1)                 IN      R18, 1
22C5-41 B1           842 (     1)                 IN      R20, 1
22C6-81 B1           843 (     1)                 IN      R24, 1
22C7-12 B1           844 (     1)                 IN      R17, 2
22C8-14 B1           845 (     1)                 IN      R17, 4
22C9-18 B1           846 (     1)                 IN      R17, 8
22CA-10 B3           847 (     1)                 IN      R17, 16
22CB-10 B5           848 (     1)                 IN      R17, 32
22CC-                849
22CC-11 B9           850 (     1)                 OUT     1, R17
22CD-21 B9           851 (     1)                 OUT     1, R18
22CE-41 B9           852 (     1)                 OUT     1, R20
22CF-81 B9           853 (     1)                 OUT     1, R24
22D0-12 B9           854 (     1)                 OUT     2, R17
22D1-14 B9           855 (     1)                 OUT     4, R17
22D2-18 B9           856 (     1)                 OUT     8, R17
22D3-10 BB           857 (     1)                 OUT     16, R17
22D4-10 BD           858 (     1)                 OUT     32, R17
22D5-                859
22D5-                860          ;---------------------------------------------------------------------------
22D5-                861          ; Bit clear and set instructions
22D5-                862          ;---------------------------------------------------------------------------
22D5-                863
22D5-98 94           864 (     1)                 BCLR    1
22D6-A8 94           865 (     1)                 BCLR    2
22D7-C8 94           866 (     1)                 BCLR    4
22D8-                867
22D8-18 94           868 (     1)                 BSET    1
22D9-28 94           869 (     1)                 BSET    2
22DA-48 94           870 (     1)                 BSET    4
22DB-                871
22DB-                872          ;---------------------------------------------------------------------------
22DB-                873          ; Immediate addressing mode notation options
22DB-                874          ;---------------------------------------------------------------------------
22DB-                875
12345678-            876          DATA            .EQ     $12345678
22DB-                877
22DB-18 E7           878 (     1)                 LDI     R17, DATA       Normal Atmel notation
22DC-18 E7           879 (     1)                 LDI     R17, #DATA      Has same effect as the line above
22DD-16 E5           880 (     1)                 LDI     R17, /DATA      Use 2nd byte of long word imm mode
22DE-14 E3           881 (     1)                 LDI     R17, =DATA      Use 3d byte of long word imm mode
22DF-12 E1           882 (     1)                 LDI     R17, \DATA      Use MSB of long word in imm mode
22E0-                883
