0000-                  2          ;---------------------------------------------------------------------------
0000-                  3          ;   xmega.asm
0000-                  4          ;
0000-                  5          ;   Opcode test for the SB-Assembler AVR cross family
0000-                  6          ;
0000-                  7          ;   Valid for XMEGA core
0000-                  8          ;
0000-                  9          ;---------------------------------------------------------------------------
0000-                 10
0000-                 11                          .CR     AVR     And now for something completely different
0000-                 12                          .FA     XMEGA
0000-                 13
0000-                 14                          .TF     test.hex, int
2000-                 15                          .OR     $2000   Avoid range errors for jumps and calls
2000-                 17
2000-                 18          ;---------------------------------------------------------------------------
2000-                 19          ; Inherent addressing mode
2000-                 20          ;---------------------------------------------------------------------------
2000-                 21
2000-98 95            22 (     1)                 BREAK
2001-88 94            23 (     1)                 CLC
2002-D8 94            24 (     1)                 CLH
2003-F8 94            25 (     1)                 CLI
2004-A8 94            26 (     1)                 CLN
2005-C8 94            27 (     1)                 CLS
2006-E8 94            28 (     1)                 CLT
2007-B8 94            29 (     1)                 CLV
2008-98 94            30 (     1)                 CLZ
2009-19 95            31 (  3/4*)                 EICALL
200A-19 94            32 (     2)                 EIJMP
200B-09 95            33 (2/3/4*)                 ICALL
200C-09 94            34 (     2)                 IJMP
200D-00 00            35 (     1)                 NOP
200E-08 95            36 (  4/5*)                 RET
200F-18 95            37 (  4/5*)                 RETI
2010-08 94            38 (     1)                 SEC
2011-58 94            39 (     1)                 SEH
2012-78 94            40 (     1)                 SEI
2013-28 94            41 (     1)                 SEN
2014-48 94            42 (     1)                 SES
2015-68 94            43 (     1)                 SET
2016-38 94            44 (     1)                 SEV
2017-18 94            45 (     1)                 SEZ
2018-88 95            46 (     1)                 SLEEP
2019-A8 95            47 (     1)                 WDR
201A-                 48
201A-                 49          ;---------------------------------------------------------------------------
201A-                 50          ; Register pair operand instructions
201A-                 51          ;---------------------------------------------------------------------------
201A-                 52
201A-11 1C            53 (     1)                 ADC     R1, R1
201B-12 1C            54 (     1)                 ADC     R1, R2
201C-14 1C            55 (     1)                 ADC     R1, R4
201D-18 1C            56 (     1)                 ADC     R1, R8
201E-10 1E            57 (     1)                 ADC     R1, R16
201F-21 1C            58 (     1)                 ADC     R2, R1
2020-41 1C            59 (     1)                 ADC     R4, R1
2021-81 1C            60 (     1)                 ADC     R8, R1
2022-01 1D            61 (     1)                 ADC     R16, R1
2023-                 62
2023-11 0C            63 (     1)                 ADD     1, 1            Numeric values are translated to
2024-12 0C            64 (     1)                 ADD     1, 2             registers automatically
2025-14 0C            65 (     1)                 ADD     1, 4
2026-18 0C            66 (     1)                 ADD     1, 8
2027-10 0E            67 (     1)                 ADD     1, 16
2028-21 0C            68 (     1)                 ADD     2, 1
2029-41 0C            69 (     1)                 ADD     4, 1
202A-81 0C            70 (     1)                 ADD     8, 1
202B-01 0D            71 (     1)                 ADD     16, 1
202C-                 72
202C-11 20            73 (     1)                 AND     R1, R1
202D-12 20            74 (     1)                 AND     R1, R2
202E-14 20            75 (     1)                 AND     R1, R4
202F-18 20            76 (     1)                 AND     R1, R8
2030-10 22            77 (     1)                 AND     R1, R16
2031-21 20            78 (     1)                 AND     R2, R1
2032-41 20            79 (     1)                 AND     R4, R1
2033-81 20            80 (     1)                 AND     R8, R1
2034-01 21            81 (     1)                 AND     R16, R1
2035-                 82
2035-11 14            83 (     1)                 CP      R1, R1
2036-12 14            84 (     1)                 CP      R1, R2
2037-14 14            85 (     1)                 CP      R1, R4
2038-18 14            86 (     1)                 CP      R1, R8
2039-10 16            87 (     1)                 CP      R1, R16
203A-21 14            88 (     1)                 CP      R2, R1
203B-41 14            89 (     1)                 CP      R4, R1
203C-81 14            90 (     1)                 CP      R8, R1
203D-01 15            91 (     1)                 CP      R16, R1
203E-                 92
203E-11 04            93 (     1)                 CPC     R1, R1
203F-12 04            94 (     1)                 CPC     R1, R2
2040-14 04            95 (     1)                 CPC     R1, R4
2041-18 04            96 (     1)                 CPC     R1, R8
2042-10 06            97 (     1)                 CPC     R1, R16
2043-21 04            98 (     1)                 CPC     R2, R1
2044-41 04            99 (     1)                 CPC     R4, R1
2045-81 04           100 (     1)                 CPC     R8, R1
2046-01 05           101 (     1)                 CPC     R16, R1
2047-                102
2047-11 10           103 ( 1/2/3)                 CPSE    R1, R1
2048-12 10           104 ( 1/2/3)                 CPSE    R1, R2
2049-14 10           105 ( 1/2/3)                 CPSE    R1, R4
204A-18 10           106 ( 1/2/3)                 CPSE    R1, R8
204B-10 12           107 ( 1/2/3)                 CPSE    R1, R16
204C-21 10           108 ( 1/2/3)                 CPSE    R2, R1
204D-41 10           109 ( 1/2/3)                 CPSE    R4, R1
204E-81 10           110 ( 1/2/3)                 CPSE    R8, R1
204F-01 11           111 ( 1/2/3)                 CPSE    R16, R1
2050-                112
2050-11 24           113 (     1)                 EOR     R1, R1
2051-12 24           114 (     1)                 EOR     R1, R2
2052-14 24           115 (     1)                 EOR     R1, R4
2053-18 24           116 (     1)                 EOR     R1, R8
2054-10 26           117 (     1)                 EOR     R1, R16
2055-21 24           118 (     1)                 EOR     R2, R1
2056-41 24           119 (     1)                 EOR     R4, R1
2057-81 24           120 (     1)                 EOR     R8, R1
2058-01 25           121 (     1)                 EOR     R16, R1
2059-                122
2059-19 03           123 (     2)                 FMUL    R17, R17
205A-1A 03           124 (     2)                 FMUL    R17, R18
205B-1C 03           125 (     2)                 FMUL    R17, R20
205C-29 03           126 (     2)                 FMUL    R18, R17
205D-49 03           127 (     2)                 FMUL    R20, R17
205E-                128
205E-91 03           129 (     2)                 FMULS   R17, R17
205F-92 03           130 (     2)                 FMULS   R17, R18
2060-94 03           131 (     2)                 FMULS   R17, R20
2061-A1 03           132 (     2)                 FMULS   R18, R17
2062-C1 03           133 (     2)                 FMULS   R20, R17
2063-                134
2063-99 03           135 (     2)                 FMULSU  R17, R17
2064-9A 03           136 (     2)                 FMULSU  R17, R18
2065-9C 03           137 (     2)                 FMULSU  R17, R20
2066-A9 03           138 (     2)                 FMULSU  R18, R17
2067-C9 03           139 (     2)                 FMULSU  R20, R17
2068-                140
2068-11 2C           141 (     1)                 MOV     R1, R1
2069-12 2C           142 (     1)                 MOV     R1, R2
206A-14 2C           143 (     1)                 MOV     R1, R4
206B-18 2C           144 (     1)                 MOV     R1, R8
206C-10 2E           145 (     1)                 MOV     R1, R16
206D-21 2C           146 (     1)                 MOV     R2, R1
206E-41 2C           147 (     1)                 MOV     R4, R1
206F-81 2C           148 (     1)                 MOV     R8, R1
2070-01 2D           149 (     1)                 MOV     R16, R1
2071-                150
2071-00 01           151 (     1)                 MOVW    R0, R0
2072-00 01           152 (     1)                 MOVW    R1, R1      Either pair may be used
2073-11 01           153 (     1)                 MOVW    R2, R2
2074-11 01           154 (     1)                 MOVW    R2, R3      Even in mixed form
2075-12 01           155 (     1)                 MOVW    R2, R4
2076-14 01           156 (     1)                 MOVW    R2, R8
2077-18 01           157 (     1)                 MOVW    R2, R16
2078-21 01           158 (     1)                 MOVW    R4, R2
2079-41 01           159 (     1)                 MOVW    R8, R2
207A-81 01           160 (     1)                 MOVW    R16, R2
207B-                161
207B-11 9C           162 (     1)                 MUL     R1, R1
207C-12 9C           163 (     1)                 MUL     R1, R2
207D-14 9C           164 (     1)                 MUL     R1, R4
207E-18 9C           165 (     1)                 MUL     R1, R8
207F-10 9E           166 (     1)                 MUL     R1, R16
2080-21 9C           167 (     1)                 MUL     R2, R1
2081-41 9C           168 (     1)                 MUL     R4, R1
2082-81 9C           169 (     1)                 MUL     R8, R1
2083-01 9D           170 (     1)                 MUL     R16, R1
2084-                171
2084-11 02           172 (     1)                 MULS    R17, R17
2085-12 02           173 (     1)                 MULS    R17, R18
2086-14 02           174 (     1)                 MULS    R17, R20
2087-18 02           175 (     1)                 MULS    R17, R24
2088-21 02           176 (     1)                 MULS    R18, R17
2089-41 02           177 (     1)                 MULS    R20, R17
208A-81 02           178 (     1)                 MULS    R24, R17
208B-                179
208B-11 03           180 (     1)                 MULSU   R17, R17
208C-12 03           181 (     1)                 MULSU   R17, R18
208D-14 03           182 (     1)                 MULSU   R17, R20
208E-21 03           183 (     1)                 MULSU   R18, R17
208F-41 03           184 (     1)                 MULSU   R20, R17
2090-                185
2090-11 28           186 (     1)                 OR      R1, R1
2091-12 28           187 (     1)                 OR      R1, R2
2092-14 28           188 (     1)                 OR      R1, R4
2093-18 28           189 (     1)                 OR      R1, R8
2094-10 2A           190 (     1)                 OR      R1, R16
2095-21 28           191 (     1)                 OR      R2, R1
2096-41 28           192 (     1)                 OR      R4, R1
2097-81 28           193 (     1)                 OR      R8, R1
2098-01 29           194 (     1)                 OR      R16, R1
2099-                195
2099-11 08           196 (     1)                 SBC     R1, R1
209A-12 08           197 (     1)                 SBC     R1, R2
209B-14 08           198 (     1)                 SBC     R1, R4
209C-18 08           199 (     1)                 SBC     R1, R8
209D-10 0A           200 (     1)                 SBC     R1, R16
209E-21 08           201 (     1)                 SBC     R2, R1
209F-41 08           202 (     1)                 SBC     R4, R1
20A0-81 08           203 (     1)                 SBC     R8, R1
20A1-01 09           204 (     1)                 SBC     R16, R1
20A2-                205
20A2-11 18           206 (     1)                 SUB     R1, R1
20A3-12 18           207 (     1)                 SUB     R1, R2
20A4-14 18           208 (     1)                 SUB     R1, R4
20A5-18 18           209 (     1)                 SUB     R1, R8
20A6-10 1A           210 (     1)                 SUB     R1, R16
20A7-21 18           211 (     1)                 SUB     R2, R1
20A8-41 18           212 (     1)                 SUB     R4, R1
20A9-81 18           213 (     1)                 SUB     R8, R1
20AA-01 19           214 (     1)                 SUB     R16, R1
20AB-                215
20AB-                216          ;---------------------------------------------------------------------------
20AB-                217          ; Register immediate operand instructions
20AB-                218          ;---------------------------------------------------------------------------
20AB-                219
20AB-01 96           220 (     1)                 ADIW    R24, 1      Constant value is not checked on range
20AC-12 96           221 (     1)                 ADIW    R26, 2
20AD-24 96           222 (     1)                 ADIW    R28, 4
20AE-38 96           223 (     1)                 ADIW    R30, 8
20AF-40 96           224 (     1)                 ADIW    R24, 16
20B0-90 96           225 (     1)                 ADIW    R26, 32
20B1-21 96           226 (     1)                 ADIW    R28, 1
20B2-32 96           227 (     1)                 ADIW    R30, 2
20B3-04 96           228 (     1)                 ADIW    R24, 4
20B4-18 96           229 (     1)                 ADIW    R26, 8
20B5-60 96           230 (     1)                 ADIW    R28, 16
20B6-B0 96           231 (     1)                 ADIW    R30, 32
20B7-                232
20B7-11 70           233 (     1)                 ANDI    R17, 1
20B8-12 70           234 (     1)                 ANDI    R17, 2
20B9-14 70           235 (     1)                 ANDI    R17, 4
20BA-18 70           236 (     1)                 ANDI    R17, 8
20BB-10 71           237 (     1)                 ANDI    R17, 16
20BC-10 72           238 (     1)                 ANDI    R17, 32
20BD-10 74           239 (     1)                 ANDI    R17, 64
20BE-10 78           240 (     1)                 ANDI    R17, 128
20BF-21 70           241 (     1)                 ANDI    R18, 1
20C0-41 70           242 (     1)                 ANDI    R20, 1
20C1-81 70           243 (     1)                 ANDI    R24, 1
20C2-18 77           244 (     1)                 ANDI    R17, #$12345678     # Prefix is optional (use LSB)
20C3-16 75           245 (     1)                 ANDI    R17, /$12345678     / Use 2nd LSB
20C4-14 73           246 (     1)                 ANDI    R17, =$12345678     = User 2nd MSB
20C5-12 71           247 (     1)                 ANDI    R17, \$12345678     \ Use MSB
20C6-                248
20C6-1E 7F           249 (     1)                 CBR     R17, 1
20C7-1D 7F           250 (     1)                 CBR     R17, 2
20C8-1B 7F           251 (     1)                 CBR     R17, 4
20C9-17 7F           252 (     1)                 CBR     R17, 8
20CA-1F 7E           253 (     1)                 CBR     R17, 16
20CB-1F 7D           254 (     1)                 CBR     R17, 32
20CC-1F 7B           255 (     1)                 CBR     R17, 64
20CD-1F 77           256 (     1)                 CBR     R17, 128
20CE-2E 7F           257 (     1)                 CBR     R18, 1
20CF-4E 7F           258 (     1)                 CBR     R20, 1
20D0-8E 7F           259 (     1)                 CBR     R24, 1
20D1-                260
20D1-11 30           261 (     1)                 CPI     R17, 1
20D2-12 30           262 (     1)                 CPI     R17, 2
20D3-14 30           263 (     1)                 CPI     R17, 4
20D4-18 30           264 (     1)                 CPI     R17, 8
20D5-10 31           265 (     1)                 CPI     R17, 16
20D6-10 32           266 (     1)                 CPI     R17, 32
20D7-10 34           267 (     1)                 CPI     R17, 64
20D8-10 38           268 (     1)                 CPI     R17, 128
20D9-21 30           269 (     1)                 CPI     R18, 1
20DA-41 30           270 (     1)                 CPI     R20, 1
20DB-81 30           271 (     1)                 CPI     R24, 1
20DC-                272
20DC-11 E0           273 (     1)                 LDI     R17, 1
20DD-12 E0           274 (     1)                 LDI     R17, 2
20DE-14 E0           275 (     1)                 LDI     R17, 4
20DF-18 E0           276 (     1)                 LDI     R17, 8
20E0-10 E1           277 (     1)                 LDI     R17, 16
20E1-10 E2           278 (     1)                 LDI     R17, 32
20E2-10 E4           279 (     1)                 LDI     R17, 64
20E3-10 E8           280 (     1)                 LDI     R17, 128
20E4-21 E0           281 (     1)                 LDI     R18, 1
20E5-41 E0           282 (     1)                 LDI     R20, 1
20E6-81 E0           283 (     1)                 LDI     R24, 1
20E7-                284
20E7-11 60           285 (     1)                 ORI     R17, 1
20E8-12 60           286 (     1)                 ORI     R17, 2
20E9-14 60           287 (     1)                 ORI     R17, 4
20EA-18 60           288 (     1)                 ORI     R17, 8
20EB-10 61           289 (     1)                 ORI     R17, 16
20EC-10 62           290 (     1)                 ORI     R17, 32
20ED-10 64           291 (     1)                 ORI     R17, 64
20EE-10 68           292 (     1)                 ORI     R17, 128
20EF-21 60           293 (     1)                 ORI     R18, 1
20F0-41 60           294 (     1)                 ORI     R20, 1
20F1-81 60           295 (     1)                 ORI     R24, 1
20F2-                296
20F2-11 40           297 (     1)                 SBCI    R17, 1
20F3-12 40           298 (     1)                 SBCI    R17, 2
20F4-14 40           299 (     1)                 SBCI    R17, 4
20F5-18 40           300 (     1)                 SBCI    R17, 8
20F6-10 41           301 (     1)                 SBCI    R17, 16
20F7-10 42           302 (     1)                 SBCI    R17, 32
20F8-10 44           303 (     1)                 SBCI    R17, 64
20F9-10 48           304 (     1)                 SBCI    R17, 128
20FA-21 40           305 (     1)                 SBCI    R18, 1
20FB-41 40           306 (     1)                 SBCI    R20, 1
20FC-81 40           307 (     1)                 SBCI    R24, 1
20FD-                308
20FD-01 97           309 (     2)                 SBIW    R24, 1      Constant value is not checked on range
20FE-12 97           310 (     2)                 SBIW    R26, 2
20FF-24 97           311 (     2)                 SBIW    R28, 4
2100-38 97           312 (     2)                 SBIW    R30, 8
2101-40 97           313 (     2)                 SBIW    R24, 16
2102-90 97           314 (     2)                 SBIW    R26, 32
2103-21 97           315 (     2)                 SBIW    R28, 1
2104-32 97           316 (     2)                 SBIW    R30, 2
2105-04 97           317 (     2)                 SBIW    R24, 4
2106-18 97           318 (     2)                 SBIW    R26, 8
2107-60 97           319 (     2)                 SBIW    R28, 16
2108-B0 97           320 (     2)                 SBIW    R30, 32
2109-                321
2109-11 60           322 (     1)                 SBR     R17, 1
210A-12 60           323 (     1)                 SBR     R17, 2
210B-14 60           324 (     1)                 SBR     R17, 4
210C-18 60           325 (     1)                 SBR     R17, 8
210D-10 61           326 (     1)                 SBR     R17, 16
210E-10 62           327 (     1)                 SBR     R17, 32
210F-10 64           328 (     1)                 SBR     R17, 64
2110-10 68           329 (     1)                 SBR     R17, 128
2111-21 60           330 (     1)                 SBR     R18, 1
2112-41 60           331 (     1)                 SBR     R20, 1
2113-81 60           332 (     1)                 SBR     R24, 1
2114-                333
2114-11 50           334 (     1)                 SUBI    R17, 1
2115-12 50           335 (     1)                 SUBI    R17, 2
2116-14 50           336 (     1)                 SUBI    R17, 4
2117-18 50           337 (     1)                 SUBI    R17, 8
2118-10 51           338 (     1)                 SUBI    R17, 16
2119-10 52           339 (     1)                 SUBI    R17, 32
211A-10 54           340 (     1)                 SUBI    R17, 64
211B-10 58           341 (     1)                 SUBI    R17, 128
211C-21 50           342 (     1)                 SUBI    R18, 1
211D-41 50           343 (     1)                 SUBI    R20, 1
211E-81 50           344 (     1)                 SUBI    R24, 1
211F-                345
211F-                346          ;---------------------------------------------------------------------------
211F-                347          ; Single register operand instructions
211F-                348          ;---------------------------------------------------------------------------
211F-                349
211F-15 94           350 (     1)                 ASR     R1
2120-25 94           351 (     1)                 ASR     R2
2121-45 94           352 (     1)                 ASR     R4
2122-85 94           353 (     1)                 ASR     R8
2123-05 95           354 (     1)                 ASR     R16
2124-                355
2124-11 24           356 (     1)                 CLR     R1
2125-22 24           357 (     1)                 CLR     R2
2126-44 24           358 (     1)                 CLR     R4
2127-88 24           359 (     1)                 CLR     R8
2128-00 27           360 (     1)                 CLR     R16
2129-                361
2129-10 94           362 (     1)                 COM     R1
212A-20 94           363 (     1)                 COM     R2
212B-40 94           364 (     1)                 COM     R4
212C-80 94           365 (     1)                 COM     R8
212D-00 95           366 (     1)                 COM     R16
212E-                367
212E-1A 94           368 (     1)                 DEC     R1
212F-2A 94           369 (     1)                 DEC     R2
2130-4A 94           370 (     1)                 DEC     R4
2131-8A 94           371 (     1)                 DEC     R8
2132-0A 95           372 (     1)                 DEC     R16
2133-                373
2133-13 94           374 (     1)                 INC     R1
2134-23 94           375 (     1)                 INC     R2
2135-43 94           376 (     1)                 INC     R4
2136-83 94           377 (     1)                 INC     R8
2137-03 95           378 (     1)                 INC     R16
2138-                379
2138-16 92           380 (     2)                 LAC     R1          from second revision silicon - AU,B,C parts
2139-26 92           381 (     2)                 LAC     R2
213A-46 92           382 (     2)                 LAC     R4
213B-86 92           383 (     2)                 LAC     R8
213C-06 93           384 (     2)                 LAC     R16
213D-                385
213D-15 92           386 (     2)                 LAS     R1          from second revision silicon - AU,B,C parts
213E-25 92           387 (     2)                 LAS     R2
213F-45 92           388 (     2)                 LAS     R4
2140-85 92           389 (     2)                 LAS     R8
2141-05 93           390 (     2)                 LAS     R16
2142-                391
2142-17 92           392 (     2)                 LAT     R1          from second revision silicon - AU,B,C parts
2143-27 92           393 (     2)                 LAT     R2
2144-47 92           394 (     2)                 LAT     R4
2145-87 92           395 (     2)                 LAT     R8
2146-07 93           396 (     2)                 LAT     R16
2147-                397
2147-14 92           398 (     2)                 XCH     R1          from second revision silicon - AU,B,C parts
2148-24 92           399 (     2)                 XCH     R2
2149-44 92           400 (     2)                 XCH     R4
214A-84 92           401 (     2)                 XCH     R8
214B-04 93           402 (     2)                 XCH     R16
214C-                403
214C-11 0C           404 (     1)                 LSL     R1
214D-22 0C           405 (     1)                 LSL     R2
214E-44 0C           406 (     1)                 LSL     R4
214F-88 0C           407 (     1)                 LSL     R8
2150-00 0F           408 (     1)                 LSL     R16
2151-                409
2151-16 94           410 (     1)                 LSR     R1
2152-26 94           411 (     1)                 LSR     R2
2153-46 94           412 (     1)                 LSR     R4
2154-86 94           413 (     1)                 LSR     R8
2155-06 95           414 (     1)                 LSR     R16
2156-                415
2156-11 94           416 (     1)                 NEG     R1
2157-21 94           417 (     1)                 NEG     R2
2158-41 94           418 (     1)                 NEG     R4
2159-81 94           419 (     1)                 NEG     R8
215A-01 95           420 (     1)                 NEG     R16
215B-                421
215B-1F 90           422 (     2)                 POP     R1
215C-2F 90           423 (     2)                 POP     R2
215D-4F 90           424 (     2)                 POP     R4
215E-8F 90           425 (     2)                 POP     R8
215F-0F 91           426 (     2)                 POP     R16
2160-                427
2160-1F 92           428 (   1/2)                 PUSH    R1
2161-2F 92           429 (   1/2)                 PUSH    R2
2162-4F 92           430 (   1/2)                 PUSH    R4
2163-8F 92           431 (   1/2)                 PUSH    R8
2164-0F 93           432 (   1/2)                 PUSH    R16
2165-                433
2165-11 1C           434 (     1)                 ROL     R1
2166-22 1C           435 (     1)                 ROL     R2
2167-44 1C           436 (     1)                 ROL     R4
2168-88 1C           437 (     1)                 ROL     R8
2169-00 1F           438 (     1)                 ROL     R16
216A-                439
216A-17 94           440 (     1)                 ROR     R1
216B-27 94           441 (     1)                 ROR     R2
216C-47 94           442 (     1)                 ROR     R4
216D-87 94           443 (     1)                 ROR     R8
216E-07 95           444 (     1)                 ROR     R16
216F-                445
216F-1F EF           446 (     1)                 SER     R17
2170-2F EF           447 (     1)                 SER     R18
2171-4F EF           448 (     1)                 SER     R20
2172-8F EF           449 (     1)                 SER     R24
2173-                450
2173-12 94           451 (     1)                 SWAP    R1
2174-22 94           452 (     1)                 SWAP    R2
2175-42 94           453 (     1)                 SWAP    R4
2176-82 94           454 (     1)                 SWAP    R8
2177-02 95           455 (     1)                 SWAP    R16
2178-                456
2178-11 20           457 (     1)                 TST     R1
2179-22 20           458 (     1)                 TST     R2
217A-44 20           459 (     1)                 TST     R4
217B-88 20           460 (     1)                 TST     R8
217C-00 23           461 (     1)                 TST     R16
217D-                462
217D-                463          ;---------------------------------------------------------------------------
217D-                464          ; Branch instructions
217D-                465          ;---------------------------------------------------------------------------
217D-                466
217D-01 F6           467 (   1/2)                 BRBC    1,$+1-64
217E-01 F7           468 (   1/2)                 BRBC    1,$+1-32
217F-81 F7           469 (   1/2)                 BRBC    1,$+1-16
2180-C1 F7           470 (   1/2)                 BRBC    1,$+1-8
2181-E1 F7           471 (   1/2)                 BRBC    1,$+1-4
2182-F1 F7           472 (   1/2)                 BRBC    1,$+1-2
2183-01 F4           473 (   1/2)                 BRBC    1,$+1
2184-09 F4           474 (   1/2)                 BRBC    1,$+1+1
2185-11 F4           475 (   1/2)                 BRBC    1,$+1+2
2186-21 F4           476 (   1/2)                 BRBC    1,$+1+4
2187-41 F4           477 (   1/2)                 BRBC    1,$+1+8
2188-81 F4           478 (   1/2)                 BRBC    1,$+1+16
2189-01 F5           479 (   1/2)                 BRBC    1,$+1+32
218A-02 F4           480 (   1/2)                 BRBC    2,$+1
218B-04 F4           481 (   1/2)                 BRBC    4,$+1
218C-                482
218C-01 F2           483 (   1/2)                 BRBS    1,$+1-64
218D-01 F3           484 (   1/2)                 BRBS    1,$+1-32
218E-81 F3           485 (   1/2)                 BRBS    1,$+1-16
218F-C1 F3           486 (   1/2)                 BRBS    1,$+1-8
2190-E1 F3           487 (   1/2)                 BRBS    1,$+1-4
2191-F1 F3           488 (   1/2)                 BRBS    1,$+1-2
2192-01 F0           489 (   1/2)                 BRBS    1,$+1
2193-09 F0           490 (   1/2)                 BRBS    1,$+1+1
2194-11 F0           491 (   1/2)                 BRBS    1,$+1+2
2195-21 F0           492 (   1/2)                 BRBS    1,$+1+4
2196-41 F0           493 (   1/2)                 BRBS    1,$+1+8
2197-81 F0           494 (   1/2)                 BRBS    1,$+1+16
2198-01 F1           495 (   1/2)                 BRBS    1,$+1+32
2199-02 F0           496 (   1/2)                 BRBS    2,$+1
219A-04 F0           497 (   1/2)                 BRBS    4,$+1
219B-                498
219B-00 F6           499 (   1/2)                 BRCC    $+1-64
219C-00 F7           500 (   1/2)                 BRCC    $+1-32
219D-80 F7           501 (   1/2)                 BRCC    $+1-16
219E-C0 F7           502 (   1/2)                 BRCC    $+1-8
219F-E0 F7           503 (   1/2)                 BRCC    $+1-4
21A0-F0 F7           504 (   1/2)                 BRCC    $+1-2
21A1-00 F4           505 (   1/2)                 BRCC    $+1
21A2-08 F4           506 (   1/2)                 BRCC    $+1+1
21A3-10 F4           507 (   1/2)                 BRCC    $+1+2
21A4-20 F4           508 (   1/2)                 BRCC    $+1+4
21A5-40 F4           509 (   1/2)                 BRCC    $+1+8
21A6-80 F4           510 (   1/2)                 BRCC    $+1+16
21A7-00 F5           511 (   1/2)                 BRCC    $+1+32
21A8-                512
21A8-00 F2           513 (   1/2)                 BRCS    $+1-64
21A9-00 F3           514 (   1/2)                 BRCS    $+1-32
21AA-80 F3           515 (   1/2)                 BRCS    $+1-16
21AB-C0 F3           516 (   1/2)                 BRCS    $+1-8
21AC-E0 F3           517 (   1/2)                 BRCS    $+1-4
21AD-F0 F3           518 (   1/2)                 BRCS    $+1-2
21AE-00 F0           519 (   1/2)                 BRCS    $+1
21AF-08 F0           520 (   1/2)                 BRCS    $+1+1
21B0-10 F0           521 (   1/2)                 BRCS    $+1+2
21B1-20 F0           522 (   1/2)                 BRCS    $+1+4
21B2-40 F0           523 (   1/2)                 BRCS    $+1+8
21B3-80 F0           524 (   1/2)                 BRCS    $+1+16
21B4-00 F1           525 (   1/2)                 BRCS    $+1+32
21B5-                526
21B5-01 F2           527 (   1/2)                 BREQ    $+1-64
21B6-01 F3           528 (   1/2)                 BREQ    $+1-32
21B7-81 F3           529 (   1/2)                 BREQ    $+1-16
21B8-C1 F3           530 (   1/2)                 BREQ    $+1-8
21B9-E1 F3           531 (   1/2)                 BREQ    $+1-4
21BA-F1 F3           532 (   1/2)                 BREQ    $+1-2
21BB-01 F0           533 (   1/2)                 BREQ    $+1
21BC-09 F0           534 (   1/2)                 BREQ    $+1+1
21BD-11 F0           535 (   1/2)                 BREQ    $+1+2
21BE-21 F0           536 (   1/2)                 BREQ    $+1+4
21BF-41 F0           537 (   1/2)                 BREQ    $+1+8
21C0-81 F0           538 (   1/2)                 BREQ    $+1+16
21C1-01 F1           539 (   1/2)                 BREQ    $+1+32
21C2-                540
21C2-04 F6           541 (   1/2)                 BRGE    $+1-64
21C3-04 F7           542 (   1/2)                 BRGE    $+1-32
21C4-84 F7           543 (   1/2)                 BRGE    $+1-16
21C5-C4 F7           544 (   1/2)                 BRGE    $+1-8
21C6-E4 F7           545 (   1/2)                 BRGE    $+1-4
21C7-F4 F7           546 (   1/2)                 BRGE    $+1-2
21C8-04 F4           547 (   1/2)                 BRGE    $+1
21C9-0C F4           548 (   1/2)                 BRGE    $+1+1
21CA-14 F4           549 (   1/2)                 BRGE    $+1+2
21CB-24 F4           550 (   1/2)                 BRGE    $+1+4
21CC-44 F4           551 (   1/2)                 BRGE    $+1+8
21CD-84 F4           552 (   1/2)                 BRGE    $+1+16
21CE-04 F5           553 (   1/2)                 BRGE    $+1+32
21CF-                554
21CF-05 F6           555 (   1/2)                 BRHC    $+1-64
21D0-05 F7           556 (   1/2)                 BRHC    $+1-32
21D1-85 F7           557 (   1/2)                 BRHC    $+1-16
21D2-C5 F7           558 (   1/2)                 BRHC    $+1-8
21D3-E5 F7           559 (   1/2)                 BRHC    $+1-4
21D4-F5 F7           560 (   1/2)                 BRHC    $+1-2
21D5-05 F4           561 (   1/2)                 BRHC    $+1
21D6-0D F4           562 (   1/2)                 BRHC    $+1+1
21D7-15 F4           563 (   1/2)                 BRHC    $+1+2
21D8-25 F4           564 (   1/2)                 BRHC    $+1+4
21D9-45 F4           565 (   1/2)                 BRHC    $+1+8
21DA-85 F4           566 (   1/2)                 BRHC    $+1+16
21DB-05 F5           567 (   1/2)                 BRHC    $+1+32
21DC-                568
21DC-05 F2           569 (   1/2)                 BRHS    $+1-64
21DD-05 F3           570 (   1/2)                 BRHS    $+1-32
21DE-85 F3           571 (   1/2)                 BRHS    $+1-16
21DF-C5 F3           572 (   1/2)                 BRHS    $+1-8
21E0-E5 F3           573 (   1/2)                 BRHS    $+1-4
21E1-F5 F3           574 (   1/2)                 BRHS    $+1-2
21E2-05 F0           575 (   1/2)                 BRHS    $+1
21E3-0D F0           576 (   1/2)                 BRHS    $+1+1
21E4-15 F0           577 (   1/2)                 BRHS    $+1+2
21E5-25 F0           578 (   1/2)                 BRHS    $+1+4
21E6-45 F0           579 (   1/2)                 BRHS    $+1+8
21E7-85 F0           580 (   1/2)                 BRHS    $+1+16
21E8-05 F1           581 (   1/2)                 BRHS    $+1+32
21E9-                582
21E9-07 F6           583 (   1/2)                 BRID    $+1-64
21EA-07 F7           584 (   1/2)                 BRID    $+1-32
21EB-87 F7           585 (   1/2)                 BRID    $+1-16
21EC-C7 F7           586 (   1/2)                 BRID    $+1-8
21ED-E7 F7           587 (   1/2)                 BRID    $+1-4
21EE-F7 F7           588 (   1/2)                 BRID    $+1-2
21EF-07 F4           589 (   1/2)                 BRID    $+1
21F0-0F F4           590 (   1/2)                 BRID    $+1+1
21F1-17 F4           591 (   1/2)                 BRID    $+1+2
21F2-27 F4           592 (   1/2)                 BRID    $+1+4
21F3-47 F4           593 (   1/2)                 BRID    $+1+8
21F4-87 F4           594 (   1/2)                 BRID    $+1+16
21F5-07 F5           595 (   1/2)                 BRID    $+1+32
21F6-                596
21F6-07 F2           597 (   1/2)                 BRIE    $+1-64
21F7-07 F3           598 (   1/2)                 BRIE    $+1-32
21F8-87 F3           599 (   1/2)                 BRIE    $+1-16
21F9-C7 F3           600 (   1/2)                 BRIE    $+1-8
21FA-E7 F3           601 (   1/2)                 BRIE    $+1-4
21FB-F7 F3           602 (   1/2)                 BRIE    $+1-2
21FC-07 F0           603 (   1/2)                 BRIE    $+1
21FD-0F F0           604 (   1/2)                 BRIE    $+1+1
21FE-17 F0           605 (   1/2)                 BRIE    $+1+2
21FF-27 F0           606 (   1/2)                 BRIE    $+1+4
2200-47 F0           607 (   1/2)                 BRIE    $+1+8
2201-87 F0           608 (   1/2)                 BRIE    $+1+16
2202-07 F1           609 (   1/2)                 BRIE    $+1+32
2203-                610
2203-00 F2           611 (   1/2)                 BRLO    $+1-64
2204-00 F3           612 (   1/2)                 BRLO    $+1-32
2205-80 F3           613 (   1/2)                 BRLO    $+1-16
2206-C0 F3           614 (   1/2)                 BRLO    $+1-8
2207-E0 F3           615 (   1/2)                 BRLO    $+1-4
2208-F0 F3           616 (   1/2)                 BRLO    $+1-2
2209-00 F0           617 (   1/2)                 BRLO    $+1
220A-08 F0           618 (   1/2)                 BRLO    $+1+1
220B-10 F0           619 (   1/2)                 BRLO    $+1+2
220C-20 F0           620 (   1/2)                 BRLO    $+1+4
220D-40 F0           621 (   1/2)                 BRLO    $+1+8
220E-80 F0           622 (   1/2)                 BRLO    $+1+16
220F-00 F1           623 (   1/2)                 BRLO    $+1+32
2210-                624
2210-04 F2           625 (   1/2)                 BRLT    $+1-64
2211-04 F3           626 (   1/2)                 BRLT    $+1-32
2212-84 F3           627 (   1/2)                 BRLT    $+1-16
2213-C4 F3           628 (   1/2)                 BRLT    $+1-8
2214-E4 F3           629 (   1/2)                 BRLT    $+1-4
2215-F4 F3           630 (   1/2)                 BRLT    $+1-2
2216-04 F0           631 (   1/2)                 BRLT    $+1
2217-0C F0           632 (   1/2)                 BRLT    $+1+1
2218-14 F0           633 (   1/2)                 BRLT    $+1+2
2219-24 F0           634 (   1/2)                 BRLT    $+1+4
221A-44 F0           635 (   1/2)                 BRLT    $+1+8
221B-84 F0           636 (   1/2)                 BRLT    $+1+16
221C-04 F1           637 (   1/2)                 BRLT    $+1+32
221D-                638
221D-02 F2           639 (   1/2)                 BRMI    $+1-64
221E-02 F3           640 (   1/2)                 BRMI    $+1-32
221F-82 F3           641 (   1/2)                 BRMI    $+1-16
2220-C2 F3           642 (   1/2)                 BRMI    $+1-8
2221-E2 F3           643 (   1/2)                 BRMI    $+1-4
2222-F2 F3           644 (   1/2)                 BRMI    $+1-2
2223-02 F0           645 (   1/2)                 BRMI    $+1
2224-0A F0           646 (   1/2)                 BRMI    $+1+1
2225-12 F0           647 (   1/2)                 BRMI    $+1+2
2226-22 F0           648 (   1/2)                 BRMI    $+1+4
2227-42 F0           649 (   1/2)                 BRMI    $+1+8
2228-82 F0           650 (   1/2)                 BRMI    $+1+16
2229-02 F1           651 (   1/2)                 BRMI    $+1+32
222A-                652
222A-01 F6           653 (   1/2)                 BRNE    $+1-64
222B-01 F7           654 (   1/2)                 BRNE    $+1-32
222C-81 F7           655 (   1/2)                 BRNE    $+1-16
222D-C1 F7           656 (   1/2)                 BRNE    $+1-8
222E-E1 F7           657 (   1/2)                 BRNE    $+1-4
222F-F1 F7           658 (   1/2)                 BRNE    $+1-2
2230-01 F4           659 (   1/2)                 BRNE    $+1
2231-09 F4           660 (   1/2)                 BRNE    $+1+1
2232-11 F4           661 (   1/2)                 BRNE    $+1+2
2233-21 F4           662 (   1/2)                 BRNE    $+1+4
2234-41 F4           663 (   1/2)                 BRNE    $+1+8
2235-81 F4           664 (   1/2)                 BRNE    $+1+16
2236-01 F5           665 (   1/2)                 BRNE    $+1+32
2237-                666
2237-02 F6           667 (   1/2)                 BRPL    $+1-64
2238-02 F7           668 (   1/2)                 BRPL    $+1-32
2239-82 F7           669 (   1/2)                 BRPL    $+1-16
223A-C2 F7           670 (   1/2)                 BRPL    $+1-8
223B-E2 F7           671 (   1/2)                 BRPL    $+1-4
223C-F2 F7           672 (   1/2)                 BRPL    $+1-2
223D-02 F4           673 (   1/2)                 BRPL    $+1
223E-0A F4           674 (   1/2)                 BRPL    $+1+1
223F-12 F4           675 (   1/2)                 BRPL    $+1+2
2240-22 F4           676 (   1/2)                 BRPL    $+1+4
2241-42 F4           677 (   1/2)                 BRPL    $+1+8
2242-82 F4           678 (   1/2)                 BRPL    $+1+16
2243-02 F5           679 (   1/2)                 BRPL    $+1+32
2244-                680
2244-00 F6           681 (   1/2)                 BRSH    $+1-64
2245-00 F7           682 (   1/2)                 BRSH    $+1-32
2246-80 F7           683 (   1/2)                 BRSH    $+1-16
2247-C0 F7           684 (   1/2)                 BRSH    $+1-8
2248-E0 F7           685 (   1/2)                 BRSH    $+1-4
2249-F0 F7           686 (   1/2)                 BRSH    $+1-2
224A-00 F4           687 (   1/2)                 BRSH    $+1
224B-08 F4           688 (   1/2)                 BRSH    $+1+1
224C-10 F4           689 (   1/2)                 BRSH    $+1+2
224D-20 F4           690 (   1/2)                 BRSH    $+1+4
224E-40 F4           691 (   1/2)                 BRSH    $+1+8
224F-80 F4           692 (   1/2)                 BRSH    $+1+16
2250-00 F5           693 (   1/2)                 BRSH    $+1+32
2251-                694
2251-06 F6           695 (   1/2)                 BRTC    $+1-64
2252-06 F7           696 (   1/2)                 BRTC    $+1-32
2253-86 F7           697 (   1/2)                 BRTC    $+1-16
2254-C6 F7           698 (   1/2)                 BRTC    $+1-8
2255-E6 F7           699 (   1/2)                 BRTC    $+1-4
2256-F6 F7           700 (   1/2)                 BRTC    $+1-2
2257-06 F4           701 (   1/2)                 BRTC    $+1
2258-0E F4           702 (   1/2)                 BRTC    $+1+1
2259-16 F4           703 (   1/2)                 BRTC    $+1+2
225A-26 F4           704 (   1/2)                 BRTC    $+1+4
225B-46 F4           705 (   1/2)                 BRTC    $+1+8
225C-86 F4           706 (   1/2)                 BRTC    $+1+16
225D-06 F5           707 (   1/2)                 BRTC    $+1+32
225E-                708
225E-06 F2           709 (   1/2)                 BRTS    $+1-64
225F-06 F3           710 (   1/2)                 BRTS    $+1-32
2260-86 F3           711 (   1/2)                 BRTS    $+1-16
2261-C6 F3           712 (   1/2)                 BRTS    $+1-8
2262-E6 F3           713 (   1/2)                 BRTS    $+1-4
2263-F6 F3           714 (   1/2)                 BRTS    $+1-2
2264-06 F0           715 (   1/2)                 BRTS    $+1
2265-0E F0           716 (   1/2)                 BRTS    $+1+1
2266-16 F0           717 (   1/2)                 BRTS    $+1+2
2267-26 F0           718 (   1/2)                 BRTS    $+1+4
2268-46 F0           719 (   1/2)                 BRTS    $+1+8
2269-86 F0           720 (   1/2)                 BRTS    $+1+16
226A-06 F1           721 (   1/2)                 BRTS    $+1+32
226B-                722
226B-03 F6           723 (   1/2)                 BRVC    $+1-64
226C-03 F7           724 (   1/2)                 BRVC    $+1-32
226D-83 F7           725 (   1/2)                 BRVC    $+1-16
226E-C3 F7           726 (   1/2)                 BRVC    $+1-8
226F-E3 F7           727 (   1/2)                 BRVC    $+1-4
2270-F3 F7           728 (   1/2)                 BRVC    $+1-2
2271-03 F4           729 (   1/2)                 BRVC    $+1
2272-0B F4           730 (   1/2)                 BRVC    $+1+1
2273-13 F4           731 (   1/2)                 BRVC    $+1+2
2274-23 F4           732 (   1/2)                 BRVC    $+1+4
2275-43 F4           733 (   1/2)                 BRVC    $+1+8
2276-83 F4           734 (   1/2)                 BRVC    $+1+16
2277-03 F5           735 (   1/2)                 BRVC    $+1+32
2278-                736
2278-03 F2           737 (   1/2)                 BRVS    $+1-64
2279-03 F3           738 (   1/2)                 BRVS    $+1-32
227A-83 F3           739 (   1/2)                 BRVS    $+1-16
227B-C3 F3           740 (   1/2)                 BRVS    $+1-8
227C-E3 F3           741 (   1/2)                 BRVS    $+1-4
227D-F3 F3           742 (   1/2)                 BRVS    $+1-2
227E-03 F0           743 (   1/2)                 BRVS    $+1
227F-0B F0           744 (   1/2)                 BRVS    $+1+1
2280-13 F0           745 (   1/2)                 BRVS    $+1+2
2281-23 F0           746 (   1/2)                 BRVS    $+1+4
2282-43 F0           747 (   1/2)                 BRVS    $+1+8
2283-83 F0           748 (   1/2)                 BRVS    $+1+16
2284-03 F1           749 (   1/2)                 BRVS    $+1+32
2285-                750
2285-                751          ;---------------------------------------------------------------------------
2285-                752          ; Jump and CALL instructions
2285-                753          ;---------------------------------------------------------------------------
2285-                754
2285-00 D8           755 ( 2/3/4)                 RCALL   $+1-2048
2286-00 DC           756 ( 2/3/4)                 RCALL   $+1-1024
2287-00 DE           757 ( 2/3/4)                 RCALL   $+1-512
2288-00 DF           758 ( 2/3/4)                 RCALL   $+1-256
2289-80 DF           759 ( 2/3/4)                 RCALL   $+1-128
228A-C0 DF           760 ( 2/3/4)                 RCALL   $+1-64
228B-E0 DF           761 ( 2/3/4)                 RCALL   $+1-32
228C-F0 DF           762 ( 2/3/4)                 RCALL   $+1-16
228D-F8 DF           763 ( 2/3/4)                 RCALL   $+1-8
228E-FC DF           764 ( 2/3/4)                 RCALL   $+1-4
228F-FE DF           765 ( 2/3/4)                 RCALL   $+1-2
2290-00 D0           766 ( 2/3/4)                 RCALL   $+1
2291-01 D0           767 ( 2/3/4)                 RCALL   $+1+1
2292-02 D0           768 ( 2/3/4)                 RCALL   $+1+2
2293-04 D0           769 ( 2/3/4)                 RCALL   $+1+4
2294-08 D0           770 ( 2/3/4)                 RCALL   $+1+8
2295-10 D0           771 ( 2/3/4)                 RCALL   $+1+16
2296-20 D0           772 ( 2/3/4)                 RCALL   $+1+32
2297-40 D0           773 ( 2/3/4)                 RCALL   $+1+64
2298-80 D0           774 ( 2/3/4)                 RCALL   $+1+128
2299-00 D1           775 ( 2/3/4)                 RCALL   $+1+256
229A-00 D2           776 ( 2/3/4)                 RCALL   $+1+512
229B-00 D4           777 ( 2/3/4)                 RCALL   $+1+1024
229C-                778
229C-00 C8           779 (     2)                 RJMP    $+1-2048
229D-00 CC           780 (     2)                 RJMP    $+1-1024
229E-00 CE           781 (     2)                 RJMP    $+1-512
229F-00 CF           782 (     2)                 RJMP    $+1-256
22A0-80 CF           783 (     2)                 RJMP    $+1-128
22A1-C0 CF           784 (     2)                 RJMP    $+1-64
22A2-E0 CF           785 (     2)                 RJMP    $+1-32
22A3-F0 CF           786 (     2)                 RJMP    $+1-16
22A4-F8 CF           787 (     2)                 RJMP    $+1-8
22A5-FC CF           788 (     2)                 RJMP    $+1-4
22A6-FE CF           789 (     2)                 RJMP    $+1-2
22A7-00 C0           790 (     2)                 RJMP    $+1
22A8-01 C0           791 (     2)                 RJMP    $+1+1
22A9-02 C0           792 (     2)                 RJMP    $+1+2
22AA-04 C0           793 (     2)                 RJMP    $+1+4
22AB-08 C0           794 (     2)                 RJMP    $+1+8
22AC-10 C0           795 (     2)                 RJMP    $+1+16
22AD-20 C0           796 (     2)                 RJMP    $+1+32
22AE-40 C0           797 (     2)                 RJMP    $+1+64
22AF-80 C0           798 (     2)                 RJMP    $+1+128
22B0-00 C1           799 (     2)                 RJMP    $+1+256
22B1-00 C2           800 (     2)                 RJMP    $+1+512
22B2-00 C4           801 (     2)                 RJMP    $+1+1024
22B3-                802
22B3-0E 94 01 00     803 ( 3/4/5)                 CALL    $000001
22B5-0E 94 02 00     804 ( 3/4/5)                 CALL    $000002
22B7-0E 94 04 00     805 ( 3/4/5)                 CALL    $000004
22B9-0E 94 08 00     806 ( 3/4/5)                 CALL    $000008
22BB-0E 94 10 00     807 ( 3/4/5)                 CALL    $000010
22BD-0E 94 20 00     808 ( 3/4/5)                 CALL    $000020
22BF-0E 94 40 00     809 ( 3/4/5)                 CALL    $000040
22C1-0E 94 80 00     810 ( 3/4/5)                 CALL    $000080
22C3-0E 94 00 01     811 ( 3/4/5)                 CALL    $000100
22C5-0E 94 00 02     812 ( 3/4/5)                 CALL    $000200
22C7-0E 94 00 04     813 ( 3/4/5)                 CALL    $000400
22C9-0E 94 00 08     814 ( 3/4/5)                 CALL    $000800
22CB-0E 94 00 10     815 ( 3/4/5)                 CALL    $001000
22CD-0E 94 00 20     816 ( 3/4/5)                 CALL    $002000
22CF-0E 94 00 40     817 ( 3/4/5)                 CALL    $004000
22D1-0E 94 00 80     818 ( 3/4/5)                 CALL    $008000
22D3-0F 94 00 00     819 ( 3/4/5)                 CALL    $010000
22D5-1E 94 00 00     820 ( 3/4/5)                 CALL    $020000
22D7-2E 94 00 00     821 ( 3/4/5)                 CALL    $040000
22D9-4E 94 00 00     822 ( 3/4/5)                 CALL    $080000
22DB-8E 94 00 00     823 ( 3/4/5)                 CALL    $100000
22DD-0E 95 00 00     824 ( 3/4/5)                 CALL    $200000
22DF-                825
22DF-0C 94 01 00     826 (     3)                 JMP     $000001
22E1-0C 94 02 00     827 (     3)                 JMP     $000002
22E3-0C 94 04 00     828 (     3)                 JMP     $000004
22E5-0C 94 08 00     829 (     3)                 JMP     $000008
22E7-0C 94 10 00     830 (     3)                 JMP     $000010
22E9-0C 94 20 00     831 (     3)                 JMP     $000020
22EB-0C 94 40 00     832 (     3)                 JMP     $000040
22ED-0C 94 80 00     833 (     3)                 JMP     $000080
22EF-0C 94 00 01     834 (     3)                 JMP     $000100
22F1-0C 94 00 02     835 (     3)                 JMP     $000200
22F3-0C 94 00 04     836 (     3)                 JMP     $000400
22F5-0C 94 00 08     837 (     3)                 JMP     $000800
22F7-0C 94 00 10     838 (     3)                 JMP     $001000
22F9-0C 94 00 20     839 (     3)                 JMP     $002000
22FB-0C 94 00 40     840 (     3)                 JMP     $004000
22FD-0C 94 00 80     841 (     3)                 JMP     $008000
22FF-0D 94 00 00     842 (     3)                 JMP     $010000
2301-1C 94 00 00     843 (     3)                 JMP     $020000
2303-2C 94 00 00     844 (     3)                 JMP     $040000
2305-4C 94 00 00     845 (     3)                 JMP     $080000
2307-8C 94 00 00     846 (     3)                 JMP     $100000
2309-0C 95 00 00     847 (     3)                 JMP     $200000
230B-                848
230B-                849          ;---------------------------------------------------------------------------
230B-                850          ; Register bit operand instructions
230B-                851          ;---------------------------------------------------------------------------
230B-                852
230B-11 F8           853 (     1)                 BLD     R1, 1
230C-12 F8           854 (     1)                 BLD     R1, 2
230D-14 F8           855 (     1)                 BLD     R1, 4
230E-21 F8           856 (     1)                 BLD     R2, 1
230F-41 F8           857 (     1)                 BLD     R4, 1
2310-81 F8           858 (     1)                 BLD     R8, 1
2311-01 F9           859 (     1)                 BLD     R16, 1
2312-                860
2312-11 FA           861 (     1)                 BST     R1, 1
2313-12 FA           862 (     1)                 BST     R1, 2
2314-14 FA           863 (     1)                 BST     R1, 4
2315-21 FA           864 (     1)                 BST     R2, 1
2316-41 FA           865 (     1)                 BST     R4, 1
2317-81 FA           866 (     1)                 BST     R8, 1
2318-01 FB           867 (     1)                 BST     R16, 1
2319-                868
2319-11 FC           869 ( 1/2/3)                 SBRC    R1, 1
231A-12 FC           870 ( 1/2/3)                 SBRC    R1, 2
231B-14 FC           871 ( 1/2/3)                 SBRC    R1, 4
231C-21 FC           872 ( 1/2/3)                 SBRC    R2, 1
231D-41 FC           873 ( 1/2/3)                 SBRC    R4, 1
231E-81 FC           874 ( 1/2/3)                 SBRC    R8, 1
231F-01 FD           875 ( 1/2/3)                 SBRC    R16, 1
2320-                876
2320-11 FE           877 ( 1/2/3)                 SBRS    R1, 1
2321-12 FE           878 ( 1/2/3)                 SBRS    R1, 2
2322-14 FE           879 ( 1/2/3)                 SBRS    R1, 4
2323-21 FE           880 ( 1/2/3)                 SBRS    R2, 1
2324-41 FE           881 ( 1/2/3)                 SBRS    R4, 1
2325-81 FE           882 ( 1/2/3)                 SBRS    R8, 1
2326-01 FF           883 ( 1/2/3)                 SBRS    R16, 1
2327-                884
2327-                885          ;---------------------------------------------------------------------------
2327-                886          ; I/O bit operand instructions
2327-                887          ;---------------------------------------------------------------------------
2327-                888
2327-09 98           889 (   1/2)                 CBI     1, 1
2328-0A 98           890 (   1/2)                 CBI     1, 2
2329-0C 98           891 (   1/2)                 CBI     1, 4
232A-11 98           892 (   1/2)                 CBI     2, 1
232B-21 98           893 (   1/2)                 CBI     4, 1
232C-41 98           894 (   1/2)                 CBI     8, 1
232D-81 98           895 (   1/2)                 CBI     16, 1
232E-                896
232E-09 9A           897 (   1/2)                 SBI     1, 1
232F-0A 9A           898 (   1/2)                 SBI     1, 2
2330-0C 9A           899 (   1/2)                 SBI     1, 4
2331-11 9A           900 (   1/2)                 SBI     2, 1
2332-21 9A           901 (   1/2)                 SBI     4, 1
2333-41 9A           902 (   1/2)                 SBI     8, 1
2334-81 9A           903 (   1/2)                 SBI     16, 1
2335-                904
2335-09 99           905 (2/3/4*)                 SBIC    1, 1
2336-0A 99           906 (2/3/4*)                 SBIC    1, 2
2337-0C 99           907 (2/3/4*)                 SBIC    1, 4
2338-11 99           908 (2/3/4*)                 SBIC    2, 1
2339-21 99           909 (2/3/4*)                 SBIC    4, 1
233A-41 99           910 (2/3/4*)                 SBIC    8, 1
233B-81 99           911 (2/3/4*)                 SBIC    16, 1
233C-                912
233C-09 9B           913 (2/3/4*)                 SBIS    1, 1
233D-0A 9B           914 (2/3/4*)                 SBIS    1, 2
233E-0C 9B           915 (2/3/4*)                 SBIS    1, 4
233F-11 9B           916 (2/3/4*)                 SBIS    2, 1
2340-21 9B           917 (2/3/4*)                 SBIS    4, 1
2341-41 9B           918 (2/3/4*)                 SBIS    8, 1
2342-81 9B           919 (2/3/4*)                 SBIS    16, 1
2343-                920
2343-                921          ;---------------------------------------------------------------------------
2343-                922          ; LD and ST instructions
2343-                923          ;---------------------------------------------------------------------------
2343-                924
2343-1C 90           925 ( 1/2/3)                 LD      R1, X
2344-2C 90           926 ( 1/2/3)                 LD      R2, X
2345-4C 90           927 ( 1/2/3)                 LD      R4, X
2346-8C 90           928 ( 1/2/3)                 LD      R8, X
2347-0C 91           929 ( 1/2/3)                 LD      R16, X
2348-1D 90           930 ( 1/2/3)                 LD      R1, X+
2349-2D 90           931 ( 1/2/3)                 LD      R2, X+
234A-4D 90           932 ( 1/2/3)                 LD      R4, X+
234B-8D 90           933 ( 1/2/3)                 LD      R8, X+
234C-0D 91           934 ( 1/2/3)                 LD      R16, X+
234D-1E 90           935 ( 1/2/3)                 LD      R1, -X
234E-2E 90           936 ( 1/2/3)                 LD      R2, -X
234F-4E 90           937 ( 1/2/3)                 LD      R4, -X
2350-8E 90           938 ( 1/2/3)                 LD      R8, -X
2351-0E 91           939 ( 1/2/3)                 LD      R16, -X
2352-                940
2352-18 80           941 ( 1/2/3)                 LD      R1, Y
2353-28 80           942 ( 1/2/3)                 LD      R2, Y
2354-48 80           943 ( 1/2/3)                 LD      R4, Y
2355-88 80           944 ( 1/2/3)                 LD      R8, Y
2356-08 81           945 ( 1/2/3)                 LD      R16, Y
2357-19 90           946 ( 1/2/3)                 LD      R1, Y+
2358-29 90           947 ( 1/2/3)                 LD      R2, Y+
2359-49 90           948 ( 1/2/3)                 LD      R4, Y+
235A-89 90           949 ( 1/2/3)                 LD      R8, Y+
235B-09 91           950 ( 1/2/3)                 LD      R16, Y+
235C-1A 90           951 ( 1/2/3)                 LD      R1, -Y
235D-2A 90           952 ( 1/2/3)                 LD      R2, -Y
235E-4A 90           953 ( 1/2/3)                 LD      R4, -Y
235F-8A 90           954 ( 1/2/3)                 LD      R8, -Y
2360-0A 91           955 ( 1/2/3)                 LD      R16, -Y
2361-                956
2361-19 80           957 ( 1/2/3)                 LDD     R1, Y+1
2362-29 80           958 ( 1/2/3)                 LDD     R2, Y+1
2363-49 80           959 ( 1/2/3)                 LDD     R4, Y+1
2364-89 80           960 ( 1/2/3)                 LDD     R8, Y+1
2365-09 81           961 ( 1/2/3)                 LDD     R16, Y+1
2366-1A 80           962 ( 1/2/3)                 LDD     R1, Y+2
2367-1C 80           963 ( 1/2/3)                 LDD     R1, Y+4
2368-18 84           964 ( 1/2/3)                 LDD     R1, Y+8
2369-18 88           965 ( 1/2/3)                 LDD     R1, Y+16
236A-18 A0           966 ( 1/2/3)                 LDD     R1, Y+32
236B-                967
236B-10 80           968 ( 1/2/3)                 LD      R1, Z
236C-20 80           969 ( 1/2/3)                 LD      R2, Z
236D-40 80           970 ( 1/2/3)                 LD      R4, Z
236E-80 80           971 ( 1/2/3)                 LD      R8, Z
236F-00 81           972 ( 1/2/3)                 LD      R16, Z
2370-11 90           973 ( 1/2/3)                 LD      R1, Z+
2371-21 90           974 ( 1/2/3)                 LD      R2, Z+
2372-41 90           975 ( 1/2/3)                 LD      R4, Z+
2373-81 90           976 ( 1/2/3)                 LD      R8, Z+
2374-01 91           977 ( 1/2/3)                 LD      R16, Z+
2375-12 90           978 ( 1/2/3)                 LD      R1, -Z
2376-22 90           979 ( 1/2/3)                 LD      R2, -Z
2377-42 90           980 ( 1/2/3)                 LD      R4, -Z
2378-82 90           981 ( 1/2/3)                 LD      R8, -Z
2379-02 91           982 ( 1/2/3)                 LD      R16, -Z
237A-                983
237A-11 80           984 ( 1/2/3)                 LDD     R1, Z+1
237B-21 80           985 ( 1/2/3)                 LDD     R2, Z+1
237C-41 80           986 ( 1/2/3)                 LDD     R4, Z+1
237D-81 80           987 ( 1/2/3)                 LDD     R8, Z+1
237E-01 81           988 ( 1/2/3)                 LDD     R16, Z+1
237F-12 80           989 ( 1/2/3)                 LDD     R1, Z+2
2380-14 80           990 ( 1/2/3)                 LDD     R1, Z+4
2381-10 84           991 ( 1/2/3)                 LDD     R1, Z+8
2382-10 88           992 ( 1/2/3)                 LDD     R1, Z+16
2383-10 A0           993 ( 1/2/3)                 LDD     R1, Z+32
2384-                994
2384-1C 92           995 (   1/2)                 ST      X, 1
2385-2C 92           996 (   1/2)                 ST      X, 2
2386-4C 92           997 (   1/2)                 ST      X, 4
2387-8C 92           998 (   1/2)                 ST      X, 8
2388-0C 93           999 (   1/2)                 ST      X, 16
2389-1D 92          1000 (   1/2)                 ST      X+, R1
238A-2D 92          1001 (   1/2)                 ST      X+, R2
238B-4D 92          1002 (   1/2)                 ST      X+, R4
238C-8D 92          1003 (   1/2)                 ST      X+, R8
238D-0D 93          1004 (   1/2)                 ST      X+, R16
238E-1E 92          1005 (   1/2)                 ST      -X, R1
238F-2E 92          1006 (   1/2)                 ST      -X, R2
2390-4E 92          1007 (   1/2)                 ST      -X, R4
2391-8E 92          1008 (   1/2)                 ST      -X, R8
2392-0E 93          1009 (   1/2)                 ST      -X, R16
2393-               1010
2393-18 82          1011 (   1/2)                 ST      Y, R1
2394-28 82          1012 (   1/2)                 ST      Y, R2
2395-48 82          1013 (   1/2)                 ST      Y, R4
2396-88 82          1014 (   1/2)                 ST      Y, R8
2397-08 83          1015 (   1/2)                 ST      Y, R16
2398-19 92          1016 (   1/2)                 ST      Y+, R1
2399-29 92          1017 (   1/2)                 ST      Y+, R2
239A-49 92          1018 (   1/2)                 ST      Y+, R4
239B-89 92          1019 (   1/2)                 ST      Y+, R8
239C-09 93          1020 (   1/2)                 ST      Y+, R16
239D-1A 92          1021 (   1/2)                 ST      -Y, R1
239E-2A 92          1022 (   1/2)                 ST      -Y, R2
239F-4A 92          1023 (   1/2)                 ST      -Y, R4
23A0-8A 92          1024 (   1/2)                 ST      -Y, R8
23A1-0A 93          1025 (   1/2)                 ST      -Y, R16
23A2-               1026
23A2-19 82          1027 (   1/2)                 STD     Y+1, R1
23A3-29 82          1028 (   1/2)                 STD     Y+1, R2
23A4-49 82          1029 (   1/2)                 STD     Y+1, R4
23A5-89 82          1030 (   1/2)                 STD     Y+1, R8
23A6-09 83          1031 (   1/2)                 STD     Y+1, R16
23A7-1A 82          1032 (   1/2)                 STD     Y+2, R1
23A8-1C 82          1033 (   1/2)                 STD     Y+4, R1
23A9-18 86          1034 (   1/2)                 STD     Y+8, R1
23AA-18 8A          1035 (   1/2)                 STD     Y+16, R1
23AB-18 A2          1036 (   1/2)                 STD     Y+32, R1
23AC-               1037
23AC-10 82          1038 (   1/2)                 ST      Z, R1
23AD-20 82          1039 (   1/2)                 ST      Z, R2
23AE-40 82          1040 (   1/2)                 ST      Z, R4
23AF-80 82          1041 (   1/2)                 ST      Z, R8
23B0-00 83          1042 (   1/2)                 ST      Z, R16
23B1-11 92          1043 (   1/2)                 ST      Z+, R1
23B2-21 92          1044 (   1/2)                 ST      Z+, R2
23B3-41 92          1045 (   1/2)                 ST      Z+, R4
23B4-81 92          1046 (   1/2)                 ST      Z+, R8
23B5-01 93          1047 (   1/2)                 ST      Z+, R16
23B6-12 92          1048 (   1/2)                 ST      -Z, R1
23B7-22 92          1049 (   1/2)                 ST      -Z, R2
23B8-42 92          1050 (   1/2)                 ST      -Z, R4
23B9-82 92          1051 (   1/2)                 ST      -Z, R8
23BA-02 93          1052 (   1/2)                 ST      -Z, R16
23BB-               1053
23BB-11 82          1054 (   1/2)                 STD     z+1, R1
23BC-21 82          1055 (   1/2)                 STD     z+1, R2
23BD-41 82          1056 (   1/2)                 STD     z+1, R4
23BE-81 82          1057 (   1/2)                 STD     z+1, R8
23BF-01 83          1058 (   1/2)                 STD     z+1, R16
23C0-12 82          1059 (   1/2)                 STD     z+2, R1
23C1-14 82          1060 (   1/2)                 STD     z+4, R1
23C2-10 86          1061 (   1/2)                 STD     z+8, R1
23C3-10 8A          1062 (   1/2)                 STD     z+16, R1
23C4-10 A2          1063 (   1/2)                 STD     z+32, R1
23C5-               1064
23C5-               1065          ;---------------------------------------------------------------------------
23C5-               1066          ; LDS and STS instructions
23C5-               1067          ;---------------------------------------------------------------------------
23C5-               1068
23C5-10 90 01 00    1069 (   2/3)                 LDS     R1, 1
23C7-20 90 01 00    1070 (   2/3)                 LDS     R2, 1
23C9-40 90 01 00    1071 (   2/3)                 LDS     R4, 1
23CB-80 90 01 00    1072 (   2/3)                 LDS     R8, 1
23CD-00 91 01 00    1073 (   2/3)                 LDS     R16, 1
23CF-10 90 02 00    1074 (   2/3)                 LDS     R1, 2
23D1-10 90 04 00    1075 (   2/3)                 LDS     R1, 4
23D3-10 90 08 00    1076 (   2/3)                 LDS     R1, 8
23D5-10 90 10 00    1077 (   2/3)                 LDS     R1, 16
23D7-10 90 20 00    1078 (   2/3)                 LDS     R1, 32
23D9-10 90 40 00    1079 (   2/3)                 LDS     R1, 64
23DB-10 90 80 00    1080 (   2/3)                 LDS     R1, 128
23DD-10 90 00 01    1081 (   2/3)                 LDS     R1, 256
23DF-10 90 00 02    1082 (   2/3)                 LDS     R1, 512
23E1-10 90 00 04    1083 (   2/3)                 LDS     R1, 1024
23E3-10 90 00 08    1084 (   2/3)                 LDS     R1, 2048
23E5-10 90 00 10    1085 (   2/3)                 LDS     R1, 4096
23E7-10 90 00 20    1086 (   2/3)                 LDS     R1, 8192
23E9-10 90 00 40    1087 (   2/3)                 LDS     R1, 16384
23EB-10 90 00 80    1088 (   2/3)                 LDS     R1, 32768
23ED-               1089
23ED-10 92 01 00    1090 (     2)                 STS     1, R1
23EF-20 92 01 00    1091 (     2)                 STS     1, R2
23F1-40 92 01 00    1092 (     2)                 STS     1, R4
23F3-80 92 01 00    1093 (     2)                 STS     1, R8
23F5-00 93 01 00    1094 (     2)                 STS     1, R16
23F7-10 92 02 00    1095 (     2)                 STS     2, R1
23F9-10 92 04 00    1096 (     2)                 STS     4, R1
23FB-10 92 08 00    1097 (     2)                 STS     8, R1
23FD-10 92 10 00    1098 (     2)                 STS     16, R1
23FF-10 92 20 00    1099 (     2)                 STS     32, R1
2401-10 92 40 00    1100 (     2)                 STS     64, R1
2403-10 92 80 00    1101 (     2)                 STS     128, R1
2405-10 92 00 01    1102 (     2)                 STS     256, R1
2407-10 92 00 02    1103 (     2)                 STS     512, R1
2409-10 92 00 04    1104 (     2)                 STS     1024, R1
240B-10 92 00 08    1105 (     2)                 STS     2048, R1
240D-10 92 00 10    1106 (     2)                 STS     4096, R1
240F-10 92 00 20    1107 (     2)                 STS     8192, R1
2411-10 92 00 40    1108 (     2)                 STS     16384, R1
2413-10 92 00 80    1109 (     2)                 STS     32768, R1
2415-               1110
2415-               1111          ;---------------------------------------------------------------------------
2415-               1112          ; (E)LPM instructions
2415-               1113          ;---------------------------------------------------------------------------
2415-               1114
2415-D8 95          1115 (     3)                 ELPM
2416-16 90          1116 (     3)                 ELPM    R1, Z
2417-26 90          1117 (     3)                 ELPM    R2, Z
2418-46 90          1118 (     3)                 ELPM    R4, Z
2419-86 90          1119 (     3)                 ELPM    R8, Z
241A-06 91          1120 (     3)                 ELPM    R16, Z
241B-17 90          1121 (     3)                 ELPM    R1, Z+
241C-27 90          1122 (     3)                 ELPM    R2, Z+
241D-47 90          1123 (     3)                 ELPM    R4, Z+
241E-87 90          1124 (     3)                 ELPM    R8, Z+
241F-07 91          1125 (     3)                 ELPM    R16, Z+
2420-               1126
2420-C8 95          1127 (     3)                 LPM
2421-14 90          1128 (     3)                 LPM     R1, Z
2422-24 90          1129 (     3)                 LPM     R2, Z
2423-44 90          1130 (     3)                 LPM     R4, Z
2424-84 90          1131 (     3)                 LPM     R8, Z
2425-04 91          1132 (     3)                 LPM     R16, Z
2426-15 90          1133 (     3)                 LPM     R1, Z+
2427-25 90          1134 (     3)                 LPM     R2, Z+
2428-45 90          1135 (     3)                 LPM     R4, Z+
2429-85 90          1136 (     3)                 LPM     R8, Z+
242A-05 91          1137 (     3)                 LPM     R16, Z+
242B-               1138
242B-               1139          ;---------------------------------------------------------------------------
242B-               1140          ; SPM instructions
242B-               1141          ;---------------------------------------------------------------------------
242B-               1142
242B-E8 95          1143 (     *)                 SPM                 Not supported by all devices
242C-E8 95          1144 (     *)                 SPM     z           Not supported by all devices
242D-F8 95          1145 (     *)                 SPM     z+
242E-               1146
242E-               1147          ;---------------------------------------------------------------------------
242E-               1148          ; I/O instructions
242E-               1149          ;---------------------------------------------------------------------------
242E-               1150
242E-11 B0          1151 (     1)                 IN      R1, 1
242F-21 B0          1152 (     1)                 IN      R2, 1
2430-41 B0          1153 (     1)                 IN      R4, 1
2431-81 B0          1154 (     1)                 IN      R8, 1
2432-01 B1          1155 (     1)                 IN      R16, 1
2433-12 B0          1156 (     1)                 IN      R1, 2
2434-14 B0          1157 (     1)                 IN      R1, 4
2435-18 B0          1158 (     1)                 IN      R1, 8
2436-10 B2          1159 (     1)                 IN      R1, 16
2437-10 B4          1160 (     1)                 IN      R1, 32
2438-               1161
2438-11 B8          1162 (     1)                 OUT     1, R1
2439-21 B8          1163 (     1)                 OUT     1, R2
243A-41 B8          1164 (     1)                 OUT     1, R4
243B-81 B8          1165 (     1)                 OUT     1, R8
243C-01 B9          1166 (     1)                 OUT     1, R16
243D-12 B8          1167 (     1)                 OUT     2, R1
243E-14 B8          1168 (     1)                 OUT     4, R1
243F-18 B8          1169 (     1)                 OUT     8, R1
2440-10 BA          1170 (     1)                 OUT     16, R1
2441-10 BC          1171 (     1)                 OUT     32, R1
2442-               1172
2442-               1173          ;---------------------------------------------------------------------------
2442-               1174          ; Bit clear and set instructions
2442-               1175          ;---------------------------------------------------------------------------
2442-               1176
2442-98 94          1177 (     1)                 BCLR    1
2443-A8 94          1178 (     1)                 BCLR    2
2444-C8 94          1179 (     1)                 BCLR    4
2445-               1180
2445-18 94          1181 (     1)                 BSET    1
2446-28 94          1182 (     1)                 BSET    2
2447-48 94          1183 (     1)                 BSET    4
2448-               1184
2448-               1185          ;---------------------------------------------------------------------------
2448-               1186          ; DES intruction
2448-               1187          ;---------------------------------------------------------------------------
2448-               1188
2448-0B 94          1189 (   1/2)                 DES     0
2449-1B 94          1190 (   1/2)                 DES     1
244A-2B 94          1191 (   1/2)                 DES     2
244B-4B 94          1192 (   1/2)                 DES     4
244C-8B 94          1193 (   1/2)                 DES     8
244D-FB 94          1194 (   1/2)                 DES     15
244E-               1195
244E-               1196          ;---------------------------------------------------------------------------
244E-               1197          ; Immediate addressing mode notation options
244E-               1198          ;---------------------------------------------------------------------------
244E-               1199
12345678-           1200          DATA            .EQ     $12345678
244E-               1201
244E-18 E7          1202 (     1)                 LDI     R17, DATA       Normal Atmel notation
244F-18 E7          1203 (     1)                 LDI     R17, #DATA      Has same effect as the line above
2450-16 E5          1204 (     1)                 LDI     R17, /DATA      Use 2nd byte of long word imm mode
2451-14 E3          1205 (     1)                 LDI     R17, =DATA      Use 3d byte of long word imm mode
2452-12 E1          1206 (     1)                 LDI     R17, \DATA      Use MSB of long word in imm mode
2453-               1207
2453-               1208
